<html>
<body>
<pre>
<h1>µVision Build Log</h1>
<h2>Tool Versions:</h2>
IDE-Version: ¶ÃVision V5.18.0.0
Copyright (C) 2016 ARM Ltd and ARM Germany GmbH. All rights reserved.
License Information: Lumia Microsoft, Microsoft, LIC=NQQCX-H3HD1-2LXCT-RXUEQ-QW6Z1-CR2PG
 
Tool Versions:
Toolchain:       MDK-ARM Standard  Version: 5.18
Toolchain Path:  D:\MySoftware\MDK\ARM\ARMCC\Bin
C Compiler:      Armcc.exe V5.06 update 1 (build 61)
Assembler:       Armasm.exe V5.06 update 1 (build 61)
Linker/Locator:  ArmLink.exe V5.06 update 1 (build 61)
Library Manager: ArmAr.exe V5.06 update 1 (build 61)
Hex Converter:   FromElf.exe V5.06 update 1 (build 61)
CPU DLL:         SARMCM3.DLL V5.18
Dialog DLL:      DCM.DLL V1.13.6.0
Target DLL:      Segger\JL2CM3.dll V2.99.2.0
Dialog DLL:      TCM.DLL V1.14.8.0
 
<h2>Project:</h2>
F:\MDK_STM32\2°¢STM32CubeMX\STM32F107VCT6\5°¢LCD\1°¢LCDœ‘ æ≤‚ ‘_“∆÷≤FromSTM32_V0.2\cube_prj\MDK-ARM\cube_prj.uvprojx
Project File Date:  04/08/2016

<h2>Output:</h2>
*** Using Compiler 'V5.06 update 1 (build 61)', folder: 'D:\MySoftware\MDK\ARM\ARMCC\Bin'
Build target 'cube_prj'
compiling lcd_ssd1289.c...
..\..\user_lib\lcd_ssd1289.c(540): warning:  #188-D: enumerated type mixed with another type
          HAL_GPIO_WritePin(GPIOx, (
PIO_PIN_0 << i), binary_value[i]);
..\..\user_lib\lcd_ssd1289.c: 1 warning, 0 errors
linking...
Program Size: Code=5498 RO-data=6482 RW-data=8 ZI-data=512  
FromELF: creating hex file...
"cube_prj\cube_prj.axf" - 0 Error(s), 1 Warning(s).

<h2>Software Packages used:</h2>

Package Vendor: ARM
                http://www.keil.com/pack/ARM.CMSIS.4.5.0.pack
                ARM::CMSIS:CORE:4.3.0
                CMSIS (Cortex Microcontroller Software Interface Standard)
   * Component: CORE Version: 4.3.0

<h2>Collection of Component include folders:</h2>
  F:\MDK_STM32\2°¢STM32CubeMX\STM32F107VCT6\5°¢LCD\1°¢LCDœ‘ æ≤‚ ‘_“∆÷≤FromSTM32_V0.2\cube_prj\MDK-ARM\RTE
  D:\MySoftware\MDK\ARM\PACK\ARM\CMSIS\4.5.0\CMSIS\Include
  D:\MySoftware\MDK\ARM\PACK\Keil\STM32F1xx_DFP\1.1.0\Device\Include

<h2>Collection of Component Files used:</h2>

   * Component: ARM::CMSIS:CORE:4.3.0
Build Time Elapsed:  00:00:01
</pre>
</body>
</html>
