<html>
<body>
<pre>
<h1>µVision Build Log</h1>
<h2>Tool Versions:</h2>
IDE-Version: ¦ÌVision V5.23.0.0
Copyright (C) 2017 ARM Ltd and ARM Germany GmbH. All rights reserved.
License Information: Lumia Microsoft, Microsoft, LIC=KRMFW-Q3UFD-Y64QX-H8FXG-TC5LU-4UJ4K
 
Tool Versions:
Toolchain:       MDK-ARM Plus  Version: 5.23
Toolchain Path:  C:\My Softwares\MDK_520\ARM\ARMCC\Bin
C Compiler:      Armcc.exe V5.06 update 4 (build 422)
Assembler:       Armasm.exe V5.06 update 4 (build 422)
Linker/Locator:  ArmLink.exe V5.06 update 4 (build 422)
Library Manager: ArmAr.exe V5.06 update 4 (build 422)
Hex Converter:   FromElf.exe V5.06 update 4 (build 422)
CPU DLL:         SARMCM3.DLL V5.23
Dialog DLL:      DCM.DLL V1.15.0.0
Target DLL:      Segger\JL2CM3.dll V2.99.2.0
Dialog DLL:      TCM.DLL V1.27.0.0
 
<h2>Project:</h2>
F:\MDK_STM32\2. STM32CubeMX\1. STM32F107VCT6\2.GUI_STemwin\1. LCD+STemwin»ù´¡\4. STemWinÏÔÊ¾ºº×Ö\cube_prj\MDK-ARM\cube_prj.uvprojx
Project File Date:  12/02/2016

<h2>Output:</h2>
*** Using Compiler 'V5.06 update 4 (build 422)', folder: 'C:\My Softwares\MDK_520\ARM\ARMCC\Bin'
Build target 'cube_prj'
compiling stm32f1xx_hal_tim_ex.c...
compiling stm32f1xx_hal_flash.c...
compiling stm32f1xx_hal_rcc.c...
compiling stm32f1xx_hal_gpio.c...
compiling stm32f1xx_hal_flash_ex.c...
compiling stm32f1xx_hal_rcc_ex.c...
compiling stm32f1xx_hal_tim.c...
compiling stm32f1xx_hal.c...
compiling stm32f1xx_hal_cortex.c...
compiling stm32f1xx_hal_pwr.c...
compiling stm32f1xx_hal_dma.c...
compiling stm32f1xx_hal_crc.c...
compiling delay.c...
assembling startup_stm32f107xc.s...
compiling system_stm32f1xx.c...
compiling lcd_ssd1289.c...
..\..\user_lib\lcd_ssd1289.c(540): warning:  #188-D: enumerated type mixed with another type
          HAL_GPIO_WritePin(GPIOx, (
PIO_PIN_0 << i), binary_value[i]);
..\..\user_lib\lcd_ssd1289.c: 1 warning, 0 errors
compiling gpio.c...
compiling stm32f1xx_it.c...
compiling stm32f1xx_hal_msp.c...
compiling GUIConf.c...
compiling main.c...
compiling crc.c...
compiling GUI_X.c...
compiling YaHei28.c...
compiling LCDConf_FlexColor_Template.c...
linking...
Program Size: Code=30608 RO-data=12056 RW-data=268 ZI-data=51020  
FromELF: creating hex file...
"cube_prj\cube_prj.axf" - 0 Error(s), 1 Warning(s).

<h2>Software Packages used:</h2>

Package Vendor: ARM
                http://www.keil.com/pack/ARM.CMSIS.5.0.1.pack
                ARM::CMSIS:CORE:5.0.1
                CMSIS (Cortex Microcontroller Software Interface Standard)
   * Component: CORE Version: 5.0.1

<h2>Collection of Component include folders:</h2>
  .\RTE\_cube_prj
  C:\My Softwares\MDK_520\ARM\PACK\ARM\CMSIS\5.0.1\CMSIS\Include
  C:\My Softwares\MDK_520\ARM\PACK\Keil\STM32F1xx_DFP\2.1.0\Device\Include

<h2>Collection of Component Files used:</h2>

   * Component: ARM::CMSIS:CORE:5.0.1
Build Time Elapsed:  00:00:15
</pre>
</body>
</html>
