<html>
<body>
<pre>
<h1>µVision Build Log</h1>
<h2>Tool Versions:</h2>
IDE-Version: ¦ÌVision V5.16a
Copyright (C) 2015 ARM Ltd and ARM Germany GmbH. All rights reserved.
License Information: Microsoft LTD, Soft, LIC=BUUGK-ZZ2A9-PZJWB-2LCB3-Q36T6-CRMQF
 
Tool Versions:
Toolchain:       MDK-ARM Standard  Version: 5.18
Toolchain Path:  C:\mySoftware\MDK\ARM\ARMCC\Bin
C Compiler:      Armcc.exe V5.06 update 1 (build 61)
Assembler:       Armasm.exe V5.06 update 1 (build 61)
Linker/Locator:  ArmLink.exe V5.06 update 1 (build 61)
Library Manager: ArmAr.exe V5.06 update 1 (build 61)
Hex Converter:   FromElf.exe V5.06 update 1 (build 61)
CPU DLL:         SARMCM3.DLL V5.18
Dialog DLL:      DCM.DLL V1.13.6.0
Target DLL:      Segger\JL2CM3.dll V2.99.2.0
Dialog DLL:      TCM.DLL V1.14.8.0
 
<h2>Project:</h2>
F:\MDK_STM32\2¡¢STM32CubeMX\STM32F107VCT6\7¡¢UART\3. usart1_DMA\cube_prj\MDK-ARM\cube_prj.uvprojx
Project File Date:  06/07/2016

<h2>Output:</h2>
*** Using Compiler 'V5.06 update 1 (build 61)', folder: 'C:\mySoftware\MDK\ARM\ARMCC\Bin'
Build target 'cube_prj'
compiling uart_dup.c...
..\..\user_lib\uart_dup.c(17): warning:  #177-D: variable "uart_tx_cmd" was declared but never referenced
  static uint8_t uart_tx_cmd = 0x01;
..\..\user_lib\uart_dup.c: 1 warning, 0 errors
linking...
Program Size: Code=33896 RO-data=12088 RW-data=272 ZI-data=51192  
FromELF: creating hex file...
"cube_prj\cube_prj.axf" - 0 Error(s), 1 Warning(s).

<h2>Software Packages used:</h2>

Package Vendor: ARM
                http://www.keil.com/pack/ARM.CMSIS.4.5.0.pack
                ARM::CMSIS:CORE:4.3.0
                CMSIS (Cortex Microcontroller Software Interface Standard)
   * Component: CORE Version: 4.3.0

<h2>Collection of Component include folders:</h2>
  F:\MDK_STM32\2¡¢STM32CubeMX\STM32F107VCT6\7¡¢UART\3. usart1_DMA\cube_prj\MDK-ARM\RTE
  C:\mySoftware\MDK\ARM\PACK\ARM\CMSIS\4.5.0\CMSIS\Include
  C:\mySoftware\MDK\ARM\PACK\Keil\STM32F1xx_DFP\1.1.0\Device\Include

<h2>Collection of Component Files used:</h2>

   * Component: ARM::CMSIS:CORE:4.3.0
Build Time Elapsed:  00:00:01
</pre>
</body>
</html>
