<html>
<body>
<pre>
<h1>µVision Build Log</h1>
<h2>Tool Versions:</h2>
IDE-Version: ¦ÌVision V5.18.0.0
Copyright (C) 2016 ARM Ltd and ARM Germany GmbH. All rights reserved.
License Information: Lumia Microsoft, Microsoft, LIC=NQQCX-H3HD1-2LXCT-RXUEQ-QW6Z1-CR2PG
 
Tool Versions:
Toolchain:       MDK-ARM Standard  Version: 5.18
Toolchain Path:  D:\MySoftware\MDK\ARM\ARMCC\Bin
C Compiler:      Armcc.exe V5.06 update 1 (build 61)
Assembler:       Armasm.exe V5.06 update 1 (build 61)
Linker/Locator:  ArmLink.exe V5.06 update 1 (build 61)
Library Manager: ArmAr.exe V5.06 update 1 (build 61)
Hex Converter:   FromElf.exe V5.06 update 1 (build 61)
CPU DLL:         SARMCM3.DLL V5.18
Dialog DLL:      DCM.DLL V1.13.6.0
Target DLL:      Segger\JL2CM3.dll V2.99.2.0
Dialog DLL:      TCM.DLL V1.14.8.0
 
<h2>Project:</h2>
F:\MDK_STM32\2. STM32CubeMX\1. STM32F107VCT6\9. SPI--ing\1. SPI_AD7705\cube_prj\MDK-ARM\cube_prj.uvprojx
Project File Date:  07/12/2016

<h2>Output:</h2>
*** Using Compiler 'V5.06 update 1 (build 61)', folder: 'D:\MySoftware\MDK\ARM\ARMCC\Bin'
Build target 'cube_prj'
compiling ad7705.c...
..\..\user_lib\ad7705.c(157): warning:  #1-D: last line of file ends without a newline
   */
..\..\user_lib\ad7705.c(95): warning:  #177-D: function "AD7705_write_reg" was declared but never referenced
  static void AD7705_write_reg(uint8_t reg_addr, uint32_t vlaue);
..\..\user_lib\ad7705.c(96): warning:  #177-D: function "AD7705_read_reg" was declared but never referenced
  static void AD7705_read_reg(uint8_t reg_addr);
..\..\user_lib\ad7705.c(97): warning:  #177-D: function "AD7705_wait_DRDY" was declared but never referenced
  static void AD7705_wait_DRDY(void);
..\..\user_lib\ad7705.c(98): warning:  #177-D: function "AD7705_read_3byte" was declared but never referenced
  static void AD7705_read_3byte(void);
..\..\user_lib\ad7705.c(99): warning:  #177-D: function "AD7705_read_2byte" was declared but never referenced
  static void AD7705_read_2byte(void);
..\..\user_lib\ad7705.c(100): warning:  #177-D: function "AD7705_read_1byte" was declared but never referenced
  static void AD7705_read_1byte(void);
..\..\user_lib\ad7705.c(101): warning:  #177-D: function "AD7705_write_3byte" was declared but never referenced
  static void AD7705_write_3byte(void);
..\..\user_lib\ad7705.c(102): warning:  #177-D: function "AD7705_write_1byte" was declared but never referenced
  static void AD7705_write_1byte(void);
..\..\user_lib\ad7705.c(103): warning:  #177-D: function "AD7705_send_8bit" was declared but never referenced
  static void AD7705_send_8bit(uint8_t data);
..\..\user_lib\ad7705.c(104): warning:  #177-D: function "AD7705_recv_8bit" was declared but never referenced
  static void AD7705_recv_8bit(void);
..\..\user_lib\ad7705.c(105): warning:  #177-D: function "AD7705_sync_spi" was declared but never referenced
  static void AD7705_sync_spi(void);
..\..\user_lib\ad7705.c(106): warning:  #177-D: function "AD7705_hard_reset" was declared but never referenced
  static void AD7705_hard_reset(void);
..\..\user_lib\ad7705.c: 13 warnings, 0 errors
linking...
Program Size: Code=28764 RO-data=3532 RW-data=252 ZI-data=51020  
FromELF: creating hex file...
"cube_prj\cube_prj.axf" - 0 Error(s), 13 Warning(s).

<h2>Software Packages used:</h2>

Package Vendor: ARM
                http://www.keil.com/pack/ARM.CMSIS.4.5.0.pack
                ARM::CMSIS:CORE:4.3.0
                CMSIS (Cortex Microcontroller Software Interface Standard)
   * Component: CORE Version: 4.3.0

<h2>Collection of Component include folders:</h2>
  F:\MDK_STM32\2. STM32CubeMX\1. STM32F107VCT6\9. SPI--ing\1. SPI_AD7705\cube_prj\MDK-ARM\RTE
  D:\MySoftware\MDK\ARM\PACK\ARM\CMSIS\4.5.0\CMSIS\Include
  D:\MySoftware\MDK\ARM\PACK\Keil\STM32F1xx_DFP\1.1.0\Device\Include

<h2>Collection of Component Files used:</h2>

   * Component: ARM::CMSIS:CORE:4.3.0
Build Time Elapsed:  00:00:03
</pre>
</body>
</html>
