<html>
<body>
<pre>
<h1>µVision Build Log</h1>
<h2>Tool Versions:</h2>
IDE-Version: ¦ÌVision V5.18.0.0
Copyright (C) 2016 ARM Ltd and ARM Germany GmbH. All rights reserved.
License Information: Lumia Microsoft, Microsoft, LIC=NQQCX-H3HD1-2LXCT-RXUEQ-QW6Z1-CR2PG
 
Tool Versions:
Toolchain:       MDK-ARM Standard  Version: 5.18
Toolchain Path:  D:\MySoftware\MDK\ARM\ARMCC\Bin
C Compiler:      Armcc.exe V5.06 update 1 (build 61)
Assembler:       Armasm.exe V5.06 update 1 (build 61)
Linker/Locator:  ArmLink.exe V5.06 update 1 (build 61)
Library Manager: ArmAr.exe V5.06 update 1 (build 61)
Hex Converter:   FromElf.exe V5.06 update 1 (build 61)
CPU DLL:         SARMCM3.DLL V5.18
Dialog DLL:      DCM.DLL V1.13.6.0
Target DLL:      Segger\JL2CM3.dll V2.99.2.0
Dialog DLL:      TCM.DLL V1.14.8.0
 
<h2>Project:</h2>
F:\MDK_STM32\2¡¢STM32CubeMX\STM32F107VCT6\9. LCD+STemwin½ø½×\1. STemWin_Demo\cube_prj\MDK-ARM\cube_prj.uvprojx
Project File Date:  06/09/2016

<h2>Output:</h2>
*** Using Compiler 'V5.06 update 1 (build 61)', folder: 'D:\MySoftware\MDK\ARM\ARMCC\Bin'
Build target 'cube_prj'
compiling stm32f1xx_hal_flash.c...
compiling stm32f1xx_hal_tim_ex.c...
compiling stm32f1xx_hal_rcc.c...
compiling stm32f1xx_hal_flash_ex.c...
compiling stm32f1xx_hal_gpio.c...
compiling stm32f1xx_hal_rcc_ex.c...
compiling stm32f1xx_hal_cortex.c...
compiling stm32f1xx_hal.c...
compiling stm32f1xx_hal_tim.c...
compiling stm32f1xx_hal_pwr.c...
compiling stm32f1xx_hal_crc.c...
compiling stm32f1xx_hal_dma.c...
compiling delay.c...
compiling led.c...
assembling startup_stm32f107xc.s...
compiling lcd_ssd1289.c...
..\..\user_lib\lcd_ssd1289.c(540): warning:  #188-D: enumerated type mixed with another type
          HAL_GPIO_WritePin(GPIOx, (
PIO_PIN_0 << i), binary_value[i]);
..\..\user_lib\lcd_ssd1289.c: 1 warning, 0 errors
compiling system_stm32f1xx.c...
compiling gpio.c...
compiling stm32f1xx_it.c...
compiling stm32f1xx_hal_msp.c...
compiling main.c...
compiling crc.c...
compiling GUIConf.c...
compiling GUI_X.c...
compiling tim.c...
compiling GUIDEMO.c...
compiling LCDConf_FlexColor_Template.c...
compiling GUIDEMO_AntialiasedText.c...
compiling GUIDEMO_BarGraph.c...
compiling GUIDEMO_Automotive.c...
compiling GUIDEMO_Bitmap.c...
compiling GUIDEMO_Conf.c...
compiling GUIDEMO_ColorBar.c...
compiling GUIDEMO_Cursor.c...
compiling GUIDEMO_Fading.c...
compiling GUIDEMO_IconView.c...
compiling GUIDEMO_Graph.c...
compiling GUIDEMO_Intro.c...
compiling GUIDEMO_ImageFlow.c...
compiling GUIDEMO_Listview.c...
compiling GUIDEMO_RadialMenu.c...
compiling GUIDEMO_Skinning.c...
compiling GUIDEMO_Speed.c...
compiling GUIDEMO_Resource.c...
compiling GUIDEMO_Speedometer.c...
compiling GUIDEMO_Start.c...
compiling GUIDEMO_TransparentDialog.c...
compiling GUIDEMO_VScreen.c...
compiling GUIDEMO_Treeview.c...
compiling GUIDEMO_WashingMachine.c...
compiling readme.c...
compiling GUIDEMO_ZoomAndRotate.c...
linking...
Program Size: Code=109878 RO-data=116198 RW-data=2668 ZI-data=54188  
FromELF: creating hex file...
"cube_prj\cube_prj.axf" - 0 Error(s), 1 Warning(s).

<h2>Software Packages used:</h2>

Package Vendor: ARM
                http://www.keil.com/pack/ARM.CMSIS.4.5.0.pack
                ARM::CMSIS:CORE:4.3.0
                CMSIS (Cortex Microcontroller Software Interface Standard)
   * Component: CORE Version: 4.3.0

<h2>Collection of Component include folders:</h2>
  F:\MDK_STM32\2¡¢STM32CubeMX\STM32F107VCT6\9. LCD+STemwin½ø½×\1. STemWin_Demo\cube_prj\MDK-ARM\RTE
  D:\MySoftware\MDK\ARM\PACK\ARM\CMSIS\4.5.0\CMSIS\Include
  D:\MySoftware\MDK\ARM\PACK\Keil\STM32F1xx_DFP\1.1.0\Device\Include

<h2>Collection of Component Files used:</h2>

   * Component: ARM::CMSIS:CORE:4.3.0
Build Time Elapsed:  00:00:25
</pre>
</body>
</html>
