<html>
<body>
<pre>
<h1>µVision Build Log</h1>
<h2>Tool Versions:</h2>
IDE-Version: ¦ÌVision V5.22.0.0
Copyright (C) 2016 ARM Ltd and ARM Germany GmbH. All rights reserved.
License Information: Lumia Microsoft, Microsoft, LIC=KRMFW-Q3UFD-Y64QX-H8FXG-TC5LU-4UJ4K
 
Tool Versions:
Toolchain:       MDK-ARM Plus  Version: 5.22
Toolchain Path:  C:\My Softwares\MDK_520\ARM\ARMCC\Bin
C Compiler:      Armcc.exe V5.06 update 4 (build 422)
Assembler:       Armasm.exe V5.06 update 4 (build 422)
Linker/Locator:  ArmLink.exe V5.06 update 4 (build 422)
Library Manager: ArmAr.exe V5.06 update 4 (build 422)
Hex Converter:   FromElf.exe V5.06 update 4 (build 422)
CPU DLL:         SARMCM3.DLL V5.22
Dialog DLL:      DCM.DLL V1.13.9.0
Target DLL:      Segger\JL2CM3.dll V2.99.23.0
Dialog DLL:      TCM.DLL V1.21.0.0
 
<h2>Project:</h2>
F:\MDK_STM32\2. STM32CubeMX\1. STM32F107VCT6\1.Bare\5. SPI\2. SPI_W25X16\1. SPI_W25X16_Polling\cube_prj\MDK-ARM\cube_prj.uvprojx
Project File Date:  01/10/2017

<h2>Output:</h2>
*** Using Compiler 'V5.06 update 4 (build 422)', folder: 'C:\My Softwares\MDK_520\ARM\ARMCC\Bin'
Build target 'cube_prj'
compiling w25x16_cfg.c...
..\..\Drivers\user_drivers\w25x16_cfg.c(450): warning:  #177-D: function "w25x16_read_id"  was declared but never referenced
  static struct W25X16_ID w25x16_read_id(uint8_t id_select)
..\..\Drivers\user_drivers\w25x16_cfg.c: 1 warning, 0 errors
linking...
Program Size: Code=8306 RO-data=386 RW-data=24 ZI-data=664  
FromELF: creating hex file...
"cube_prj\cube_prj.axf" - 0 Error(s), 1 Warning(s).

<h2>Software Packages used:</h2>

Package Vendor: ARM
                http://www.keil.com/pack/ARM.CMSIS.5.0.0.pack
                ARM::CMSIS:CORE:5.0.0
                CMSIS (Cortex Microcontroller Software Interface Standard)
   * Component: CORE Version: 5.0.0

<h2>Collection of Component include folders:</h2>
  F:\MDK_STM32\2. STM32CubeMX\1. STM32F107VCT6\1.Bare\5. SPI\2. SPI_W25X16\1. SPI_W25X16_Polling\cube_prj\MDK-ARM\RTE\_cube_prj
  C:\My Softwares\MDK_520\ARM\PACK\ARM\CMSIS\5.0.0\CMSIS\Include
  C:\My Softwares\MDK_520\ARM\PACK\Keil\STM32F1xx_DFP\2.1.0\Device\Include

<h2>Collection of Component Files used:</h2>

   * Component: ARM::CMSIS:CORE:5.0.0
Build Time Elapsed:  00:00:01
</pre>
</body>
</html>
