Component: ARM Compiler 5.06 update 2 (build 183) Tool: armlink [4d35b7]

==============================================================================

Section Cross References

    stm32f1xx_hal_flash.o(i.FLASH_Program_HalfWord) refers to stm32f1xx_hal_flash.o(.bss) for .bss
    stm32f1xx_hal_flash.o(i.FLASH_SetErrorCode) refers to stm32f1xx_hal_flash.o(.bss) for .bss
    stm32f1xx_hal_flash.o(i.FLASH_WaitForLastOperation) refers to stm32f1xx_hal.o(i.HAL_GetTick) for HAL_GetTick
    stm32f1xx_hal_flash.o(i.FLASH_WaitForLastOperation) refers to stm32f1xx_hal_flash.o(i.FLASH_SetErrorCode) for FLASH_SetErrorCode
    stm32f1xx_hal_flash.o(i.HAL_FLASH_GetError) refers to stm32f1xx_hal_flash.o(.bss) for .bss
    stm32f1xx_hal_flash.o(i.HAL_FLASH_IRQHandler) refers to stm32f1xx_hal_flash.o(i.FLASH_SetErrorCode) for FLASH_SetErrorCode
    stm32f1xx_hal_flash.o(i.HAL_FLASH_IRQHandler) refers to stm32f1xx_hal_flash.o(i.HAL_FLASH_OperationErrorCallback) for HAL_FLASH_OperationErrorCallback
    stm32f1xx_hal_flash.o(i.HAL_FLASH_IRQHandler) refers to stm32f1xx_hal_flash.o(i.FLASH_Program_HalfWord) for FLASH_Program_HalfWord
    stm32f1xx_hal_flash.o(i.HAL_FLASH_IRQHandler) refers to stm32f1xx_hal_flash.o(i.HAL_FLASH_EndOfOperationCallback) for HAL_FLASH_EndOfOperationCallback
    stm32f1xx_hal_flash.o(i.HAL_FLASH_IRQHandler) refers to stm32f1xx_hal_flash_ex.o(i.FLASH_PageErase) for FLASH_PageErase
    stm32f1xx_hal_flash.o(i.HAL_FLASH_IRQHandler) refers to stm32f1xx_hal_flash.o(.bss) for .bss
    stm32f1xx_hal_flash.o(i.HAL_FLASH_OB_Launch) refers to stm32f1xx_hal_cortex.o(i.HAL_NVIC_SystemReset) for HAL_NVIC_SystemReset
    stm32f1xx_hal_flash.o(i.HAL_FLASH_Program) refers to stm32f1xx_hal_flash.o(i.FLASH_WaitForLastOperation) for FLASH_WaitForLastOperation
    stm32f1xx_hal_flash.o(i.HAL_FLASH_Program) refers to llushr.o(.text) for __aeabi_llsr
    stm32f1xx_hal_flash.o(i.HAL_FLASH_Program) refers to stm32f1xx_hal_flash.o(i.FLASH_Program_HalfWord) for FLASH_Program_HalfWord
    stm32f1xx_hal_flash.o(i.HAL_FLASH_Program) refers to stm32f1xx_hal_flash.o(.bss) for .bss
    stm32f1xx_hal_flash.o(i.HAL_FLASH_Program_IT) refers to stm32f1xx_hal_flash.o(i.FLASH_Program_HalfWord) for FLASH_Program_HalfWord
    stm32f1xx_hal_flash.o(i.HAL_FLASH_Program_IT) refers to stm32f1xx_hal_flash.o(.bss) for .bss
    stm32f1xx_hal_rcc.o(i.HAL_RCC_ClockConfig) refers to stm32f1xx_hal.o(i.HAL_GetTick) for HAL_GetTick
    stm32f1xx_hal_rcc.o(i.HAL_RCC_ClockConfig) refers to stm32f1xx_hal.o(i.HAL_InitTick) for HAL_InitTick
    stm32f1xx_hal_rcc.o(i.HAL_RCC_GetHCLKFreq) refers to stm32f1xx_hal_rcc.o(i.HAL_RCC_GetSysClockFreq) for HAL_RCC_GetSysClockFreq
    stm32f1xx_hal_rcc.o(i.HAL_RCC_GetHCLKFreq) refers to stm32f1xx_hal_rcc.o(.constdata) for .constdata
    stm32f1xx_hal_rcc.o(i.HAL_RCC_GetHCLKFreq) refers to system_stm32f1xx_1.o(.data) for SystemCoreClock
    stm32f1xx_hal_rcc.o(i.HAL_RCC_GetPCLK1Freq) refers to stm32f1xx_hal_rcc.o(i.HAL_RCC_GetHCLKFreq) for HAL_RCC_GetHCLKFreq
    stm32f1xx_hal_rcc.o(i.HAL_RCC_GetPCLK1Freq) refers to stm32f1xx_hal_rcc.o(.constdata) for .constdata
    stm32f1xx_hal_rcc.o(i.HAL_RCC_GetPCLK2Freq) refers to stm32f1xx_hal_rcc.o(i.HAL_RCC_GetHCLKFreq) for HAL_RCC_GetHCLKFreq
    stm32f1xx_hal_rcc.o(i.HAL_RCC_GetPCLK2Freq) refers to stm32f1xx_hal_rcc.o(.constdata) for .constdata
    stm32f1xx_hal_rcc.o(i.HAL_RCC_MCOConfig) refers to stm32f1xx_hal_gpio.o(i.HAL_GPIO_Init) for HAL_GPIO_Init
    stm32f1xx_hal_rcc.o(i.HAL_RCC_NMI_IRQHandler) refers to stm32f1xx_hal_rcc.o(i.HAL_RCC_CSSCallback) for HAL_RCC_CSSCallback
    stm32f1xx_hal_rcc.o(i.HAL_RCC_OscConfig) refers to stm32f1xx_hal.o(i.HAL_GetTick) for HAL_GetTick
    stm32f1xx_hal_rcc.o(i.HAL_RCC_OscConfig) refers to stm32f1xx_hal.o(i.HAL_Delay) for HAL_Delay
    stm32f1xx_hal_flash_ex.o(i.FLASH_MassErase) refers to stm32f1xx_hal_flash.o(.bss) for pFlash
    stm32f1xx_hal_flash_ex.o(i.FLASH_OB_DisableWRP) refers to stm32f1xx_hal_flash.o(i.FLASH_WaitForLastOperation) for FLASH_WaitForLastOperation
    stm32f1xx_hal_flash_ex.o(i.FLASH_OB_DisableWRP) refers to stm32f1xx_hal_flash_ex.o(i.HAL_FLASHEx_OBErase) for HAL_FLASHEx_OBErase
    stm32f1xx_hal_flash_ex.o(i.FLASH_OB_DisableWRP) refers to stm32f1xx_hal_flash.o(.bss) for pFlash
    stm32f1xx_hal_flash_ex.o(i.FLASH_OB_EnableWRP) refers to stm32f1xx_hal_flash.o(i.FLASH_WaitForLastOperation) for FLASH_WaitForLastOperation
    stm32f1xx_hal_flash_ex.o(i.FLASH_OB_EnableWRP) refers to stm32f1xx_hal_flash_ex.o(i.HAL_FLASHEx_OBErase) for HAL_FLASHEx_OBErase
    stm32f1xx_hal_flash_ex.o(i.FLASH_OB_EnableWRP) refers to stm32f1xx_hal_flash.o(.bss) for pFlash
    stm32f1xx_hal_flash_ex.o(i.FLASH_OB_RDP_LevelConfig) refers to stm32f1xx_hal_flash.o(i.FLASH_WaitForLastOperation) for FLASH_WaitForLastOperation
    stm32f1xx_hal_flash_ex.o(i.FLASH_OB_RDP_LevelConfig) refers to stm32f1xx_hal_flash.o(.bss) for pFlash
    stm32f1xx_hal_flash_ex.o(i.FLASH_PageErase) refers to stm32f1xx_hal_flash.o(.bss) for pFlash
[...]
    GUI_UC__GetCharCodeInc                   0x08001789   Thumb Code    38  gui_uc.o(i.GUI_UC__GetCharCodeInc)
    GUI_UC__NumChars2NumBytes                0x080017b5   Thumb Code    36  gui_uc.o(i.GUI_UC__NumChars2NumBytes)
    GUI_USAGE_AddRect                        0x080017dd   Thumb Code    40  guidev_usage.o(i.GUI_USAGE_AddRect)
    GUI_USAGE_DecUseCnt                      0x08001805   Thumb Code    36  guidev_usage.o(i.GUI_USAGE_DecUseCnt)
    GUI_X_Config                             0x08001829   Thumb Code    22  guiconf.o(i.GUI_X_Config)
    GUI_X_ExecIdle                           0x08001849   Thumb Code     2  gui_x.o(i.GUI_X_ExecIdle)
    GUI_X_Init                               0x0800184b   Thumb Code     2  gui_x.o(i.GUI_X_Init)
    GUI__CompactPixelIndices                 0x0800184d   Thumb Code   296  gui__compactpixelindices.o(i.GUI__CompactPixelIndices)
    GUI__Config                              0x08001975   Thumb Code    42  gui_core.o(i.GUI__Config)
    GUI__DispLine                            0x080019a9   Thumb Code   166  gui_charline.o(i.GUI__DispLine)
    GUI__GetLineDistX                        0x08001a59   Thumb Code    74  gui_charline.o(i.GUI__GetLineDistX)
    GUI__GetLineNumChars                     0x08001aad   Thumb Code    52  gui_charline.o(i.GUI__GetLineNumChars)
    GUI__GetOverlap                          0x08001ae5   Thumb Code    24  gui_charline.o(i.GUI__GetOverlap)
    GUI__IntersectRect                       0x08001afd   Thumb Code    58  gui__intersectrect.o(i.GUI__IntersectRect)
    GUI__IntersectRects                      0x08001b37   Thumb Code    82  gui__intersectrects.o(i.GUI__IntersectRects)
    GUI__ManageCache                         0x08001b89   Thumb Code    12  gui__managecache.o(i.GUI__ManageCache)
    GUI__ManageCacheEx                       0x08001b99   Thumb Code   168  gui__managecache.o(i.GUI__ManageCacheEx)
    GUI__RegisterExit                        0x08001c45   Thumb Code    10  gui_core.o(i.GUI__RegisterExit)
    GUI__memset                              0x08001c55   Thumb Code    76  gui__memset.o(i.GUI__memset)
    GUI__memset16                            0x08001ca1   Thumb Code    58  gui__memset16.o(i.GUI__memset16)
    HAL_ADCEx_Calibration_Start              0x08001cdd   Thumb Code   194  stm32f1xx_hal_adc_ex.o(i.HAL_ADCEx_Calibration_Start)
    HAL_ADC_ConfigChannel                    0x08001da5   Thumb Code   346  stm32f1xx_hal_adc.o(i.HAL_ADC_ConfigChannel)
    HAL_ADC_GetValue                         0x08001f0d   Thumb Code     6  stm32f1xx_hal_adc.o(i.HAL_ADC_GetValue)
    HAL_ADC_Init                             0x08001f15   Thumb Code   300  stm32f1xx_hal_adc.o(i.HAL_ADC_Init)
    HAL_ADC_MspInit                          0x08002049   Thumb Code    64  adc.o(i.HAL_ADC_MspInit)
    HAL_ADC_Start                            0x08002099   Thumb Code   184  stm32f1xx_hal_adc.o(i.HAL_ADC_Start)
    HAL_CRC_Init                             0x08002159   Thumb Code    34  stm32f1xx_hal_crc.o(i.HAL_CRC_Init)
    HAL_CRC_MspInit                          0x0800217d   Thumb Code    30  crc.o(i.HAL_CRC_MspInit)
    HAL_Delay                                0x080021a5   Thumb Code    22  stm32f1xx_hal.o(i.HAL_Delay)
    HAL_GPIO_Init                            0x080021bd   Thumb Code   408  stm32f1xx_hal_gpio.o(i.HAL_GPIO_Init)
    HAL_GPIO_WritePin                        0x08002379   Thumb Code    10  stm32f1xx_hal_gpio.o(i.HAL_GPIO_WritePin)
    HAL_GetTick                              0x08002385   Thumb Code     6  stm32f1xx_hal.o(i.HAL_GetTick)
    HAL_IncTick                              0x08002391   Thumb Code    10  stm32f1xx_hal.o(i.HAL_IncTick)
    HAL_Init                                 0x080023a1   Thumb Code    32  stm32f1xx_hal.o(i.HAL_Init)
    HAL_InitTick                             0x080023c5   Thumb Code    34  stm32f1xx_hal.o(i.HAL_InitTick)
    HAL_MspInit                              0x080023e9   Thumb Code    98  stm32f1xx_hal_msp.o(i.HAL_MspInit)
    HAL_NVIC_SetPriority                     0x08002455   Thumb Code    60  stm32f1xx_hal_cortex.o(i.HAL_NVIC_SetPriority)
    HAL_NVIC_SetPriorityGrouping             0x08002495   Thumb Code    26  stm32f1xx_hal_cortex.o(i.HAL_NVIC_SetPriorityGrouping)
    HAL_RCCEx_GetPeriphCLKFreq               0x080024b9   Thumb Code   432  stm32f1xx_hal_rcc_ex.o(i.HAL_RCCEx_GetPeriphCLKFreq)
    HAL_RCCEx_PeriphCLKConfig                0x08002695   Thumb Code   494  stm32f1xx_hal_rcc_ex.o(i.HAL_RCCEx_PeriphCLKConfig)
    HAL_RCC_ClockConfig                      0x08002891   Thumb Code   638  stm32f1xx_hal_rcc.o(i.HAL_RCC_ClockConfig)
    HAL_RCC_GetHCLKFreq                      0x08002b19   Thumb Code    38  stm32f1xx_hal_rcc.o(i.HAL_RCC_GetHCLKFreq)
    HAL_RCC_GetPCLK2Freq                     0x08002b4d   Thumb Code    36  stm32f1xx_hal_rcc.o(i.HAL_RCC_GetPCLK2Freq)
    HAL_RCC_GetSysClockFreq                  0x08002b79   Thumb Code   184  stm32f1xx_hal_rcc.o(i.HAL_RCC_GetSysClockFreq)
    HAL_RCC_OscConfig                        0x08002c5d   Thumb Code  1946  stm32f1xx_hal_rcc.o(i.HAL_RCC_OscConfig)
    HAL_SYSTICK_CLKSourceConfig              0x080033f7   Thumb Code    24  stm32f1xx_hal_cortex.o(i.HAL_SYSTICK_CLKSourceConfig)
    HAL_SYSTICK_Callback                     0x0800340f   Thumb Code     2  stm32f1xx_hal_cortex.o(i.HAL_SYSTICK_Callback)
    HAL_SYSTICK_Config                       0x08003411   Thumb Code    40  stm32f1xx_hal_cortex.o(i.HAL_SYSTICK_Config)
    HAL_SYSTICK_IRQHandler                   0x08003439   Thumb Code     8  stm32f1xx_hal_cortex.o(i.HAL_SYSTICK_IRQHandler)
    LCD_Color2Index                          0x08003441   Thumb Code    18  lcd.o(i.LCD_Color2Index)
    LCD_DrawBitmap                           0x0800345d   Thumb Code   508  lcd.o(i.LCD_DrawBitmap)
    LCD_DrawHLine                            0x08003665   Thumb Code    78  lcd.o(i.LCD_DrawHLine)
    LCD_DrawPixel                            0x080036bd   Thumb Code    96  lcd.o(i.LCD_DrawPixel)
    LCD_FillRect                             0x08003725   Thumb Code    80  lcd.o(i.LCD_FillRect)
    LCD_GetBitsPerPixelEx                    0x0800377d   Thumb Code     6  lcd_getex.o(i.LCD_GetBitsPerPixelEx)
    LCD_GetBkColorIndex                      0x08003785   Thumb Code    10  lcd_getcolorindex.o(i.LCD_GetBkColorIndex)
    LCD_GetColorIndex                        0x08003795   Thumb Code    10  lcd_getcolorindex.o(i.LCD_GetColorIndex)
    LCD_GetNumColors                         0x080037a5   Thumb Code    12  lcd_getex.o(i.LCD_GetNumColors)
    LCD_GetNumColorsEx                       0x080037b5   Thumb Code     6  lcd_getex.o(i.LCD_GetNumColorsEx)
    LCD_GetNumLayers                         0x080037bb   Thumb Code    26  lcd_getnumdisplays.o(i.LCD_GetNumLayers)
    LCD_GetPalette                           0x080037d5   Thumb Code    10  lcd_getex.o(i.LCD_GetPalette)
    LCD_GetPaletteEx                         0x080037e5   Thumb Code    24  lcd_getex.o(i.LCD_GetPaletteEx)
    LCD_GetpPalConvTableBM                   0x080037fd   Thumb Code     4  lcd_color.o(i.LCD_GetpPalConvTableBM)
    LCD_GetpPalConvTableUncached             0x08003801   Thumb Code    68  lcd_color.o(i.LCD_GetpPalConvTableUncached)
    LCD_Index2Color                          0x08003849   Thumb Code    18  lcd.o(i.LCD_Index2Color)
    LCD_Index2Color_M565                     0x08003865   Thumb Code    34  guicc_m565_index2color.o(i.LCD_Index2Color_M565)
    LCD_InitColors                           0x08003891   Thumb Code    42  lcd_color.o(i.LCD_InitColors)
    LCD_InitLUT                              0x080038c5   Thumb Code   104  lcd_color.o(i.LCD_InitLUT)
    LCD_SelectLCD                            0x08003935   Thumb Code    58  lcd_selectlcd.o(i.LCD_SelectLCD)
    LCD_SetBkColor                           0x08003979   Thumb Code     8  lcd.o(i.LCD_SetBkColor)
    LCD_SetBkColorIndex                      0x08003985   Thumb Code    20  lcd.o(i.LCD_SetBkColorIndex)
    LCD_SetClipRectEx                        0x0800399d   Thumb Code    38  lcd_setcliprectex.o(i.LCD_SetClipRectEx)
    LCD_SetClipRectMax                       0x080039cd   Thumb Code    20  lcd.o(i.LCD_SetClipRectMax)
    LCD_SetColor                             0x080039e9   Thumb Code     8  lcd.o(i.LCD_SetColor)
    LCD_SetColorIndex                        0x080039f5   Thumb Code    20  lcd.o(i.LCD_SetColorIndex)
    LCD_SetDrawMode                          0x08003a0d   Thumb Code     8  lcd.o(i.LCD_SetDrawMode)
    LCD_SetLUTEntryEx                        0x08003a19   Thumb Code    44  lcd_set.o(i.LCD_SetLUTEntryEx)
    LCD_SetSizeEx                            0x08003a45   Thumb Code    44  lcd_set.o(i.LCD_SetSizeEx)
    LCD_SetVSizeEx                           0x08003a71   Thumb Code    44  lcd_set.o(i.LCD_SetVSizeEx)
    LCD_UpdateColorIndices                   0x08003a9d   Thumb Code    32  lcd_updatecolorindices.o(i.LCD_UpdateColorIndices)
    LCD_X_Config                             0x08003ac1   Thumb Code   102  lcdconf_flexcolor_template.o(i.LCD_X_Config)
    LCD_X_DisplayDriver                      0x08003b49   Thumb Code    20  lcdconf_flexcolor_template.o(i.LCD_X_DisplayDriver)
    LCD__DrawBitmap_1bpp                     0x08003b5d   Thumb Code   424  lcd.o(i.LCD__DrawBitmap_1bpp)
    LCD__GetBPP                              0x08003d11   Thumb Code    92  lcd_getex.o(i.LCD__GetBPP)
    LCD__GetBPPDevice                        0x08003d6d   Thumb Code    50  lcd_getex.o(i.LCD__GetBPPDevice)
    MX_ADC2_Init                             0x08003dd5   Thumb Code    52  adc.o(i.MX_ADC2_Init)
    MX_CRC_Init                              0x08003e11   Thumb Code    12  crc.o(i.MX_CRC_Init)
    MX_GPIO_Init                             0x08003e25   Thumb Code   174  gpio.o(i.MX_GPIO_Init)
    SysTick_Handler                          0x08003f05   Thumb Code    14  stm32f1xx_it.o(i.SysTick_Handler)
    SystemClock_Config                       0x08003f15   Thumb Code   136  main.o(i.SystemClock_Config)
    SystemInit                               0x08003fa1   Thumb Code    68  system_stm32f1xx_1.o(i.SystemInit)
    WM_Activate                              0x08003ff5   Thumb Code    12  wm.o(i.WM_Activate)
    WM_BringToBottom                         0x08004005   Thumb Code   126  wm_bringtobottom.o(i.WM_BringToBottom)
    WM_CreateWindowAsChild                   0x08004085   Thumb Code   318  wm.o(i.WM_CreateWindowAsChild)
    WM_DefaultProc                           0x080041d1   Thumb Code    70  wm.o(i.WM_DefaultProc)
    WM_GetDesktopWindow                      0x08004219   Thumb Code    14  wm_getdesktopwindow.o(i.WM_GetDesktopWindow)
    WM_GetFirstChild                         0x08004231   Thumb Code    14  wm_getfirstchild.o(i.WM_GetFirstChild)
    WM_GetParent                             0x0800423f   Thumb Code    14  wm_getparent.o(i.WM_GetParent)
    WM_Init                                  0x0800424d   Thumb Code   184  wm.o(i.WM_Init)
    WM_InvalidateRect                        0x08004321   Thumb Code   118  wm.o(i.WM_InvalidateRect)
    WM_InvalidateWindow                      0x08004397   Thumb Code     6  wm.o(i.WM_InvalidateWindow)
    WM_InvalidateWindowAndDescsEx            0x0800439d   Thumb Code    94  wm.o(i.WM_InvalidateWindowAndDescsEx)
    WM_SelectWindow                          0x080043fd   Thumb Code    52  wm.o(i.WM_SelectWindow)
    WM_SendToParent                          0x08004439   Thumb Code    30  wm_sendtoparent.o(i.WM_SendToParent)
    WM__ActivateClipRect                     0x08004459   Thumb Code    58  wm.o(i.WM__ActivateClipRect)
    WM__AddCriticalHandle                    0x080044a1   Thumb Code    10  wm_criticalhandle.o(i.WM__AddCriticalHandle)
    WM__Client2Screen                        0x080044b1   Thumb Code    16  wm.o(i.WM__Client2Screen)
    WM__ClipAtParentBorders                  0x080044c1   Thumb Code    78  wm.o(i.WM__ClipAtParentBorders)
    WM__GetClientRectEx                      0x0800450f   Thumb Code    32  wm_getclientrect.o(i.WM__GetClientRectEx)
    WM__GetClientRectWin                     0x0800452f   Thumb Code    24  wm.o(i.WM__GetClientRectWin)
    WM__GetFirstSibling                      0x08004547   Thumb Code    18  wm__getfirstsibling.o(i.WM__GetFirstSibling)
    WM__GetNextIVR                           0x08004559   Thumb Code    54  wm.o(i.WM__GetNextIVR)
    WM__GetPrevSibling                       0x08004599   Thumb Code    36  wm__getprevsibling.o(i.WM__GetPrevSibling)
    WM__GetTopLevelLayer                     0x080045bd   Thumb Code    24  wm.o(i.WM__GetTopLevelLayer)
    WM__InitIVRSearch                        0x080045d5   Thumb Code   228  wm.o(i.WM__InitIVRSearch)
    WM__InsertWindowIntoList                 0x080046c5   Thumb Code   164  wm.o(i.WM__InsertWindowIntoList)
    WM__Invalidate1Abs                       0x08004769   Thumb Code     6  wm.o(i.WM__Invalidate1Abs)
    WM__InvalidateDrawAndDescs               0x0800476f   Thumb Code    70  wm.o(i.WM__InvalidateDrawAndDescs)
    WM__InvalidateRect                       0x080047b5   Thumb Code   118  wm.o(i.WM__InvalidateRect)
    WM__InvalidateRectEx                     0x0800482b   Thumb Code     6  wm.o(i.WM__InvalidateRectEx)
    WM__RectIsNZ                             0x08004831   Thumb Code    32  wm.o(i.WM__RectIsNZ)
    WM__SelectTopLevelLayer                  0x08004851   Thumb Code    20  wm.o(i.WM__SelectTopLevelLayer)
    WM__SendMessage                          0x08004865   Thumb Code    54  wm__sendmessage.o(i.WM__SendMessage)
    WM__SendMsgNoData                        0x080048a1   Thumb Code    14  wm.o(i.WM__SendMsgNoData)
    __ARM_fpclassify                         0x080072ad   Thumb Code    40  fpclassify.o(i.__ARM_fpclassify)
    __kernel_poly                            0x080072d5   Thumb Code   170  poly.o(i.__kernel_poly)
    __mathlib_dbl_divzero                    0x08007381   Thumb Code    12  dunder.o(i.__mathlib_dbl_divzero)
    __mathlib_dbl_infnan2                    0x08007391   Thumb Code     4  dunder.o(i.__mathlib_dbl_infnan2)
    __mathlib_dbl_invalid                    0x08007395   Thumb Code    12  dunder.o(i.__mathlib_dbl_invalid)
    __mathlib_dbl_overflow                   0x080073a1   Thumb Code    14  dunder.o(i.__mathlib_dbl_overflow)
    __mathlib_dbl_underflow                  0x080073b1   Thumb Code    10  dunder.o(i.__mathlib_dbl_underflow)
    __scatterload_copy                       0x080073c1   Thumb Code    14  handlers.o(i.__scatterload_copy)
    __scatterload_null                       0x080073cf   Thumb Code     2  handlers.o(i.__scatterload_null)
    __scatterload_zeroinit                   0x080073d1   Thumb Code    14  handlers.o(i.__scatterload_zeroinit)
    __set_errno                              0x080073e1   Thumb Code     6  errno.o(i.__set_errno)
    delay_ms                                 0x0800743d   Thumb Code    24  delay.o(i.delay_ms)
    emWin_LCD_Init                           0x08007455   Thumb Code   138  lcd.o(i.emWin_LCD_Init)
    lcd_config                               0x080074e1   Thumb Code   494  lcd_ssd1289.o(i.lcd_config)
    lcd_read_data_multiple                   0x0800771d   Thumb Code    98  lcd_ssd1289.o(i.lcd_read_data_multiple)
    lcd_write_addr                           0x0800778d   Thumb Code    78  lcd_ssd1289.o(i.lcd_write_addr)
    lcd_write_data                           0x080077e9   Thumb Code    76  lcd_ssd1289.o(i.lcd_write_data)
    main                                     0x080078c9   Thumb Code   140  main.o(i.main)
    pow                                      0x0800796d   Thumb Code  2512  pow.o(i.pow)
    sqrt                                     0x08008345   Thumb Code    76  sqrt.o(i.sqrt)
    aAPBAHBPrescTable                        0x08008390   Data          16  stm32f1xx_hal_rcc.o(.constdata)
    LCD_API_ColorConv_M565                   0x080083a0   Data          24  guicc_m565.o(.constdata)
    GUIDRV_FlexColor_API                     0x080083d0   Data          52  guidrv_flexcolor.o(.constdata)
    GUI_Font32B_ASCII_CharInfo               0x08009fc4   Data         760  f32b_ascii.o(.constdata)
    GUI_Font32B_ASCII                        0x0800a2c8   Data          36  f32b_ascii.o(.constdata)
    GUI_Font6x8                              0x0800a9e0   Data          36  f6x8.o(.constdata)
    GUI__aConvert_255_31                     0x0800aa04   Data         256  gui__divtbl_255_31.o(.constdata)
    GUI__aConvert_255_63                     0x0800ab04   Data         256  gui__divtbl_255_63.o(.constdata)
    GUI__aConvert_31_255                     0x0800ac04   Data          32  gui__divtbl_31_255.o(.constdata)
    GUI__aConvert_63_255                     0x0800ac24   Data          64  gui__divtbl_63_255.o(.constdata)
    GUI_Pow10                                0x0800ac64   Data          40  gui_adddecshift.o(.constdata)
    GUI_UC_None                              0x0800ac8c   Data          16  gui_uc_encodenone.o(.constdata)
    GUI_MEMDEV_DEVICE_16                     0x0800ace8   Data          52  guidev_16.o(.constdata)
    LCD_API_ColorConv_0                      0x0800ad1c   Data          24  guicc_0.o(.constdata)
    LCD_aMirror                              0x0800ad34   Data         256  lcd_mirror.o(.constdata)
    __mathlib_zero                           0x0800aec8   Data           8  qnan.o(.constdata)
    Region$$Table$$Base                      0x0800aed0   Number         0  anon$$obj.o(Region$$Table)
    Region$$Table$$Limit                     0x0800aef0   Number         0  anon$$obj.o(Region$$Table)
    SystemCoreClock                          0x20000004   Data           4  system_stm32f1xx_1.o(.data)
    hcrc                                     0x20000008   Data           8  crc.o(.data)
    GUI_DecChar                              0x20000020   Data           1  gui_core.o(.data)
    GUI_pfGetpPalConvTable                   0x20000024   Data           4  gui_core.o(.data)
    GUI__pFontDefault                        0x20000028   Data           4  gui_core.o(.data)
    GUI_pContext                             0x2000002c   Data           4  gui_core.o(.data)
    GUI_pUC_API                              0x20000030   Data           4  gui_core.o(.data)
    GUI__apDevice                            0x20000044   Data           8  gui_core.o(.data)
    GUI_pfDispCharStyle                      0x2000004c   Data           4  gui_core.o(.data)
    GUI_pLCD_APIList                         0x20000050   Data           4  gui_core.o(.data)
    GUI_OrgX                                 0x20000054   Data           2  gui_core.o(.data)
    GUI_OrgY                                 0x20000056   Data           2  gui_core.o(.data)
    LCD__pSetColorAPI                        0x20000074   Data           4  lcd.o(.data)
    LCD__aConvTable                          0x2000007c   Data           4  lcd_color.o(.data)
    WM__PaintCallbackCnt                     0x20000088   Data           1  wm.o(.data)
    WM__NumWindows                           0x2000008a   Data           2  wm.o(.data)
    WM__NumInvalidWindows                    0x2000008c   Data           2  wm.o(.data)
    WM__TouchedLayer                         0x20000090   Data           4  wm.o(.data)
    WM__FirstWin                             0x20000094   Data           4  wm.o(.data)
    WM__pFirstCriticalHandle                 0x20000098   Data           4  wm.o(.data)
    WM__CreateFlags                          0x2000009c   Data           4  wm.o(.data)
    WM_pfPollPID                             0x200000a0   Data           4  wm.o(.data)
    WM_MULTIBUF__pAPI                        0x200000a4   Data           4  wm.o(.data)
    WM__TransWindowCnt                       0x200000a8   Data           4  wm.o(.data)
    WM__hATransWindow                        0x200000ac   Data           4  wm.o(.data)
    WM__ahDesktopWin                         0x200000c0   Data           8  wm.o(.data)
    WM__aBkColor                             0x200000c8   Data           8  wm.o(.data)
    WM__ahCapture                            0x200000d0   Data           8  wm.o(.data)
    WM__ahWinFocus                           0x200000d8   Data           8  wm.o(.data)
    GUI_CharLine_pfLog2Vis                   0x200000e8   Data           4  gui_charline.o(.data)
    hadc2                                    0x2000010c   Data          48  adc.o(.bss)
    GUI_ALLOC__Context                       0x2000c48c   Data         188  gui_alloc.o(.bss)
    WM__aCHWinModal                          0x2000c654   Data          16  wm_touch.o(.bss)
    WM__aCHWinLast                           0x2000c664   Data          16  wm_touch.o(.bss)
    WM__aCHWinMouseOver                      0x2000c674   Data          16  wm_touch.o(.bss)
    __initial_sp                             0x2000c888   Data           0  startup_stm32f107xc.o(STACK)



==============================================================================

Memory Map of the image

  Image Entry point : 0x08000151

  Load Region LR_IROM1 (Base: 0x08000000, Size: 0x0000affc, Max: 0x00040000, ABSOLUTE)

    Execution Region ER_IROM1 (Base: 0x08000000, Size: 0x0000aef0, Max: 0x00040000, ABSOLUTE)

    Base Addr    Size         Type   Attr      Idx    E Section Name        Object

    0x08000000   0x00000150   Data   RO         1597    RESET               startup_stm32f107xc.o
    0x08000150   0x00000000   Code   RO         3632  * .ARM.Collect$$$$00000000  mc_w.l(entry.o)
    0x08000150   0x00000004   Code   RO         3684    .ARM.Collect$$$$00000001  mc_w.l(entry2.o)
    0x08000154   0x00000004   Code   RO         3687    .ARM.Collect$$$$00000004  mc_w.l(entry5.o)
    0x08000158   0x00000000   Code   RO         3689    .ARM.Collect$$$$00000008  mc_w.l(entry7b.o)
    0x08000158   0x00000000   Code   RO         3691    .ARM.Collect$$$$0000000A  mc_w.l(entry8b.o)
    0x08000158   0x00000008   Code   RO         3692    .ARM.Collect$$$$0000000B  mc_w.l(entry9a.o)
    0x08000160   0x00000000   Code   RO         3694    .ARM.Collect$$$$0000000D  mc_w.l(entry10a.o)
    0x08000160   0x00000000   Code   RO         3696    .ARM.Collect$$$$0000000F  mc_w.l(entry11a.o)
    0x08000160   0x00000004   Code   RO         3685    .ARM.Collect$$$$00002712  mc_w.l(entry2.o)
    0x08000164   0x00000024   Code   RO         1598    .text               startup_stm32f107xc.o
    0x08000188   0x00000020   Code   RO         3635    .text               mc_w.l(llushr.o)
    0x080001a8   0x00000040   Code   RO         3639    .text               mc_w.l(memmovea.o)
    0x080001e8   0x00000024   Code   RO         3641    .text               mc_w.l(memseta.o)
    0x0800020c   0x0000014e   Code   RO         3647    .text               mf_w.l(dadd.o)
    0x0800035a   0x000000e4   Code   RO         3649    .text               mf_w.l(dmul.o)
    0x0800043e   0x00000022   Code   RO         3651    .text               mf_w.l(dflti.o)
    0x08000460   0x0000001a   Code   RO         3653    .text               mf_w.l(dfltui.o)
    0x0800047a   0x00000032   Code   RO         3655    .text               mf_w.l(dfixui.o)
    0x080004ac   0x0000001e   Code   RO         3698    .text               mc_w.l(llshl.o)
    0x080004ca   0x00000024   Code   RO         3700    .text               mc_w.l(llsshr.o)
    0x080004ee   0x00000000   Code   RO         3709    .text               mc_w.l(iusefp.o)
    0x080004ee   0x000000ba   Code   RO         3710    .text               mf_w.l(depilogue.o)
    0x080005a8   0x000000de   Code   RO         3712    .text               mf_w.l(ddiv.o)
    0x08000686   0x0000002e   Code   RO         3714    .text               mf_w.l(dscalb.o)
    0x080006b4   0x00000030   Code   RO         3716    .text               mf_w.l(cdrcmple.o)
    0x080006e4   0x00000024   Code   RO         3718    .text               mc_w.l(init.o)
    0x08000708   0x000000a2   Code   RO         3720    .text               mf_w.l(dsqrt.o)
    0x080007aa   0x00000002   PAD
    0x080007ac   0x0000004c   Code   RO         1152    i.ADC_ConversionStop_Disable  stm32f1xx_hal_adc.o
    0x080007f8   0x00000070   Code   RO         1156    i.ADC_Enable        stm32f1xx_hal_adc.o
    0x08000868   0x0000002c   Code   RO         1516    i.ADC_get_value     adc_dup.o
    0x08000894   0x0000005c   Code   RO         1371    i.GPIO_Read         lcd_ssd1289.o
    0x080008f0   0x00000042   Code   RO         1372    i.GPIO_Write        lcd_ssd1289.o
    0x08000932   0x00000040   Code   RO         2261    i.GUIDRV_FlexColor_Config  STemWin522_CM3_Keil.lib(guidrv_flexcolor.o)
    0x08000972   0x00000032   Code   RO         2262    i.GUIDRV_FlexColor_SetFunc  STemWin522_CM3_Keil.lib(guidrv_flexcolor.o)
    0x080009a4   0x0000005c   Code   RO         2392    i.GUIDRV_FlexColor_SetFunc66702  STemWin522_CM3_Keil.lib(guidrv_flexcolor_func66702.o)
    0x08000a00   0x00000058   Code   RO         2374    i.GUIDRV_FlexColor_SetMode16bppC0B16  STemWin522_CM3_Keil.lib(guidrv_flexcolor_16bpp_c0b16.o)
    0x08000a58   0x000000c0   Code   RO         2266    i.GUIDRV_FlexColor__GetPixelIndexNoCache  STemWin522_CM3_Keil.lib(guidrv_flexcolor.o)
    0x08000b18   0x00000038   Code   RO         2268    i.GUIDRV_FlexColor__InitOnce  STemWin522_CM3_Keil.lib(guidrv_flexcolor.o)
    0x08000b50   0x00000038   Code   RO         2273    i.GUIDRV_FlexColor__SetLog2Phys  STemWin522_CM3_Keil.lib(guidrv_flexcolor.o)
    0x08000b88   0x0000009c   Code   RO         2275    i.GUIDRV_FlexColor__SetPixelIndexNoCache  STemWin522_CM3_Keil.lib(guidrv_flexcolor.o)
    0x08000c24   0x00000134   Code   RO         2541    i.GUIMONO_DispChar  STemWin522_CM3_Keil.lib(gui_charm.o)
    0x08000d58   0x00000018   Code   RO         2542    i.GUIMONO_GetCharDistX  STemWin522_CM3_Keil.lib(gui_charm.o)
    0x08000d70   0x00000006   Code   RO         2543    i.GUIMONO_GetFontInfo  STemWin522_CM3_Keil.lib(gui_charm.o)
    0x08000d76   0x00000038   Code   RO         2544    i.GUIMONO_IsInFont  STemWin522_CM3_Keil.lib(gui_charm.o)
    0x08000dae   0x00000002   PAD
    0x08000db0   0x000000c8   Code   RO         2112    i.GUIPROP_DispChar  STemWin522_CM3_Keil.lib(gui_charp.o)
    0x08000e78   0x00000040   Code   RO         2113    i.GUIPROP_GetCharDistX  STemWin522_CM3_Keil.lib(gui_charp.o)
    0x08000eb8   0x00000006   Code   RO         2114    i.GUIPROP_GetFontInfo  STemWin522_CM3_Keil.lib(gui_charp.o)
    0x08000ebe   0x00000010   Code   RO         2115    i.GUIPROP_IsInFont  STemWin522_CM3_Keil.lib(gui_charp.o)
    0x08000ece   0x00000016   Code   RO         2116    i.GUIPROP__FindChar  STemWin522_CM3_Keil.lib(gui_charp.o)
    0x08000ee4   0x0000000a   Code   RO         2042    i.GUI_ALLOC_AllocNoInit  STemWin522_CM3_Keil.lib(gui_alloc.o)
    0x08000eee   0x00000024   Code   RO         2796    i.GUI_ALLOC_AllocZero  STemWin522_CM3_Keil.lib(gui_alloc_alloczero.o)
    0x08000f12   0x00000002   PAD
    0x08000f14   0x00000010   Code   RO         2043    i.GUI_ALLOC_AssignMemory  STemWin522_CM3_Keil.lib(gui_alloc.o)
    0x08000f24   0x00000038   Code   RO         2044    i.GUI_ALLOC_Free    STemWin522_CM3_Keil.lib(gui_alloc.o)
    0x08000f5c   0x00000018   Code   RO         2045    i.GUI_ALLOC_FreeFixedBlock  STemWin522_CM3_Keil.lib(gui_alloc.o)
    0x08000f74   0x000000a8   Code   RO         2048    i.GUI_ALLOC_GetFixedBlock  STemWin522_CM3_Keil.lib(gui_alloc.o)
    0x0800101c   0x0000001c   Code   RO         2056    i.GUI_ALLOC_LockH   STemWin522_CM3_Keil.lib(gui_alloc.o)
    0x08001038   0x00000030   Code   RO         2061    i.GUI_ALLOC_UnlockH  STemWin522_CM3_Keil.lib(gui_alloc.o)
    0x08001068   0x00000018   Code   RO         2062    i.GUI_ALLOC_h2p     STemWin522_CM3_Keil.lib(gui_alloc.o)
    0x08001080   0x00000098   Code   RO         2534    i.GUI_AddDecShift   STemWin522_CM3_Keil.lib(gui_adddecshift.o)
    0x08001118   0x00000044   Code   RO         3152    i.GUI_CalcColorDist  STemWin522_CM3_Keil.lib(gui_calccolordist.o)
    0x0800115c   0x0000001c   Code   RO         2122    i.GUI_Clear         STemWin522_CM3_Keil.lib(gui_core.o)
    0x08001178   0x00000060   Code   RO         2123    i.GUI_ClearRect     STemWin522_CM3_Keil.lib(gui_core.o)
    0x080011d8   0x00000050   Code   RO         2151    i.GUI_DEVICE_Create  STemWin522_CM3_Keil.lib(gui_device.o)
    0x08001228   0x00000028   Code   RO         2152    i.GUI_DEVICE_CreateAndLink  STemWin522_CM3_Keil.lib(gui_device.o)
    0x08001250   0x00000004   Code   RO         2153    i.GUI_DEVICE_Delete  STemWin522_CM3_Keil.lib(gui_device.o)
    0x08001254   0x00000080   Code   RO         2154    i.GUI_DEVICE_Link   STemWin522_CM3_Keil.lib(gui_device.o)
    0x080012d4   0x00000004   Code   RO         2156    i.GUI_DEVICE_Unlink  STemWin522_CM3_Keil.lib(gui_device.o)
    0x080012d8   0x00000024   Code   RO         2159    i.GUI_DEVICE__GetpDriver  STemWin522_CM3_Keil.lib(gui_device.o)
    0x080012fc   0x00000022   Code   RO         2198    i.GUI_DispDecAt     STemWin522_CM3_Keil.lib(gui_val.o)
    0x0800131e   0x00000002   PAD
    0x08001320   0x00000100   Code   RO         2549    i.GUI_DispString    STemWin522_CM3_Keil.lib(gui_dispstring.o)
    0x08001420   0x00000010   Code   RO         2172    i.GUI_DispStringAt  STemWin522_CM3_Keil.lib(gui_dispstringat.o)
    0x08001430   0x00000014   Code   RO         2916    i.GUI_GetBitsPerPixelEx  STemWin522_CM3_Keil.lib(lcd_getex.o)
    0x08001444   0x0000000e   Code   RO         2551    i.GUI_GetBkColor    STemWin522_CM3_Keil.lib(gui_getcolor.o)
    0x08001452   0x00000002   PAD
    0x08001454   0x00000010   Code   RO         2800    i.GUI_GetCharDistX  STemWin522_CM3_Keil.lib(gui_char.o)
    0x08001464   0x00000010   Code   RO         2801    i.GUI_GetCharDistXEx  STemWin522_CM3_Keil.lib(gui_char.o)
    0x08001474   0x0000000e   Code   RO         2553    i.GUI_GetColor      STemWin522_CM3_Keil.lib(gui_getcolor.o)
    0x08001482   0x00000002   PAD
    0x08001484   0x00000010   Code   RO         2802    i.GUI_GetFontDistY  STemWin522_CM3_Keil.lib(gui_char.o)
    0x08001494   0x00000030   Code   RO         2803    i.GUI_GetYAdjust    STemWin522_CM3_Keil.lib(gui_char.o)
    0x080014c4   0x00000010   Code   RO         2917    i.GUI_GetpfColor2IndexEx  STemWin522_CM3_Keil.lib(lcd_getex.o)
    0x080014d4   0x00000010   Code   RO         2918    i.GUI_GetpfIndex2ColorEx  STemWin522_CM3_Keil.lib(lcd_getex.o)
    0x080014e4   0x00000014   Code   RO         2560    i.GUI_GotoXY        STemWin522_CM3_Keil.lib(gui_goto.o)
    0x080014f8   0x00000064   Code   RO         2125    i.GUI_Init          STemWin522_CM3_Keil.lib(gui_core.o)
    0x0800155c   0x00000040   Code   RO         3017    i.GUI_MEMDEV_Delete  STemWin522_CM3_Keil.lib(guidev.o)
    0x0800159c   0x00000024   Code   RO         3018    i.GUI_MEMDEV_GetBitsPerPixel  STemWin522_CM3_Keil.lib(guidev.o)
    0x080015c0   0x00000016   Code   RO         3387    i.GUI_MEMDEV_GetDataPtr  STemWin522_CM3_Keil.lib(guidev_getdataptr.o)
    0x080015d6   0x0000003c   Code   RO         3067    i.GUI_MEMDEV__WriteToActiveOpaque  STemWin522_CM3_Keil.lib(guidev_writetoactiveopaque.o)
    0x08001612   0x00000058   Code   RO         2823    i.GUI_MergeRect     STemWin522_CM3_Keil.lib(gui_mergerect.o)
    0x0800166a   0x0000001e   Code   RO         2825    i.GUI_MoveRect      STemWin522_CM3_Keil.lib(gui_moverect.o)
    0x08001688   0x00000038   Code   RO         2847    i.GUI_RectsIntersect  STemWin522_CM3_Keil.lib(gui_rectsintersect.o)
    0x080016c0   0x00000012   Code   RO         3218    i.GUI_SelectLCD     STemWin522_CM3_Keil.lib(gui_selectlcd.o)
    0x080016d2   0x00000002   PAD
    0x080016d4   0x00000024   Code   RO         2856    i.GUI_SelectLayer   STemWin522_CM3_Keil.lib(gui_selectlayer.o)
    0x080016f8   0x00000004   Code   RO         2180    i.GUI_SetBkColor    STemWin522_CM3_Keil.lib(gui_setcolor.o)
    0x080016fc   0x00000004   Code   RO         2181    i.GUI_SetColor      STemWin522_CM3_Keil.lib(gui_setcolor.o)
    0x08001700   0x0000000c   Code   RO         2126    i.GUI_SetDefaultFont  STemWin522_CM3_Keil.lib(gui_core.o)
    0x0800170c   0x00000014   Code   RO         2184    i.GUI_SetFont       STemWin522_CM3_Keil.lib(gui_setfont.o)
    0x08001720   0x00000038   Code   RO         2569    i.GUI_SetOrg        STemWin522_CM3_Keil.lib(gui_setorg.o)
    0x08001758   0x00000010   Code   RO         2891    i.GUI_SignalEvent   STemWin522_CM3_Keil.lib(gui_waitevent.o)
    0x08001768   0x00000010   Code   RO         2832    i.GUI_StoreKey      STemWin522_CM3_Keil.lib(gui_onkey.o)
    0x08001778   0x00000010   Code   RO         2186    i.GUI_UC_SetEncodeUTF8  STemWin522_CM3_Keil.lib(gui_uc_encodeutf8.o)
    0x08001788   0x0000002c   Code   RO         2878    i.GUI_UC__GetCharCodeInc  STemWin522_CM3_Keil.lib(gui_uc.o)
    0x080017b4   0x00000028   Code   RO         2880    i.GUI_UC__NumChars2NumBytes  STemWin522_CM3_Keil.lib(gui_uc.o)
    0x080017dc   0x00000028   Code   RO         3061    i.GUI_USAGE_AddRect  STemWin522_CM3_Keil.lib(guidev_usage.o)
    0x08001804   0x00000024   Code   RO         3062    i.GUI_USAGE_DecUseCnt  STemWin522_CM3_Keil.lib(guidev_usage.o)
    0x08001828   0x00000020   Code   RO         1825    i.GUI_X_Config      guiconf.o
    0x08001848   0x00000002   Code   RO         1906    i.GUI_X_ExecIdle    gui_x.o
    0x0800184a   0x00000002   Code   RO         1908    i.GUI_X_Init        gui_x.o
    0x0800184c   0x00000128   Code   RO         3148    i.GUI__CompactPixelIndices  STemWin522_CM3_Keil.lib(gui__compactpixelindices.o)
    0x08001974   0x00000034   Code   RO         2128    i.GUI__Config       STemWin522_CM3_Keil.lib(gui_core.o)
    0x080019a8   0x000000b0   Code   RO         2810    i.GUI__DispLine     STemWin522_CM3_Keil.lib(gui_charline.o)
    0x08001a58   0x00000054   Code   RO         2811    i.GUI__GetLineDistX  STemWin522_CM3_Keil.lib(gui_charline.o)
    0x08001aac   0x00000038   Code   RO         2812    i.GUI__GetLineNumChars  STemWin522_CM3_Keil.lib(gui_charline.o)
    0x08001ae4   0x00000018   Code   RO         2813    i.GUI__GetOverlap   STemWin522_CM3_Keil.lib(gui_charline.o)
    0x08001afc   0x0000003a   Code   RO         2787    i.GUI__IntersectRect  STemWin522_CM3_Keil.lib(gui__intersectrect.o)
    0x08001b36   0x00000052   Code   RO         2789    i.GUI__IntersectRects  STemWin522_CM3_Keil.lib(gui__intersectrects.o)
    0x08001b88   0x00000010   Code   RO         2791    i.GUI__ManageCache  STemWin522_CM3_Keil.lib(gui__managecache.o)
    0x08001b98   0x000000ac   Code   RO         2792    i.GUI__ManageCacheEx  STemWin522_CM3_Keil.lib(gui__managecache.o)
    0x08001c44   0x00000010   Code   RO         2129    i.GUI__RegisterExit  STemWin522_CM3_Keil.lib(gui_core.o)
    0x08001c54   0x0000004c   Code   RO         2528    i.GUI__memset       STemWin522_CM3_Keil.lib(gui__memset.o)
    0x08001ca0   0x0000003a   Code   RO         2530    i.GUI__memset16     STemWin522_CM3_Keil.lib(gui__memset16.o)
    0x08001cda   0x00000002   PAD
    0x08001cdc   0x000000c8   Code   RO         1056    i.HAL_ADCEx_Calibration_Start  stm32f1xx_hal_adc_ex.o
    0x08001da4   0x00000168   Code   RO         1158    i.HAL_ADC_ConfigChannel  stm32f1xx_hal_adc.o
    0x08001f0c   0x00000006   Code   RO         1165    i.HAL_ADC_GetValue  stm32f1xx_hal_adc.o
    0x08001f12   0x00000002   PAD
    0x08001f14   0x00000134   Code   RO         1167    i.HAL_ADC_Init      stm32f1xx_hal_adc.o
    0x08002048   0x00000050   Code   RO         1787    i.HAL_ADC_MspInit   adc.o
    0x08002098   0x000000c0   Code   RO         1173    i.HAL_ADC_Start     stm32f1xx_hal_adc.o
    0x08002158   0x00000022   Code   RO         1000    i.HAL_CRC_Init      stm32f1xx_hal_crc.o
    0x0800217a   0x00000002   PAD
    0x0800217c   0x00000028   Code   RO         1745    i.HAL_CRC_MspInit   crc.o
    0x080021a4   0x00000016   Code   RO          532    i.HAL_Delay         stm32f1xx_hal.o
    0x080021ba   0x00000002   PAD
    0x080021bc   0x000001bc   Code   RO          402    i.HAL_GPIO_Init     stm32f1xx_hal_gpio.o
    0x08002378   0x0000000a   Code   RO          406    i.HAL_GPIO_WritePin  stm32f1xx_hal_gpio.o
    0x08002382   0x00000002   PAD
    0x08002384   0x0000000c   Code   RO          536    i.HAL_GetTick       stm32f1xx_hal.o
    0x08002390   0x00000010   Code   RO          537    i.HAL_IncTick       stm32f1xx_hal.o
    0x080023a0   0x00000024   Code   RO          538    i.HAL_Init          stm32f1xx_hal.o
    0x080023c4   0x00000022   Code   RO          539    i.HAL_InitTick      stm32f1xx_hal.o
    0x080023e6   0x00000002   PAD
    0x080023e8   0x0000006c   Code   RO         1659    i.HAL_MspInit       stm32f1xx_hal_msp.o
    0x08002454   0x00000040   Code   RO          685    i.HAL_NVIC_SetPriority  stm32f1xx_hal_cortex.o
    0x08002494   0x00000024   Code   RO          686    i.HAL_NVIC_SetPriorityGrouping  stm32f1xx_hal_cortex.o
    0x080024b8   0x000001dc   Code   RO          470    i.HAL_RCCEx_GetPeriphCLKFreq  stm32f1xx_hal_rcc_ex.o
    0x08002694   0x000001fc   Code   RO          471    i.HAL_RCCEx_PeriphCLKConfig  stm32f1xx_hal_rcc_ex.o
    0x08002890   0x00000288   Code   RO          210    i.HAL_RCC_ClockConfig  stm32f1xx_hal_rcc.o
    0x08002b18   0x00000034   Code   RO          215    i.HAL_RCC_GetHCLKFreq  stm32f1xx_hal_rcc.o
    0x08002b4c   0x0000002c   Code   RO          218    i.HAL_RCC_GetPCLK2Freq  stm32f1xx_hal_rcc.o
    0x08002b78   0x000000e4   Code   RO          219    i.HAL_RCC_GetSysClockFreq  stm32f1xx_hal_rcc.o
    0x08002c5c   0x0000079a   Code   RO          222    i.HAL_RCC_OscConfig  stm32f1xx_hal_rcc.o
    0x080033f6   0x00000018   Code   RO          688    i.HAL_SYSTICK_CLKSourceConfig  stm32f1xx_hal_cortex.o
    0x0800340e   0x00000002   Code   RO          689    i.HAL_SYSTICK_Callback  stm32f1xx_hal_cortex.o
    0x08003410   0x00000028   Code   RO          690    i.HAL_SYSTICK_Config  stm32f1xx_hal_cortex.o
    0x08003438   0x00000008   Code   RO          691    i.HAL_SYSTICK_IRQHandler  stm32f1xx_hal_cortex.o
    0x08003440   0x0000001c   Code   RO         2586    i.LCD_Color2Index   STemWin522_CM3_Keil.lib(lcd.o)
    0x0800345c   0x00000208   Code   RO         2587    i.LCD_DrawBitmap    STemWin522_CM3_Keil.lib(lcd.o)
    0x08003664   0x00000058   Code   RO         2588    i.LCD_DrawHLine     STemWin522_CM3_Keil.lib(lcd.o)
    0x080036bc   0x00000068   Code   RO         2589    i.LCD_DrawPixel     STemWin522_CM3_Keil.lib(lcd.o)
    0x08003724   0x00000058   Code   RO         2591    i.LCD_FillRect      STemWin522_CM3_Keil.lib(lcd.o)
    0x0800377c   0x00000006   Code   RO         2920    i.LCD_GetBitsPerPixelEx  STemWin522_CM3_Keil.lib(lcd_getex.o)
    0x08003782   0x00000002   PAD
    0x08003784   0x00000010   Code   RO         2912    i.LCD_GetBkColorIndex  STemWin522_CM3_Keil.lib(lcd_getcolorindex.o)
    0x08003794   0x00000010   Code   RO         2913    i.LCD_GetColorIndex  STemWin522_CM3_Keil.lib(lcd_getcolorindex.o)
    0x080037a4   0x00000010   Code   RO         2927    i.LCD_GetNumColors  STemWin522_CM3_Keil.lib(lcd_getex.o)
    0x080037b4   0x00000006   Code   RO         2928    i.LCD_GetNumColorsEx  STemWin522_CM3_Keil.lib(lcd_getex.o)
    0x080037ba   0x0000001a   Code   RO         2994    i.LCD_GetNumLayers  STemWin522_CM3_Keil.lib(lcd_getnumdisplays.o)
    0x080037d4   0x00000010   Code   RO         2929    i.LCD_GetPalette    STemWin522_CM3_Keil.lib(lcd_getex.o)
    0x080037e4   0x00000018   Code   RO         2930    i.LCD_GetPaletteEx  STemWin522_CM3_Keil.lib(lcd_getex.o)
    0x080037fc   0x00000004   Code   RO         2625    i.LCD_GetpPalConvTableBM  STemWin522_CM3_Keil.lib(lcd_color.o)
    0x08003800   0x00000048   Code   RO         2626    i.LCD_GetpPalConvTableUncached  STemWin522_CM3_Keil.lib(lcd_color.o)
    0x08003848   0x0000001c   Code   RO         2592    i.LCD_Index2Color   STemWin522_CM3_Keil.lib(lcd.o)
    0x08003864   0x0000002c   Code   RO         2584    i.LCD_Index2Color_M565  STemWin522_CM3_Keil.lib(guicc_m565_index2color.o)
    0x08003890   0x00000034   Code   RO         2627    i.LCD_InitColors    STemWin522_CM3_Keil.lib(lcd_color.o)
    0x080038c4   0x00000070   Code   RO         2628    i.LCD_InitLUT       STemWin522_CM3_Keil.lib(lcd_color.o)
    0x08003934   0x00000044   Code   RO         3587    i.LCD_SelectLCD     STemWin522_CM3_Keil.lib(lcd_selectlcd.o)
    0x08003978   0x0000000c   Code   RO         2593    i.LCD_SetBkColor    STemWin522_CM3_Keil.lib(lcd.o)
    0x08003984   0x00000018   Code   RO         2594    i.LCD_SetBkColorIndex  STemWin522_CM3_Keil.lib(lcd.o)
    0x0800399c   0x00000030   Code   RO         3011    i.LCD_SetClipRectEx  STemWin522_CM3_Keil.lib(lcd_setcliprectex.o)
    0x080039cc   0x0000001c   Code   RO         2595    i.LCD_SetClipRectMax  STemWin522_CM3_Keil.lib(lcd.o)
    0x080039e8   0x0000000c   Code   RO         2596    i.LCD_SetColor      STemWin522_CM3_Keil.lib(lcd.o)
    0x080039f4   0x00000018   Code   RO         2597    i.LCD_SetColorIndex  STemWin522_CM3_Keil.lib(lcd.o)
    0x08003a0c   0x0000000c   Code   RO         2598    i.LCD_SetDrawMode   STemWin522_CM3_Keil.lib(lcd.o)
    0x08003a18   0x0000002c   Code   RO         2225    i.LCD_SetLUTEntryEx  STemWin522_CM3_Keil.lib(lcd_set.o)
    0x08003a44   0x0000002c   Code   RO         2229    i.LCD_SetSizeEx     STemWin522_CM3_Keil.lib(lcd_set.o)
    0x08003a70   0x0000002c   Code   RO         2233    i.LCD_SetVSizeEx    STemWin522_CM3_Keil.lib(lcd_set.o)
    0x08003a9c   0x00000024   Code   RO         3346    i.LCD_UpdateColorIndices  STemWin522_CM3_Keil.lib(lcd_updatecolorindices.o)
    0x08003ac0   0x00000088   Code   RO         1853    i.LCD_X_Config      lcdconf_flexcolor_template.o
    0x08003b48   0x00000014   Code   RO         1854    i.LCD_X_DisplayDriver  lcdconf_flexcolor_template.o
    0x08003b5c   0x000001b4   Code   RO         2599    i.LCD__DrawBitmap_1bpp  STemWin522_CM3_Keil.lib(lcd.o)
    0x08003d10   0x0000005c   Code   RO         2951    i.LCD__GetBPP       STemWin522_CM3_Keil.lib(lcd_getex.o)
    0x08003d6c   0x00000032   Code   RO         2952    i.LCD__GetBPPDevice  STemWin522_CM3_Keil.lib(lcd_getex.o)
    0x08003d9e   0x00000016   Code   RO         1855    i.LcdReadDataMultiple  lcdconf_flexcolor_template.o
    0x08003db4   0x00000004   Code   RO         1856    i.LcdWriteData      lcdconf_flexcolor_template.o
    0x08003db8   0x00000016   Code   RO         1857    i.LcdWriteDataMultiple  lcdconf_flexcolor_template.o
    0x08003dce   0x00000004   Code   RO         1858    i.LcdWriteReg       lcdconf_flexcolor_template.o
    0x08003dd2   0x00000002   PAD
    0x08003dd4   0x0000003c   Code   RO         1788    i.MX_ADC2_Init      adc.o
    0x08003e10   0x00000014   Code   RO         1746    i.MX_CRC_Init       crc.o
    0x08003e24   0x000000c0   Code   RO         1605    i.MX_GPIO_Init      gpio.o
    0x08003ee4   0x00000020   Code   RO          692    i.NVIC_SetPriority  stm32f1xx_hal_cortex.o
    0x08003f04   0x0000000e   Code   RO         1632    i.SysTick_Handler   stm32f1xx_it.o
    0x08003f12   0x00000002   PAD
    0x08003f14   0x0000008c   Code   RO         1683    i.SystemClock_Config  main.o
    0x08003fa0   0x00000054   Code   RO         1562    i.SystemInit        system_stm32f1xx_1.o
    0x08003ff4   0x00000010   Code   RO         2672    i.WM_Activate       STemWin522_CM3_Keil.lib(wm.o)
    0x08004004   0x0000007e   Code   RO         3079    i.WM_BringToBottom  STemWin522_CM3_Keil.lib(wm_bringtobottom.o)
    0x08004082   0x00000002   PAD
    0x08004084   0x0000014c   Code   RO         2674    i.WM_CreateWindowAsChild  STemWin522_CM3_Keil.lib(wm.o)
    0x080041d0   0x00000046   Code   RO         2676    i.WM_DefaultProc    STemWin522_CM3_Keil.lib(wm.o)
    0x08004216   0x00000002   PAD
    0x08004218   0x00000018   Code   RO         2785    i.WM_GetDesktopWindow  STemWin522_CM3_Keil.lib(wm_getdesktopwindow.o)
    0x08004230   0x0000000e   Code   RO         3091    i.WM_GetFirstChild  STemWin522_CM3_Keil.lib(wm_getfirstchild.o)
    0x0800423e   0x0000000e   Code   RO         3430    i.WM_GetParent      STemWin522_CM3_Keil.lib(wm_getparent.o)
    0x0800424c   0x000000d4   Code   RO         2680    i.WM_Init           STemWin522_CM3_Keil.lib(wm.o)
    0x08004320   0x00000076   Code   RO         2681    i.WM_InvalidateRect  STemWin522_CM3_Keil.lib(wm.o)
    0x08004396   0x00000006   Code   RO         2682    i.WM_InvalidateWindow  STemWin522_CM3_Keil.lib(wm.o)
    0x0800439c   0x0000005e   Code   RO         2683    i.WM_InvalidateWindowAndDescsEx  STemWin522_CM3_Keil.lib(wm.o)
    0x080043fa   0x00000002   PAD
    0x080043fc   0x0000003c   Code   RO         2684    i.WM_SelectWindow   STemWin522_CM3_Keil.lib(wm.o)
    0x08004438   0x0000001e   Code   RO         3097    i.WM_SendToParent   STemWin522_CM3_Keil.lib(wm_sendtoparent.o)
    0x08004456   0x00000002   PAD
    0x08004458   0x00000048   Code   RO         2687    i.WM__ActivateClipRect  STemWin522_CM3_Keil.lib(wm.o)
    0x080044a0   0x00000010   Code   RO         3081    i.WM__AddCriticalHandle  STemWin522_CM3_Keil.lib(wm_criticalhandle.o)
    0x080044b0   0x00000010   Code   RO         2688    i.WM__Client2Screen  STemWin522_CM3_Keil.lib(wm.o)
    0x080044c0   0x0000004e   Code   RO         2689    i.WM__ClipAtParentBorders  STemWin522_CM3_Keil.lib(wm.o)
    0x0800450e   0x00000020   Code   RO         3087    i.WM__GetClientRectEx  STemWin522_CM3_Keil.lib(wm_getclientrect.o)
    0x0800452e   0x00000018   Code   RO         2692    i.WM__GetClientRectWin  STemWin522_CM3_Keil.lib(wm.o)
    0x08004546   0x00000012   Code   RO         3591    i.WM__GetFirstSibling  STemWin522_CM3_Keil.lib(wm__getfirstsibling.o)
    0x08004558   0x00000040   Code   RO         2693    i.WM__GetNextIVR    STemWin522_CM3_Keil.lib(wm.o)
    0x08004598   0x00000024   Code   RO         3418    i.WM__GetPrevSibling  STemWin522_CM3_Keil.lib(wm__getprevsibling.o)
    0x080045bc   0x00000018   Code   RO         2694    i.WM__GetTopLevelLayer  STemWin522_CM3_Keil.lib(wm.o)
    0x080045d4   0x000000f0   Code   RO         2695    i.WM__InitIVRSearch  STemWin522_CM3_Keil.lib(wm.o)
    0x080046c4   0x000000a4   Code   RO         2696    i.WM__InsertWindowIntoList  STemWin522_CM3_Keil.lib(wm.o)
    0x08004768   0x00000006   Code   RO         2697    i.WM__Invalidate1Abs  STemWin522_CM3_Keil.lib(wm.o)
    0x0800476e   0x00000046   Code   RO         2698    i.WM__InvalidateDrawAndDescs  STemWin522_CM3_Keil.lib(wm.o)
    0x080047b4   0x00000076   Code   RO         2700    i.WM__InvalidateRect  STemWin522_CM3_Keil.lib(wm.o)
    0x0800482a   0x00000006   Code   RO         2701    i.WM__InvalidateRectEx  STemWin522_CM3_Keil.lib(wm.o)
    0x08004830   0x00000020   Code   RO         2706    i.WM__RectIsNZ      STemWin522_CM3_Keil.lib(wm.o)
    0x08004850   0x00000014   Code   RO         2709    i.WM__SelectTopLevelLayer  STemWin522_CM3_Keil.lib(wm.o)
    0x08004864   0x0000003c   Code   RO         3076    i.WM__SendMessage   STemWin522_CM3_Keil.lib(wm__sendmessage.o)
    0x080048a0   0x0000000e   Code   RO         2710    i.WM__SendMsgNoData  STemWin522_CM3_Keil.lib(wm.o)
    0x080048ae   0x00000002   PAD
    0x080048b0   0x00000078   Code   RO         2064    i._AddFreeMemory    STemWin522_CM3_Keil.lib(gui_alloc.o)
    0x08004928   0x000000bc   Code   RO         2065    i._Alloc            STemWin522_CM3_Keil.lib(gui_alloc.o)
    0x080049e4   0x00000014   Code   RO         2187    i._CalcSizeOfChar   STemWin522_CM3_Keil.lib(gui_uc_encodeutf8.o)
    0x080049f8   0x00000004   Code   RO         2572    i._CalcSizeOfChar   STemWin522_CM3_Keil.lib(gui_uc_encodenone.o)
    0x080049fc   0x00000048   Code   RO         2031    i._Color2IndexBulk  STemWin522_CM3_Keil.lib(guicc_m565.o)
    0x08004a44   0x00000054   Code   RO         2903    i._Color2Index_0    STemWin522_CM3_Keil.lib(guicc_0.o)
    0x08004a98   0x00000028   Code   RO         2032    i._Color2Index_M565  STemWin522_CM3_Keil.lib(guicc_m565.o)
    0x08004ac0   0x0000003e   Code   RO         3068    i._Convert16        STemWin522_CM3_Keil.lib(guidev_writetoactiveopaque.o)
    0x08004afe   0x00000002   PAD
    0x08004b00   0x00000020   Code   RO         2712    i._DesktopHandle2Index  STemWin522_CM3_Keil.lib(wm.o)
    0x08004b20   0x00000074   Code   RO         2814    i._DispLine         STemWin522_CM3_Keil.lib(gui_charline.o)
    0x08004b94   0x0000013c   Code   RO         2375    i._DrawBitLine1BPP  STemWin522_CM3_Keil.lib(guidrv_flexcolor_16bpp_c0b16.o)
    0x08004cd0   0x00000140   Code   RO         2639    i._DrawBitLine1BPP  STemWin522_CM3_Keil.lib(guidev_16.o)
    0x08004e10   0x00000118   Code   RO         2376    i._DrawBitLine2BPP  STemWin522_CM3_Keil.lib(guidrv_flexcolor_16bpp_c0b16.o)
    0x08004f28   0x000000e0   Code   RO         2640    i._DrawBitLine2BPP  STemWin522_CM3_Keil.lib(guidev_16.o)
    0x08005008   0x00000118   Code   RO         2377    i._DrawBitLine4BPP  STemWin522_CM3_Keil.lib(guidrv_flexcolor_16bpp_c0b16.o)
    0x08005120   0x00000158   Code   RO         2641    i._DrawBitLine4BPP  STemWin522_CM3_Keil.lib(guidev_16.o)
    0x08005278   0x000000d4   Code   RO         2378    i._DrawBitLine8BPP  STemWin522_CM3_Keil.lib(guidrv_flexcolor_16bpp_c0b16.o)
    0x0800534c   0x00000022   Code   RO         2278    i._DrawBitmap       STemWin522_CM3_Keil.lib(guidrv_flexcolor.o)
    0x0800536e   0x00000002   PAD
    0x08005370   0x000000f4   Code   RO         2379    i._DrawBitmap       STemWin522_CM3_Keil.lib(guidrv_flexcolor_16bpp_c0b16.o)
    0x08005464   0x000002b0   Code   RO         2642    i._DrawBitmap       STemWin522_CM3_Keil.lib(guidev_16.o)
    0x08005714   0x0000000e   Code   RO         2279    i._DrawHLine        STemWin522_CM3_Keil.lib(guidrv_flexcolor.o)
    0x08005722   0x0000000a   Code   RO         2643    i._DrawHLine        STemWin522_CM3_Keil.lib(guidev_16.o)
    0x0800572c   0x00000010   Code   RO         2280    i._DrawVLine        STemWin522_CM3_Keil.lib(guidrv_flexcolor.o)
    0x0800573c   0x000000b8   Code   RO         2644    i._DrawVLine        STemWin522_CM3_Keil.lib(guidev_16.o)
    0x080057f4   0x0000004e   Code   RO         2188    i._Encode           STemWin522_CM3_Keil.lib(gui_uc_encodeutf8.o)
    0x08005842   0x00000006   Code   RO         2573    i._Encode           STemWin522_CM3_Keil.lib(gui_uc_encodenone.o)
    0x08005848   0x00000094   Code   RO         2066    i._EnlargeBlocks    STemWin522_CM3_Keil.lib(gui_alloc.o)
    0x080058dc   0x00000010   Code   RO         2281    i._FillRect         STemWin522_CM3_Keil.lib(guidrv_flexcolor.o)
    0x080058ec   0x000000f8   Code   RO         2380    i._FillRect         STemWin522_CM3_Keil.lib(guidrv_flexcolor_16bpp_c0b16.o)
    0x080059e4   0x000000ac   Code   RO         2645    i._FillRect         STemWin522_CM3_Keil.lib(guidev_16.o)
    0x08005a90   0x00000148   Code   RO         2715    i._FindNext_IVR     STemWin522_CM3_Keil.lib(wm.o)
    0x08005bd8   0x0000007c   Code   RO         2716    i._Findx0           STemWin522_CM3_Keil.lib(wm.o)
    0x08005c54   0x00000072   Code   RO         2717    i._Findx1           STemWin522_CM3_Keil.lib(wm.o)
    0x08005cc6   0x000000a2   Code   RO         2718    i._Findy1           STemWin522_CM3_Keil.lib(wm.o)
    0x08005d68   0x0000003c   Code   RO         2189    i._GetCharCode      STemWin522_CM3_Keil.lib(gui_uc_encodeutf8.o)
    0x08005da4   0x00000004   Code   RO         2574    i._GetCharCode      STemWin522_CM3_Keil.lib(gui_uc_encodenone.o)
    0x08005da8   0x00000022   Code   RO         2190    i._GetCharSize      STemWin522_CM3_Keil.lib(gui_uc_encodeutf8.o)
    0x08005dca   0x00000004   Code   RO         2575    i._GetCharSize      STemWin522_CM3_Keil.lib(gui_uc_encodenone.o)
    0x08005dce   0x0000000e   Code   RO         2282    i._GetDevData       STemWin522_CM3_Keil.lib(guidrv_flexcolor.o)
    0x08005ddc   0x00000010   Code   RO         2646    i._GetDevData       STemWin522_CM3_Keil.lib(guidev_16.o)
    0x08005dec   0x00000070   Code   RO         2283    i._GetDevFunc       STemWin522_CM3_Keil.lib(guidrv_flexcolor.o)
    0x08005e5c   0x00000010   Code   RO         2647    i._GetDevFunc       STemWin522_CM3_Keil.lib(guidev_16.o)
    0x08005e6c   0x0000004c   Code   RO         2284    i._GetDevFunc_Init  STemWin522_CM3_Keil.lib(guidrv_flexcolor.o)
    0x08005eb8   0x00000002   Code   RO         2285    i._GetDevFunc_SetRect  STemWin522_CM3_Keil.lib(guidrv_flexcolor.o)
    0x08005eba   0x00000002   PAD
    0x08005ebc   0x00000040   Code   RO         2286    i._GetDevFunc_SetRectOutside  STemWin522_CM3_Keil.lib(guidrv_flexcolor.o)
    0x08005efc   0x00000014   Code   RO         2287    i._GetDevFunc_SetSize  STemWin522_CM3_Keil.lib(guidrv_flexcolor.o)
    0x08005f10   0x00000014   Code   RO         2288    i._GetDevFunc_SetVSize  STemWin522_CM3_Keil.lib(guidrv_flexcolor.o)
    0x08005f24   0x00000066   Code   RO         2289    i._GetDevProp       STemWin522_CM3_Keil.lib(guidrv_flexcolor.o)
    0x08005f8a   0x00000008   Code   RO         2648    i._GetDevProp       STemWin522_CM3_Keil.lib(guidev_16.o)
    0x08005f92   0x0000001e   Code   RO         2953    i._GetDevProp       STemWin522_CM3_Keil.lib(lcd_getex.o)
    0x08005fb0   0x00000052   Code   RO         2904    i._GetIndexMask_0   STemWin522_CM3_Keil.lib(guicc_0.o)
    0x08006002   0x00000006   Code   RO         2033    i._GetIndexMask_M565  STemWin522_CM3_Keil.lib(guicc_m565.o)
    0x08006008   0x0000001c   Code   RO         2067    i._GetMinIndex      STemWin522_CM3_Keil.lib(gui_alloc.o)
    0x08006024   0x00000008   Code   RO         2290    i._GetPixelIndex    STemWin522_CM3_Keil.lib(guidrv_flexcolor.o)
    0x0800602c   0x0000000e   Code   RO         2649    i._GetPixelIndex    STemWin522_CM3_Keil.lib(guidev_16.o)
    0x0800603a   0x00000016   Code   RO         2291    i._GetRect          STemWin522_CM3_Keil.lib(guidrv_flexcolor.o)
    0x08006050   0x00000030   Code   RO         2650    i._GetRect          STemWin522_CM3_Keil.lib(guidev_16.o)
    0x08006080   0x00000010   Code   RO         2562    i._GotoX            STemWin522_CM3_Keil.lib(gui_goto.o)
    0x08006090   0x00000010   Code   RO         2563    i._GotoY            STemWin522_CM3_Keil.lib(gui_goto.o)
    0x080060a0   0x00000058   Code   RO         2034    i._Index2ColorBulk  STemWin522_CM3_Keil.lib(guicc_m565.o)
    0x080060f8   0x00000020   Code   RO         2905    i._Index2Color_0    STemWin522_CM3_Keil.lib(guicc_0.o)
    0x08006118   0x00000070   Code   RO         2130    i._InitContext      STemWin522_CM3_Keil.lib(gui_core.o)
    0x08006188   0x000000a4   Code   RO         2068    i._InitOnce         STemWin522_CM3_Keil.lib(gui_alloc.o)
    0x0800622c   0x00000080   Code   RO         2719    i._Invalidate1Abs   STemWin522_CM3_Keil.lib(wm.o)
    0x080062ac   0x00000004   Code   RO         2292    i._Log2PhysX_X0Y0S0  STemWin522_CM3_Keil.lib(guidrv_flexcolor.o)
    0x080062b0   0x00000004   Code   RO         2293    i._Log2PhysX_X0Y0S1  STemWin522_CM3_Keil.lib(guidrv_flexcolor.o)
    0x080062b4   0x00000004   Code   RO         2294    i._Log2PhysX_X0Y1S0  STemWin522_CM3_Keil.lib(guidrv_flexcolor.o)
    0x080062b8   0x00000004   Code   RO         2295    i._Log2PhysX_X0Y1S1  STemWin522_CM3_Keil.lib(guidrv_flexcolor.o)
    0x080062bc   0x00000008   Code   RO         2296    i._Log2PhysX_X1Y0S0  STemWin522_CM3_Keil.lib(guidrv_flexcolor.o)
    0x080062c4   0x00000008   Code   RO         2297    i._Log2PhysX_X1Y0S1  STemWin522_CM3_Keil.lib(guidrv_flexcolor.o)
    0x080062cc   0x00000008   Code   RO         2298    i._Log2PhysX_X1Y1S0  STemWin522_CM3_Keil.lib(guidrv_flexcolor.o)
    0x080062d4   0x00000008   Code   RO         2299    i._Log2PhysX_X1Y1S1  STemWin522_CM3_Keil.lib(guidrv_flexcolor.o)
    0x080062dc   0x00000004   Code   RO         2300    i._Log2PhysY_X0Y0S0  STemWin522_CM3_Keil.lib(guidrv_flexcolor.o)
    0x080062e0   0x00000004   Code   RO         2301    i._Log2PhysY_X0Y0S1  STemWin522_CM3_Keil.lib(guidrv_flexcolor.o)
    0x080062e4   0x00000008   Code   RO         2302    i._Log2PhysY_X0Y1S0  STemWin522_CM3_Keil.lib(guidrv_flexcolor.o)
    0x080062ec   0x00000008   Code   RO         2303    i._Log2PhysY_X0Y1S1  STemWin522_CM3_Keil.lib(guidrv_flexcolor.o)
    0x080062f4   0x00000004   Code   RO         2304    i._Log2PhysY_X1Y0S0  STemWin522_CM3_Keil.lib(guidrv_flexcolor.o)
    0x080062f8   0x00000004   Code   RO         2305    i._Log2PhysY_X1Y0S1  STemWin522_CM3_Keil.lib(guidrv_flexcolor.o)
    0x080062fc   0x00000008   Code   RO         2306    i._Log2PhysY_X1Y1S0  STemWin522_CM3_Keil.lib(guidrv_flexcolor.o)
    0x08006304   0x00000008   Code   RO         2307    i._Log2PhysY_X1Y1S1  STemWin522_CM3_Keil.lib(guidrv_flexcolor.o)
    0x0800630c   0x00000002   Code   RO         2815    i._Log2VisBuffered  STemWin522_CM3_Keil.lib(gui_charline.o)
    0x0800630e   0x00000002   PAD
    0x08006310   0x00000034   Code   RO         2069    i._OnExit           STemWin522_CM3_Keil.lib(gui_alloc.o)
    0x08006344   0x0000002c   Code   RO         2131    i._OnExit           STemWin522_CM3_Keil.lib(gui_core.o)
    0x08006370   0x00000014   Code   RO         2630    i._OnExit           STemWin522_CM3_Keil.lib(lcd_color.o)
    0x08006384   0x00000034   Code   RO         2720    i._OnExit           STemWin522_CM3_Keil.lib(wm.o)
    0x080063b8   0x00000040   Code   RO         2070    i._PopFreeBlock     STemWin522_CM3_Keil.lib(gui_alloc.o)
    0x080063f8   0x00000024   Code   RO         2071    i._PushFreeBlock    STemWin522_CM3_Keil.lib(gui_alloc.o)
    0x0800641c   0x00000006   Code   RO         2381    i._ReadData         STemWin522_CM3_Keil.lib(guidrv_flexcolor_16bpp_c0b16.o)
    0x08006422   0x0000000c   Code   RO         2308    i._ReadPixelCust_16bpp  STemWin522_CM3_Keil.lib(guidrv_flexcolor.o)
    0x0800642e   0x0000000c   Code   RO         2309    i._ReadPixelCust_18bpp  STemWin522_CM3_Keil.lib(guidrv_flexcolor.o)
    0x0800643a   0x00000018   Code   RO         2393    i._ReadPixel_16bpp_B16  STemWin522_CM3_Keil.lib(guidrv_flexcolor_func66702.o)
    0x08006452   0x0000001c   Code   RO         2394    i._ReadPixel_16bpp_B8  STemWin522_CM3_Keil.lib(guidrv_flexcolor_func66702.o)
    0x0800646e   0x00000030   Code   RO         2310    i._ReadRectCust_16bpp  STemWin522_CM3_Keil.lib(guidrv_flexcolor.o)
    0x0800649e   0x00000030   Code   RO         2311    i._ReadRectCust_18bpp  STemWin522_CM3_Keil.lib(guidrv_flexcolor.o)
    0x080064ce   0x00000038   Code   RO         2395    i._ReadRect_16bpp_B16  STemWin522_CM3_Keil.lib(guidrv_flexcolor_func66702.o)
    0x08006506   0x00000044   Code   RO         2396    i._ReadRect_16bpp_B8  STemWin522_CM3_Keil.lib(guidrv_flexcolor_func66702.o)
    0x0800654a   0x00000002   PAD
    0x0800654c   0x00000034   Code   RO         2072    i._RemoveFreeBlock  STemWin522_CM3_Keil.lib(gui_alloc.o)
    0x08006580   0x000000a0   Code   RO         2073    i._RemoveHoles      STemWin522_CM3_Keil.lib(gui_alloc.o)
    0x08006620   0x00000020   Code   RO         2600    i._SetBkColor       STemWin522_CM3_Keil.lib(lcd.o)
    0x08006640   0x0000004c   Code   RO         2724    i._SetClipRectUserIntersect  STemWin522_CM3_Keil.lib(wm.o)
    0x0800668c   0x00000020   Code   RO         2601    i._SetColor         STemWin522_CM3_Keil.lib(lcd.o)
    0x080066ac   0x00000070   Code   RO         2312    i._SetDevFunc       STemWin522_CM3_Keil.lib(guidrv_flexcolor.o)
    0x0800671c   0x0000002c   Code   RO         2602    i._SetDrawMode      STemWin522_CM3_Keil.lib(lcd.o)
    0x08006748   0x00000030   Code   RO         2397    i._SetInterface     STemWin522_CM3_Keil.lib(guidrv_flexcolor_func66702.o)
    0x08006778   0x00000002   Code   RO         2313    i._SetOrg           STemWin522_CM3_Keil.lib(guidrv_flexcolor.o)
    0x0800677a   0x00000008   Code   RO         2651    i._SetOrg           STemWin522_CM3_Keil.lib(guidev_16.o)
    0x08006782   0x00000002   PAD
    0x08006784   0x0000003c   Code   RO         2398    i._SetOrientation   STemWin522_CM3_Keil.lib(guidrv_flexcolor_func66702.o)
    0x080067c0   0x000000b6   Code   RO         2399    i._SetPhysRAMAddr   STemWin522_CM3_Keil.lib(guidrv_flexcolor_func66702.o)
    0x08006876   0x0000000e   Code   RO         2314    i._SetPixelIndex    STemWin522_CM3_Keil.lib(guidrv_flexcolor.o)
    0x08006884   0x00000048   Code   RO         2652    i._SetPixelIndex    STemWin522_CM3_Keil.lib(guidev_16.o)
    0x080068cc   0x00000188   Code   RO         2400    i._SetRect          STemWin522_CM3_Keil.lib(guidrv_flexcolor_func66702.o)
    0x08006a54   0x00000008   Code   RO         2401    i._SetReg_B16       STemWin522_CM3_Keil.lib(guidrv_flexcolor_func66702.o)
    0x08006a5c   0x0000001a   Code   RO         2402    i._SetReg_B8        STemWin522_CM3_Keil.lib(guidrv_flexcolor_func66702.o)
    0x08006a76   0x00000002   PAD
    0x08006a78   0x000000ea   Code   RO         2074    i._TestRAM          STemWin522_CM3_Keil.lib(gui_alloc.o)
    0x08006b62   0x00000002   PAD
    0x08006b64   0x00000030   Code   RO         2160    i._UnlinkDevice     STemWin522_CM3_Keil.lib(gui_device.o)
    0x08006b94   0x0000000a   Code   RO         2382    i._WriteData        STemWin522_CM3_Keil.lib(guidrv_flexcolor_16bpp_c0b16.o)
    0x08006b9e   0x00000008   Code   RO         2403    i._WritePara_B16    STemWin522_CM3_Keil.lib(guidrv_flexcolor_func66702.o)
    0x08006ba6   0x0000001a   Code   RO         2404    i._WritePara_B8     STemWin522_CM3_Keil.lib(guidrv_flexcolor_func66702.o)
    0x08006bc0   0x0000000e   Code   RO         2075    i._WriteTagData     STemWin522_CM3_Keil.lib(gui_alloc.o)
    0x08006bce   0x00000002   PAD
    0x08006bd0   0x00000330   Code   RO         3069    i._WriteToActiveOpaque_8  STemWin522_CM3_Keil.lib(guidev_writetoactiveopaque.o)
    0x08006f00   0x000002f8   Code   RO         3070    i._WriteToActiveOpaque_HT  STemWin522_CM3_Keil.lib(guidev_writetoactiveopaque.o)
    0x080071f8   0x0000003c   Code   RO         2653    i._XY2PTR           STemWin522_CM3_Keil.lib(guidev_16.o)
    0x08007234   0x00000022   Code   RO         2315    i._XorPixel         STemWin522_CM3_Keil.lib(guidrv_flexcolor.o)
    0x08007256   0x00000002   PAD
    0x08007258   0x00000054   Code   RO         2654    i._XorPixel         STemWin522_CM3_Keil.lib(guidev_16.o)
    0x080072ac   0x00000028   Code   RO         3671    i.__ARM_fpclassify  m_ws.l(fpclassify.o)
    0x080072d4   0x000000aa   Code   RO         3673    i.__kernel_poly     m_ws.l(poly.o)
    0x0800737e   0x00000002   PAD
    0x08007380   0x00000010   Code   RO         3657    i.__mathlib_dbl_divzero  m_ws.l(dunder.o)
    0x08007390   0x00000004   Code   RO         3659    i.__mathlib_dbl_infnan2  m_ws.l(dunder.o)
    0x08007394   0x0000000c   Code   RO         3660    i.__mathlib_dbl_invalid  m_ws.l(dunder.o)
    0x080073a0   0x0000000e   Code   RO         3661    i.__mathlib_dbl_overflow  m_ws.l(dunder.o)
    0x080073ae   0x00000002   PAD
    0x080073b0   0x00000010   Code   RO         3663    i.__mathlib_dbl_underflow  m_ws.l(dunder.o)
    0x080073c0   0x0000000e   Code   RO         3726    i.__scatterload_copy  mc_w.l(handlers.o)
    0x080073ce   0x00000002   Code   RO         3727    i.__scatterload_null  mc_w.l(handlers.o)
    0x080073d0   0x0000000e   Code   RO         3728    i.__scatterload_zeroinit  mc_w.l(handlers.o)
    0x080073de   0x00000002   PAD
    0x080073e0   0x0000000c   Code   RO         3704    i.__set_errno       mc_w.l(errno.o)
    0x080073ec   0x00000050   Code   RO         2726    i.cbBackWin         STemWin522_CM3_Keil.lib(wm.o)
    0x0800743c   0x00000018   Code   RO         1332    i.delay_ms          delay.o
    0x08007454   0x0000008a   Code   RO         2603    i.emWin_LCD_Init    STemWin522_CM3_Keil.lib(lcd.o)
    0x080074de   0x00000002   PAD
    0x080074e0   0x000001fc   Code   RO         1374    i.lcd_config        lcd_ssd1289.o
    0x080076dc   0x00000020   Code   RO         1375    i.lcd_data_as_input  lcd_ssd1289.o
    0x080076fc   0x00000020   Code   RO         1376    i.lcd_data_as_output  lcd_ssd1289.o
    0x0800771c   0x00000070   Code   RO         1382    i.lcd_read_data_multiple  lcd_ssd1289.o
    0x0800778c   0x0000005c   Code   RO         1388    i.lcd_write_addr    lcd_ssd1289.o
    0x080077e8   0x00000058   Code   RO         1389    i.lcd_write_data    lcd_ssd1289.o
    0x08007840   0x00000088   Code   RO         1390    i.lcd_write_reg     lcd_ssd1289.o
    0x080078c8   0x000000a4   Code   RO         1684    i.main              main.o
    0x0800796c   0x000009d8   Code   RO         3623    i.pow               m_ws.l(pow.o)
    0x08008344   0x0000004c   Code   RO         3677    i.sqrt              m_ws.l(sqrt.o)
    0x08008390   0x00000010   Data   RO          223    .constdata          stm32f1xx_hal_rcc.o
    0x080083a0   0x00000018   Data   RO         2035    .constdata          STemWin522_CM3_Keil.lib(guicc_m565.o)
    0x080083b8   0x00000008   Data   RO         2133    .constdata          STemWin522_CM3_Keil.lib(gui_core.o)
    0x080083c0   0x00000010   Data   RO         2191    .constdata          STemWin522_CM3_Keil.lib(gui_uc_encodeutf8.o)
    0x080083d0   0x00000034   Data   RO         2316    .constdata          STemWin522_CM3_Keil.lib(guidrv_flexcolor.o)
    0x08008404   0x00000040   Data   RO         2317    .constdata          STemWin522_CM3_Keil.lib(guidrv_flexcolor.o)
    0x08008444   0x00000020   Data   RO         2418    .constdata          STemWin522_CM3_Keil.lib(f32b_ascii.o)
    0x08008464   0x00000020   Data   RO         2419    .constdata          STemWin522_CM3_Keil.lib(f32b_ascii.o)
    0x08008484   0x00000040   Data   RO         2420    .constdata          STemWin522_CM3_Keil.lib(f32b_ascii.o)
    0x080084c4   0x00000040   Data   RO         2421    .constdata          STemWin522_CM3_Keil.lib(f32b_ascii.o)
    0x08008504   0x00000040   Data   RO         2422    .constdata          STemWin522_CM3_Keil.lib(f32b_ascii.o)
    0x08008544   0x00000060   Data   RO         2423    .constdata          STemWin522_CM3_Keil.lib(f32b_ascii.o)
    0x080085a4   0x00000060   Data   RO         2424    .constdata          STemWin522_CM3_Keil.lib(f32b_ascii.o)
    0x08008604   0x00000020   Data   RO         2425    .constdata          STemWin522_CM3_Keil.lib(f32b_ascii.o)
    0x08008624   0x00000040   Data   RO         2426    .constdata          STemWin522_CM3_Keil.lib(f32b_ascii.o)
    0x08008664   0x00000040   Data   RO         2427    .constdata          STemWin522_CM3_Keil.lib(f32b_ascii.o)
    0x080086a4   0x00000040   Data   RO         2428    .constdata          STemWin522_CM3_Keil.lib(f32b_ascii.o)
    0x080086e4   0x00000040   Data   RO         2429    .constdata          STemWin522_CM3_Keil.lib(f32b_ascii.o)
    0x08008724   0x00000020   Data   RO         2430    .constdata          STemWin522_CM3_Keil.lib(f32b_ascii.o)
    0x08008744   0x00000040   Data   RO         2431    .constdata          STemWin522_CM3_Keil.lib(f32b_ascii.o)
    0x08008784   0x00000020   Data   RO         2432    .constdata          STemWin522_CM3_Keil.lib(f32b_ascii.o)
    0x080087a4   0x00000020   Data   RO         2433    .constdata          STemWin522_CM3_Keil.lib(f32b_ascii.o)
    0x080087c4   0x00000040   Data   RO         2434    .constdata          STemWin522_CM3_Keil.lib(f32b_ascii.o)
    0x08008804   0x00000040   Data   RO         2435    .constdata          STemWin522_CM3_Keil.lib(f32b_ascii.o)
    0x08008844   0x00000040   Data   RO         2436    .constdata          STemWin522_CM3_Keil.lib(f32b_ascii.o)
    0x08008884   0x00000040   Data   RO         2437    .constdata          STemWin522_CM3_Keil.lib(f32b_ascii.o)
    0x080088c4   0x00000040   Data   RO         2438    .constdata          STemWin522_CM3_Keil.lib(f32b_ascii.o)
    0x08008904   0x00000040   Data   RO         2439    .constdata          STemWin522_CM3_Keil.lib(f32b_ascii.o)
    0x08008944   0x00000040   Data   RO         2440    .constdata          STemWin522_CM3_Keil.lib(f32b_ascii.o)
    0x08008984   0x00000040   Data   RO         2441    .constdata          STemWin522_CM3_Keil.lib(f32b_ascii.o)
    0x080089c4   0x00000040   Data   RO         2442    .constdata          STemWin522_CM3_Keil.lib(f32b_ascii.o)
    0x08008a04   0x00000040   Data   RO         2443    .constdata          STemWin522_CM3_Keil.lib(f32b_ascii.o)
    0x08008a44   0x00000040   Data   RO         2444    .constdata          STemWin522_CM3_Keil.lib(f32b_ascii.o)
    0x08008a84   0x00000040   Data   RO         2445    .constdata          STemWin522_CM3_Keil.lib(f32b_ascii.o)
    0x08008ac4   0x00000040   Data   RO         2446    .constdata          STemWin522_CM3_Keil.lib(f32b_ascii.o)
    0x08008b04   0x00000040   Data   RO         2447    .constdata          STemWin522_CM3_Keil.lib(f32b_ascii.o)
    0x08008b44   0x00000040   Data   RO         2448    .constdata          STemWin522_CM3_Keil.lib(f32b_ascii.o)
    0x08008b84   0x00000060   Data   RO         2449    .constdata          STemWin522_CM3_Keil.lib(f32b_ascii.o)
    0x08008be4   0x00000080   Data   RO         2450    .constdata          STemWin522_CM3_Keil.lib(f32b_ascii.o)
    0x08008c64   0x00000060   Data   RO         2451    .constdata          STemWin522_CM3_Keil.lib(f32b_ascii.o)
    0x08008cc4   0x00000060   Data   RO         2452    .constdata          STemWin522_CM3_Keil.lib(f32b_ascii.o)
    0x08008d24   0x00000060   Data   RO         2453    .constdata          STemWin522_CM3_Keil.lib(f32b_ascii.o)
    0x08008d84   0x00000060   Data   RO         2454    .constdata          STemWin522_CM3_Keil.lib(f32b_ascii.o)
    0x08008de4   0x00000060   Data   RO         2455    .constdata          STemWin522_CM3_Keil.lib(f32b_ascii.o)
    0x08008e44   0x00000060   Data   RO         2456    .constdata          STemWin522_CM3_Keil.lib(f32b_ascii.o)
    0x08008ea4   0x00000060   Data   RO         2457    .constdata          STemWin522_CM3_Keil.lib(f32b_ascii.o)
    0x08008f04   0x00000060   Data   RO         2458    .constdata          STemWin522_CM3_Keil.lib(f32b_ascii.o)
    0x08008f64   0x00000020   Data   RO         2459    .constdata          STemWin522_CM3_Keil.lib(f32b_ascii.o)
    0x08008f84   0x00000040   Data   RO         2460    .constdata          STemWin522_CM3_Keil.lib(f32b_ascii.o)
    0x08008fc4   0x00000060   Data   RO         2461    .constdata          STemWin522_CM3_Keil.lib(f32b_ascii.o)
    0x08009024   0x00000060   Data   RO         2462    .constdata          STemWin522_CM3_Keil.lib(f32b_ascii.o)
    0x08009084   0x00000060   Data   RO         2463    .constdata          STemWin522_CM3_Keil.lib(f32b_ascii.o)
    0x080090e4   0x00000060   Data   RO         2464    .constdata          STemWin522_CM3_Keil.lib(f32b_ascii.o)
    0x08009144   0x00000060   Data   RO         2465    .constdata          STemWin522_CM3_Keil.lib(f32b_ascii.o)
    0x080091a4   0x00000060   Data   RO         2466    .constdata          STemWin522_CM3_Keil.lib(f32b_ascii.o)
    0x08009204   0x00000060   Data   RO         2467    .constdata          STemWin522_CM3_Keil.lib(f32b_ascii.o)
    0x08009264   0x00000060   Data   RO         2468    .constdata          STemWin522_CM3_Keil.lib(f32b_ascii.o)
    0x080092c4   0x00000060   Data   RO         2469    .constdata          STemWin522_CM3_Keil.lib(f32b_ascii.o)
    0x08009324   0x00000060   Data   RO         2470    .constdata          STemWin522_CM3_Keil.lib(f32b_ascii.o)
    0x08009384   0x00000060   Data   RO         2471    .constdata          STemWin522_CM3_Keil.lib(f32b_ascii.o)
    0x080093e4   0x00000060   Data   RO         2472    .constdata          STemWin522_CM3_Keil.lib(f32b_ascii.o)
    0x08009444   0x00000080   Data   RO         2473    .constdata          STemWin522_CM3_Keil.lib(f32b_ascii.o)
    0x080094c4   0x00000060   Data   RO         2474    .constdata          STemWin522_CM3_Keil.lib(f32b_ascii.o)
    0x08009524   0x00000060   Data   RO         2475    .constdata          STemWin522_CM3_Keil.lib(f32b_ascii.o)
    0x08009584   0x00000060   Data   RO         2476    .constdata          STemWin522_CM3_Keil.lib(f32b_ascii.o)
    0x080095e4   0x00000040   Data   RO         2477    .constdata          STemWin522_CM3_Keil.lib(f32b_ascii.o)
    0x08009624   0x00000020   Data   RO         2478    .constdata          STemWin522_CM3_Keil.lib(f32b_ascii.o)
    0x08009644   0x00000040   Data   RO         2479    .constdata          STemWin522_CM3_Keil.lib(f32b_ascii.o)
    0x08009684   0x00000040   Data   RO         2480    .constdata          STemWin522_CM3_Keil.lib(f32b_ascii.o)
    0x080096c4   0x00000040   Data   RO         2481    .constdata          STemWin522_CM3_Keil.lib(f32b_ascii.o)
    0x08009704   0x00000040   Data   RO         2482    .constdata          STemWin522_CM3_Keil.lib(f32b_ascii.o)
    0x08009744   0x00000040   Data   RO         2483    .constdata          STemWin522_CM3_Keil.lib(f32b_ascii.o)
    0x08009784   0x00000060   Data   RO         2484    .constdata          STemWin522_CM3_Keil.lib(f32b_ascii.o)
    0x080097e4   0x00000040   Data   RO         2485    .constdata          STemWin522_CM3_Keil.lib(f32b_ascii.o)
    0x08009824   0x00000060   Data   RO         2486    .constdata          STemWin522_CM3_Keil.lib(f32b_ascii.o)
    0x08009884   0x00000040   Data   RO         2487    .constdata          STemWin522_CM3_Keil.lib(f32b_ascii.o)
    0x080098c4   0x00000040   Data   RO         2488    .constdata          STemWin522_CM3_Keil.lib(f32b_ascii.o)
    0x08009904   0x00000060   Data   RO         2489    .constdata          STemWin522_CM3_Keil.lib(f32b_ascii.o)
    0x08009964   0x00000060   Data   RO         2490    .constdata          STemWin522_CM3_Keil.lib(f32b_ascii.o)
    0x080099c4   0x00000020   Data   RO         2491    .constdata          STemWin522_CM3_Keil.lib(f32b_ascii.o)
    0x080099e4   0x00000020   Data   RO         2492    .constdata          STemWin522_CM3_Keil.lib(f32b_ascii.o)
    0x08009a04   0x00000040   Data   RO         2493    .constdata          STemWin522_CM3_Keil.lib(f32b_ascii.o)
    0x08009a44   0x00000020   Data   RO         2494    .constdata          STemWin522_CM3_Keil.lib(f32b_ascii.o)
    0x08009a64   0x00000080   Data   RO         2495    .constdata          STemWin522_CM3_Keil.lib(f32b_ascii.o)
    0x08009ae4   0x00000060   Data   RO         2496    .constdata          STemWin522_CM3_Keil.lib(f32b_ascii.o)
    0x08009b44   0x00000060   Data   RO         2497    .constdata          STemWin522_CM3_Keil.lib(f32b_ascii.o)
    0x08009ba4   0x00000060   Data   RO         2498    .constdata          STemWin522_CM3_Keil.lib(f32b_ascii.o)
    0x08009c04   0x00000060   Data   RO         2499    .constdata          STemWin522_CM3_Keil.lib(f32b_ascii.o)
    0x08009c64   0x00000040   Data   RO         2500    .constdata          STemWin522_CM3_Keil.lib(f32b_ascii.o)
    0x08009ca4   0x00000040   Data   RO         2501    .constdata          STemWin522_CM3_Keil.lib(f32b_ascii.o)
    0x08009ce4   0x00000040   Data   RO         2502    .constdata          STemWin522_CM3_Keil.lib(f32b_ascii.o)
    0x08009d24   0x00000060   Data   RO         2503    .constdata          STemWin522_CM3_Keil.lib(f32b_ascii.o)
    0x08009d84   0x00000040   Data   RO         2504    .constdata          STemWin522_CM3_Keil.lib(f32b_ascii.o)
    0x08009dc4   0x00000060   Data   RO         2505    .constdata          STemWin522_CM3_Keil.lib(f32b_ascii.o)
    0x08009e24   0x00000040   Data   RO         2506    .constdata          STemWin522_CM3_Keil.lib(f32b_ascii.o)
    0x08009e64   0x00000040   Data   RO         2507    .constdata          STemWin522_CM3_Keil.lib(f32b_ascii.o)
    0x08009ea4   0x00000040   Data   RO         2508    .constdata          STemWin522_CM3_Keil.lib(f32b_ascii.o)
    0x08009ee4   0x00000040   Data   RO         2509    .constdata          STemWin522_CM3_Keil.lib(f32b_ascii.o)
    0x08009f24   0x00000020   Data   RO         2510    .constdata          STemWin522_CM3_Keil.lib(f32b_ascii.o)
    0x08009f44   0x00000040   Data   RO         2511    .constdata          STemWin522_CM3_Keil.lib(f32b_ascii.o)
    0x08009f84   0x00000040   Data   RO         2512    .constdata          STemWin522_CM3_Keil.lib(f32b_ascii.o)
    0x08009fc4   0x000002f8   Data   RO         2513    .constdata          STemWin522_CM3_Keil.lib(f32b_ascii.o)
    0x0800a2bc   0x0000000c   Data   RO         2514    .constdata          STemWin522_CM3_Keil.lib(f32b_ascii.o)
    0x0800a2c8   0x00000024   Data   RO         2515    .constdata          STemWin522_CM3_Keil.lib(f32b_ascii.o)
    0x0800a2ec   0x00000518   Data   RO         2516    .constdata          STemWin522_CM3_Keil.lib(f6x8.o)
    0x0800a804   0x000001c0   Data   RO         2517    .constdata          STemWin522_CM3_Keil.lib(f6x8.o)
    0x0800a9c4   0x00000008   Data   RO         2518    .constdata          STemWin522_CM3_Keil.lib(f6x8.o)
    0x0800a9cc   0x00000014   Data   RO         2519    .constdata          STemWin522_CM3_Keil.lib(f6x8.o)
    0x0800a9e0   0x00000024   Data   RO         2520    .constdata          STemWin522_CM3_Keil.lib(f6x8.o)
    0x0800aa04   0x00000100   Data   RO         2522    .constdata          STemWin522_CM3_Keil.lib(gui__divtbl_255_31.o)
    0x0800ab04   0x00000100   Data   RO         2523    .constdata          STemWin522_CM3_Keil.lib(gui__divtbl_255_63.o)
    0x0800ac04   0x00000020   Data   RO         2524    .constdata          STemWin522_CM3_Keil.lib(gui__divtbl_31_255.o)
    0x0800ac24   0x00000040   Data   RO         2525    .constdata          STemWin522_CM3_Keil.lib(gui__divtbl_63_255.o)
    0x0800ac64   0x00000028   Data   RO         2537    .constdata          STemWin522_CM3_Keil.lib(gui_adddecshift.o)
    0x0800ac8c   0x00000010   Data   RO         2576    .constdata          STemWin522_CM3_Keil.lib(gui_uc_encodenone.o)
    0x0800ac9c   0x0000000c   Data   RO         2604    .constdata          STemWin522_CM3_Keil.lib(lcd.o)
    0x0800aca8   0x00000074   Data   RO         2655    .constdata          STemWin522_CM3_Keil.lib(guidev_16.o)
    0x0800ad1c   0x00000018   Data   RO         2906    .constdata          STemWin522_CM3_Keil.lib(guicc_0.o)
    0x0800ad34   0x00000100   Data   RO         2996    .constdata          STemWin522_CM3_Keil.lib(lcd_mirror.o)
    0x0800ae34   0x00000008   Data   RO         3071    .constdata          STemWin522_CM3_Keil.lib(guidev_writetoactiveopaque.o)
    0x0800ae3c   0x00000004   PAD
    0x0800ae40   0x00000088   Data   RO         3624    .constdata          m_ws.l(pow.o)
    0x0800aec8   0x00000008   Data   RO         3675    .constdata          m_ws.l(qnan.o)
    0x0800aed0   0x00000020   Data   RO         3724    Region$$Table       anon$$obj.o


    Execution Region RW_IRAM1 (Base: 0x20000000, Size: 0x0000c888, Max: 0x00010000, ABSOLUTE)

    Base Addr    Size         Type   Attr      Idx    E Section Name        Object

    0x20000000   0x00000004   Data   RW          544    .data               stm32f1xx_hal.o
    0x20000004   0x00000004   Data   RW         1564    .data               system_stm32f1xx_1.o
    0x20000008   0x00000008   Data   RW         1747    .data               crc.o
    0x20000010   0x00000008   Data   RW         2036    .data               STemWin522_CM3_Keil.lib(guicc_m565.o)
    0x20000018   0x00000008   Data   RW         2077    .data               STemWin522_CM3_Keil.lib(gui_alloc.o)
    0x20000020   0x0000002c   Data   RW         2134    .data               STemWin522_CM3_Keil.lib(gui_core.o)
    0x2000004c   0x00000004   Data   RW         2137    .data               STemWin522_CM3_Keil.lib(gui_core.o)
    0x20000050   0x00000004   Data   RW         2138    .data               STemWin522_CM3_Keil.lib(gui_core.o)
    0x20000054   0x00000002   Data   RW         2139    .data               STemWin522_CM3_Keil.lib(gui_core.o)
    0x20000056   0x00000002   Data   RW         2140    .data               STemWin522_CM3_Keil.lib(gui_core.o)
    0x20000058   0x0000001c   Data   RW         2318    .data               STemWin522_CM3_Keil.lib(guidrv_flexcolor.o)
    0x20000074   0x00000004   Data   RW         2605    .data               STemWin522_CM3_Keil.lib(lcd.o)
    0x20000078   0x00000010   Data   RW         2631    .data               STemWin522_CM3_Keil.lib(lcd_color.o)
    0x20000088   0x00000058   Data   RW         2728    .data               STemWin522_CM3_Keil.lib(wm.o)
    0x200000e0   0x00000008   Data   RW         2793    .data               STemWin522_CM3_Keil.lib(gui__managecache.o)
    0x200000e8   0x00000004   Data   RW         2816    .data               STemWin522_CM3_Keil.lib(gui_charline.o)
    0x200000ec   0x0000000c   Data   RW         2837    .data               STemWin522_CM3_Keil.lib(gui_onkey.o)
    0x200000f8   0x0000000c   Data   RW         2894    .data               STemWin522_CM3_Keil.lib(gui_waitevent.o)
    0x20000104   0x00000004   Data   RW         3077    .data               STemWin522_CM3_Keil.lib(wm__sendmessage.o)
    0x20000108   0x00000004   Data   RW         3705    .data               mc_w.l(errno.o)
    0x2000010c   0x00000030   Zero   RW         1789    .bss                adc.o
    0x2000013c   0x0000c350   Zero   RW         1826    .bss                guiconf.o
    0x2000c48c   0x000000c8   Zero   RW         2076    .bss                STemWin522_CM3_Keil.lib(gui_alloc.o)
    0x2000c554   0x00000078   Zero   RW         2132    .bss                STemWin522_CM3_Keil.lib(gui_core.o)
    0x2000c5cc   0x00000018   Zero   RW         2727    .bss                STemWin522_CM3_Keil.lib(wm.o)
    0x2000c5e4   0x00000058   Zero   RW         2836    .bss                STemWin522_CM3_Keil.lib(gui_onkey.o)
    0x2000c63c   0x00000048   Zero   RW         3118    .bss                STemWin522_CM3_Keil.lib(wm_touch.o)
    0x2000c684   0x00000004   PAD
    0x2000c688   0x00000200   Zero   RW         1595    STACK               startup_stm32f107xc.o


==============================================================================

Image component sizes


      Code (inc. data)   RO Data    RW Data    ZI Data      Debug   Object Name

       140         24          0          0         48       1821   adc.o
        44          6          0          0          0       1044   adc_dup.o
        60         18          0          8          0       1635   crc.o
        24          0          0          0          0        571   delay.o
       192         18          0          0          0       1107   gpio.o
         4          0          0          0          0       1010   gui_x.o
        32         10          0          0      50000      47284   guiconf.o
      1158         78          0          0          0       7825   lcd_ssd1289.o
       208         34          0          0          0       7120   lcdconf_flexcolor_template.o
       304         28          0          0          0       1260   main.o
        36          8        336          0        512        824   startup_stm32f107xc.o
       120         16          0          4          0       4066   stm32f1xx_hal.o
      1054         38          0          0          0       5928   stm32f1xx_hal_adc.o
       200          6          0          0          0       1586   stm32f1xx_hal_adc_ex.o
       206         14          0          0          0      27296   stm32f1xx_hal_cortex.o
        34          0          0          0          0       1159   stm32f1xx_hal_crc.o
         0          0          0          0          0     326484   stm32f1xx_hal_flash.o
       454         36          0          0          0       3248   stm32f1xx_hal_gpio.o
       108         10          0          0          0        966   stm32f1xx_hal_msp.o
      2918         90         16          0          0       6453   stm32f1xx_hal_rcc.o
       984         58          0          0          0       3177   stm32f1xx_hal_rcc_ex.o
        14          0          0          0          0        530   stm32f1xx_it.o
        84         16          0          4          0       1537   system_stm32f1xx_1.o

    ----------------------------------------------------------------------
      8392        508        384         16      50560     453931   Object Totals
         0          0         32          0          0          0   (incl. Generated)
        14          0          0          0          0          0   (incl. Padding)

    ----------------------------------------------------------------------

      Code (inc. data)   RO Data    RW Data    ZI Data      Debug   Library Member Name

         0          0       7848          0          0          0   f32b_ascii.o
         0          0       1816          0          0          0   f6x8.o
       296          0          0          0          0         76   gui__compactpixelindices.o
         0          0        256          0          0          0   gui__divtbl_255_31.o
         0          0        256          0          0          0   gui__divtbl_255_63.o
         0          0         32          0          0          0   gui__divtbl_31_255.o
         0          0         64          0          0          0   gui__divtbl_63_255.o
        58          0          0          0          0         68   gui__intersectrect.o
        82          0          0          0          0         80   gui__intersectrects.o
       188          8          0          8          0        152   gui__managecache.o
        76          0          0          0          0         76   gui__memset.o
        58          0          0          0          0         76   gui__memset16.o
       152         10         40          0          0         84   gui_adddecshift.o
      1634         88          0          8        200       1548   gui_alloc.o
        36          0          0          0          0         80   gui_alloc_alloczero.o
        68          0          0          0          0         76   gui_calccolordist.o
        96         22          0          0          0        272   gui_char.o
       458         36          0          4          0        472   gui_charline.o
       394         10          0          0          0        300   gui_charm.o
       308         10          0          0          0        384   gui_charp.o
       460         78          8         56        120        620   gui_core.o
       340         22          0          0          0        516   gui_device.o
       256          4          0          0          0         88   gui_dispstring.o
        16          4          0          0          0         68   gui_dispstringat.o
        28          0          0          0          0        160   gui_getcolor.o
        52         12          0          0          0        216   gui_goto.o
        88          0          0          0          0         76   gui_mergerect.o
        30          0          0          0          0         68   gui_moverect.o
        16          4          0         12         88         68   gui_onkey.o
        56          0          0          0          0         68   gui_rectsintersect.o
        36          8          0          0          0         80   gui_selectlayer.o
        18          0          0          0          0         80   gui_selectlcd.o
         8          0          0          0          0        136   gui_setcolor.o
        20          6          0          0          0         68   gui_setfont.o
        56         18          0          0          0         80   gui_setorg.o
        84         10          0          0          0        168   gui_uc.o
        18          0         16          0          0        272   gui_uc_encodenone.o
       208          8         16          0          0        352   gui_uc_encodeutf8.o
        34          0          0          0          0         80   gui_val.o
        16          4          0         12          0         68   gui_waitevent.o
       198          0         24          0          0        244   guicc_0.o
       206         32         24          8          0        336   guicc_m565.o
        44         10          0          0          0         76   guicc_m565_index2color.o
       100          6          0          0          0        160   guidev.o
      2268         60        116          0          0       1324   guidev_16.o
        22          0          0          0          0         80   guidev_getdataptr.o
        76          0          0          0          0        164   guidev_usage.o
      1698         18          8          0          0        384   guidev_writetoactiveopaque.o
      1472         74        116         28          0       3308   guidrv_flexcolor.o
      1684         60          0          0          0        856   guidrv_flexcolor_16bpp_c0b16.o
      1018         60          0          0          0       1060   guidrv_flexcolor_func66702.o
      1650        110         12          4          0       1340   lcd.o
       260         26          0         16          0        388   lcd_color.o
        32         12          0          0          0        136   lcd_getcolorindex.o
       292         24          0          0          0        784   lcd_getex.o
        26          0          0          0          0         80   lcd_getnumdisplays.o
         0          0        256          0          0          0   lcd_mirror.o
        68         10          0          0          0         80   lcd_selectlcd.o
       132          0          0          0          0        252   lcd_set.o
        48         10          0          0          0         80   lcd_setcliprectex.o
        36          4          0          0          0         80   lcd_updatecolorindices.o
      2952        128          0         88         24       2556   wm.o
        18          0          0          0          0         76   wm__getfirstsibling.o
        36          0          0          0          0         80   wm__getprevsibling.o
        60          6          0          4          0         88   wm__sendmessage.o
       126          0          0          0          0         92   wm_bringtobottom.o
        16          6          0          0          0         68   wm_criticalhandle.o
        32          0          0          0          0         80   wm_getclientrect.o
        24         10          0          0          0         68   wm_getdesktopwindow.o
        14          0          0          0          0         76   wm_getfirstchild.o
        14          0          0          0          0         76   wm_getparent.o
        30          0          0          0          0         92   wm_sendtoparent.o
         0          0          0          0         72          0   wm_touch.o
        62         10          0          0          0        340   dunder.o
        40          0          0          0          0         68   fpclassify.o
       170          0          0          0          0         96   poly.o
      2520        190        136          0          0        324   pow.o
         0          0          8          0          0          0   qnan.o
        76          0          0          0          0         84   sqrt.o
         0          0          0          0          0          0   entry.o
         0          0          0          0          0          0   entry10a.o
         0          0          0          0          0          0   entry11a.o
         8          4          0          0          0          0   entry2.o
         4          0          0          0          0          0   entry5.o
         0          0          0          0          0          0   entry7b.o
         0          0          0          0          0          0   entry8b.o
         8          4          0          0          0          0   entry9a.o
        12          6          0          4          0         68   errno.o
        30          0          0          0          0          0   handlers.o
        36          8          0          0          0         68   init.o
         0          0          0          0          0          0   iusefp.o
        30          0          0          0          0         68   llshl.o
        36          0          0          0          0         68   llsshr.o
        32          0          0          0          0         68   llushr.o
        64          0          0          0          0         76   memmovea.o
        36          0          0          0          0        108   memseta.o
        48          0          0          0          0         68   cdrcmple.o
       334          0          0          0          0        148   dadd.o
       222          0          0          0          0        100   ddiv.o
       186          0          0          0          0        176   depilogue.o
        50          0          0          0          0         76   dfixui.o
        34          0          0          0          0         76   dflti.o
        26          0          0          0          0         76   dfltui.o
       228          0          0          0          0         96   dmul.o
        46          0          0          0          0         80   dscalb.o
       162          0          0          0          0        100   dsqrt.o

    ----------------------------------------------------------------------
     24952       1250      11056        252        508      24072   Library Totals
        56          0          4          0          4          0   (incl. Padding)

    ----------------------------------------------------------------------

      Code (inc. data)   RO Data    RW Data    ZI Data      Debug   Library Name

     20396       1028      10908        248        504      21640   STemWin522_CM3_Keil.lib
      2868        200        144          0          0        912   m_ws.l
       296         22          0          4          0        524   mc_w.l
      1336          0          0          0          0        996   mf_w.l

    ----------------------------------------------------------------------
     24952       1250      11056        252        508      24072   Library Totals

    ----------------------------------------------------------------------

==============================================================================


      Code (inc. data)   RO Data    RW Data    ZI Data      Debug   

     33344       1758      11440        268      51068     459747   Grand Totals
     33344       1758      11440        268      51068     459747   ELF Image Totals
     33344       1758      11440        268          0          0   ROM Totals

==============================================================================

    Total RO  Size (Code + RO Data)                44784 (  43.73kB)
    Total RW  Size (RW Data + ZI Data)             51336 (  50.13kB)
    Total ROM Size (Code + RO Data + RW Data)      45052 (  44.00kB)

==============================================================================

