Component: ARM Compiler 5.06 update 2 (build 183) Tool: armlink [4d35b7]

==============================================================================

Section Cross References

    stm32f1xx_hal_flash.o(i.FLASH_Program_HalfWord) refers to stm32f1xx_hal_flash.o(.bss) for .bss
    stm32f1xx_hal_flash.o(i.FLASH_SetErrorCode) refers to stm32f1xx_hal_flash.o(.bss) for .bss
    stm32f1xx_hal_flash.o(i.FLASH_WaitForLastOperation) refers to stm32f1xx_hal.o(i.HAL_GetTick) for HAL_GetTick
    stm32f1xx_hal_flash.o(i.FLASH_WaitForLastOperation) refers to stm32f1xx_hal_flash.o(i.FLASH_SetErrorCode) for FLASH_SetErrorCode
    stm32f1xx_hal_flash.o(i.HAL_FLASH_GetError) refers to stm32f1xx_hal_flash.o(.bss) for .bss
    stm32f1xx_hal_flash.o(i.HAL_FLASH_IRQHandler) refers to stm32f1xx_hal_flash.o(i.FLASH_SetErrorCode) for FLASH_SetErrorCode
    stm32f1xx_hal_flash.o(i.HAL_FLASH_IRQHandler) refers to stm32f1xx_hal_flash.o(i.HAL_FLASH_OperationErrorCallback) for HAL_FLASH_OperationErrorCallback
    stm32f1xx_hal_flash.o(i.HAL_FLASH_IRQHandler) refers to stm32f1xx_hal_flash.o(i.FLASH_Program_HalfWord) for FLASH_Program_HalfWord
    stm32f1xx_hal_flash.o(i.HAL_FLASH_IRQHandler) refers to stm32f1xx_hal_flash.o(i.HAL_FLASH_EndOfOperationCallback) for HAL_FLASH_EndOfOperationCallback
    stm32f1xx_hal_flash.o(i.HAL_FLASH_IRQHandler) refers to stm32f1xx_hal_flash_ex.o(i.FLASH_PageErase) for FLASH_PageErase
    stm32f1xx_hal_flash.o(i.HAL_FLASH_IRQHandler) refers to stm32f1xx_hal_flash.o(.bss) for .bss
    stm32f1xx_hal_flash.o(i.HAL_FLASH_OB_Launch) refers to stm32f1xx_hal_cortex.o(i.HAL_NVIC_SystemReset) for HAL_NVIC_SystemReset
    stm32f1xx_hal_flash.o(i.HAL_FLASH_Program) refers to stm32f1xx_hal_flash.o(i.FLASH_WaitForLastOperation) for FLASH_WaitForLastOperation
    stm32f1xx_hal_flash.o(i.HAL_FLASH_Program) refers to llushr.o(.text) for __aeabi_llsr
    stm32f1xx_hal_flash.o(i.HAL_FLASH_Program) refers to stm32f1xx_hal_flash.o(i.FLASH_Program_HalfWord) for FLASH_Program_HalfWord
    stm32f1xx_hal_flash.o(i.HAL_FLASH_Program) refers to stm32f1xx_hal_flash.o(.bss) for .bss
    stm32f1xx_hal_flash.o(i.HAL_FLASH_Program_IT) refers to stm32f1xx_hal_flash.o(i.FLASH_Program_HalfWord) for FLASH_Program_HalfWord
    stm32f1xx_hal_flash.o(i.HAL_FLASH_Program_IT) refers to stm32f1xx_hal_flash.o(.bss) for .bss
    stm32f1xx_hal_tim_ex.o(i.HAL_TIMEx_ConfigCommutationEvent_DMA) refers to stm32f1xx_hal_tim_ex.o(i.TIMEx_DMACommutationCplt) for TIMEx_DMACommutationCplt
    stm32f1xx_hal_tim_ex.o(i.HAL_TIMEx_ConfigCommutationEvent_DMA) refers to stm32f1xx_hal_tim.o(i.TIM_DMAError) for TIM_DMAError
    stm32f1xx_hal_tim_ex.o(i.HAL_TIMEx_HallSensor_DeInit) refers to stm32f1xx_hal_tim_ex.o(i.HAL_TIMEx_HallSensor_MspDeInit) for HAL_TIMEx_HallSensor_MspDeInit
    stm32f1xx_hal_tim_ex.o(i.HAL_TIMEx_HallSensor_Init) refers to stm32f1xx_hal_tim_ex.o(i.HAL_TIMEx_HallSensor_MspInit) for HAL_TIMEx_HallSensor_MspInit
    stm32f1xx_hal_tim_ex.o(i.HAL_TIMEx_HallSensor_Init) refers to stm32f1xx_hal_tim.o(i.TIM_Base_SetConfig) for TIM_Base_SetConfig
    stm32f1xx_hal_tim_ex.o(i.HAL_TIMEx_HallSensor_Init) refers to stm32f1xx_hal_tim.o(i.TIM_TI1_SetConfig) for TIM_TI1_SetConfig
    stm32f1xx_hal_tim_ex.o(i.HAL_TIMEx_HallSensor_Init) refers to stm32f1xx_hal_tim.o(i.TIM_OC2_SetConfig) for TIM_OC2_SetConfig
    stm32f1xx_hal_tim_ex.o(i.HAL_TIMEx_HallSensor_Start) refers to stm32f1xx_hal_tim.o(i.TIM_CCxChannelCmd) for TIM_CCxChannelCmd
    stm32f1xx_hal_tim_ex.o(i.HAL_TIMEx_HallSensor_Start_DMA) refers to stm32f1xx_hal_tim.o(i.TIM_CCxChannelCmd) for TIM_CCxChannelCmd
    stm32f1xx_hal_tim_ex.o(i.HAL_TIMEx_HallSensor_Start_DMA) refers to stm32f1xx_hal_dma.o(i.HAL_DMA_Start_IT) for HAL_DMA_Start_IT
    stm32f1xx_hal_tim_ex.o(i.HAL_TIMEx_HallSensor_Start_DMA) refers to stm32f1xx_hal_tim.o(i.TIM_DMACaptureCplt) for TIM_DMACaptureCplt
    stm32f1xx_hal_tim_ex.o(i.HAL_TIMEx_HallSensor_Start_DMA) refers to stm32f1xx_hal_tim.o(i.TIM_DMAError) for TIM_DMAError
    stm32f1xx_hal_tim_ex.o(i.HAL_TIMEx_HallSensor_Start_IT) refers to stm32f1xx_hal_tim.o(i.TIM_CCxChannelCmd) for TIM_CCxChannelCmd
    stm32f1xx_hal_tim_ex.o(i.HAL_TIMEx_HallSensor_Stop) refers to stm32f1xx_hal_tim.o(i.TIM_CCxChannelCmd) for TIM_CCxChannelCmd
    stm32f1xx_hal_tim_ex.o(i.HAL_TIMEx_HallSensor_Stop_DMA) refers to stm32f1xx_hal_tim.o(i.TIM_CCxChannelCmd) for TIM_CCxChannelCmd
    stm32f1xx_hal_tim_ex.o(i.HAL_TIMEx_HallSensor_Stop_IT) refers to stm32f1xx_hal_tim.o(i.TIM_CCxChannelCmd) for TIM_CCxChannelCmd
    stm32f1xx_hal_tim_ex.o(i.HAL_TIMEx_OCN_Start) refers to stm32f1xx_hal_tim_ex.o(i.TIM_CCxNChannelCmd) for TIM_CCxNChannelCmd
    stm32f1xx_hal_tim_ex.o(i.HAL_TIMEx_OCN_Start_DMA) refers to stm32f1xx_hal_dma.o(i.HAL_DMA_Start_IT) for HAL_DMA_Start_IT
    stm32f1xx_hal_tim_ex.o(i.HAL_TIMEx_OCN_Start_DMA) refers to stm32f1xx_hal_tim_ex.o(i.TIM_CCxNChannelCmd) for TIM_CCxNChannelCmd
[...]
    HAL_RCC_GetPCLK2Freq                     0x08003509   Thumb Code    36  stm32f1xx_hal_rcc.o(i.HAL_RCC_GetPCLK2Freq)
    HAL_RCC_GetSysClockFreq                  0x08003535   Thumb Code   184  stm32f1xx_hal_rcc.o(i.HAL_RCC_GetSysClockFreq)
    HAL_RCC_OscConfig                        0x08003619   Thumb Code  1946  stm32f1xx_hal_rcc.o(i.HAL_RCC_OscConfig)
    HAL_SYSTICK_CLKSourceConfig              0x08003db3   Thumb Code    24  stm32f1xx_hal_cortex.o(i.HAL_SYSTICK_CLKSourceConfig)
    HAL_SYSTICK_Callback                     0x08003dcb   Thumb Code     2  stm32f1xx_hal_cortex.o(i.HAL_SYSTICK_Callback)
    HAL_SYSTICK_Config                       0x08003dcd   Thumb Code    40  stm32f1xx_hal_cortex.o(i.HAL_SYSTICK_Config)
    HAL_SYSTICK_IRQHandler                   0x08003df5   Thumb Code     8  stm32f1xx_hal_cortex.o(i.HAL_SYSTICK_IRQHandler)
    LCD_Color2Index                          0x08003dfd   Thumb Code    18  lcd.o(i.LCD_Color2Index)
    LCD_DrawBitmap                           0x08003e19   Thumb Code   508  lcd.o(i.LCD_DrawBitmap)
    LCD_DrawHLine                            0x08004021   Thumb Code    78  lcd.o(i.LCD_DrawHLine)
    LCD_DrawPixel                            0x08004079   Thumb Code    96  lcd.o(i.LCD_DrawPixel)
    LCD_FillRect                             0x080040e1   Thumb Code    80  lcd.o(i.LCD_FillRect)
    LCD_GetBitsPerPixelEx                    0x08004139   Thumb Code     6  lcd_getex.o(i.LCD_GetBitsPerPixelEx)
    LCD_GetBkColorIndex                      0x08004141   Thumb Code    10  lcd_getcolorindex.o(i.LCD_GetBkColorIndex)
    LCD_GetColorIndex                        0x08004151   Thumb Code    10  lcd_getcolorindex.o(i.LCD_GetColorIndex)
    LCD_GetNumColors                         0x08004161   Thumb Code    12  lcd_getex.o(i.LCD_GetNumColors)
    LCD_GetNumColorsEx                       0x08004171   Thumb Code     6  lcd_getex.o(i.LCD_GetNumColorsEx)
    LCD_GetNumLayers                         0x08004177   Thumb Code    26  lcd_getnumdisplays.o(i.LCD_GetNumLayers)
    LCD_GetPalette                           0x08004191   Thumb Code    10  lcd_getex.o(i.LCD_GetPalette)
    LCD_GetPaletteEx                         0x080041a1   Thumb Code    24  lcd_getex.o(i.LCD_GetPaletteEx)
    LCD_GetpPalConvTableBM                   0x080041b9   Thumb Code     4  lcd_color.o(i.LCD_GetpPalConvTableBM)
    LCD_GetpPalConvTableUncached             0x080041bd   Thumb Code    68  lcd_color.o(i.LCD_GetpPalConvTableUncached)
    LCD_Index2Color                          0x08004205   Thumb Code    18  lcd.o(i.LCD_Index2Color)
    LCD_Index2Color_M565                     0x08004221   Thumb Code    34  guicc_m565_index2color.o(i.LCD_Index2Color_M565)
    LCD_InitColors                           0x0800424d   Thumb Code    42  lcd_color.o(i.LCD_InitColors)
    LCD_InitLUT                              0x08004281   Thumb Code   104  lcd_color.o(i.LCD_InitLUT)
    LCD_SelectLCD                            0x080042f1   Thumb Code    58  lcd_selectlcd.o(i.LCD_SelectLCD)
    LCD_SetBkColor                           0x08004335   Thumb Code     8  lcd.o(i.LCD_SetBkColor)
    LCD_SetBkColorIndex                      0x08004341   Thumb Code    20  lcd.o(i.LCD_SetBkColorIndex)
    LCD_SetClipRectEx                        0x08004359   Thumb Code    38  lcd_setcliprectex.o(i.LCD_SetClipRectEx)
    LCD_SetClipRectMax                       0x08004389   Thumb Code    20  lcd.o(i.LCD_SetClipRectMax)
    LCD_SetColor                             0x080043a5   Thumb Code     8  lcd.o(i.LCD_SetColor)
    LCD_SetColorIndex                        0x080043b1   Thumb Code    20  lcd.o(i.LCD_SetColorIndex)
    LCD_SetDrawMode                          0x080043c9   Thumb Code     8  lcd.o(i.LCD_SetDrawMode)
    LCD_SetLUTEntryEx                        0x080043d5   Thumb Code    44  lcd_set.o(i.LCD_SetLUTEntryEx)
    LCD_SetSizeEx                            0x08004401   Thumb Code    44  lcd_set.o(i.LCD_SetSizeEx)
    LCD_SetVSizeEx                           0x0800442d   Thumb Code    44  lcd_set.o(i.LCD_SetVSizeEx)
    LCD_UpdateColorIndices                   0x08004459   Thumb Code    32  lcd_updatecolorindices.o(i.LCD_UpdateColorIndices)
    LCD_X_Config                             0x0800447d   Thumb Code   102  lcdconf_flexcolor_template.o(i.LCD_X_Config)
    LCD_X_DisplayDriver                      0x08004505   Thumb Code    20  lcdconf_flexcolor_template.o(i.LCD_X_DisplayDriver)
    LCD__DrawBitmap_1bpp                     0x08004519   Thumb Code   424  lcd.o(i.LCD__DrawBitmap_1bpp)
    LCD__GetBPP                              0x080046cd   Thumb Code    92  lcd_getex.o(i.LCD__GetBPP)
    LCD__GetBPPDevice                        0x08004729   Thumb Code    50  lcd_getex.o(i.LCD__GetBPPDevice)
    MX_ADC1_Init                             0x08004791   Thumb Code    70  adc.o(i.MX_ADC1_Init)
    MX_CRC_Init                              0x080047e1   Thumb Code    12  crc.o(i.MX_CRC_Init)
    MX_DMA_Init                              0x080047f5   Thumb Code    40  dma.o(i.MX_DMA_Init)
    MX_GPIO_Init                             0x08004821   Thumb Code   158  gpio.o(i.MX_GPIO_Init)
    SysTick_Handler                          0x080048f1   Thumb Code    14  stm32f1xx_it.o(i.SysTick_Handler)
    SystemClock_Config                       0x08004901   Thumb Code   136  main.o(i.SystemClock_Config)
    SystemInit                               0x0800498d   Thumb Code    68  system_stm32f1xx.o(i.SystemInit)
    TIM7_IRQHandler                          0x080049e1   Thumb Code     2  stm32f1xx_it.o(i.TIM7_IRQHandler)
    WM_Activate                              0x080049e5   Thumb Code    12  wm.o(i.WM_Activate)
    WM_BringToBottom                         0x080049f5   Thumb Code   126  wm_bringtobottom.o(i.WM_BringToBottom)
    WM_CreateWindowAsChild                   0x08004a75   Thumb Code   318  wm.o(i.WM_CreateWindowAsChild)
    WM_DefaultProc                           0x08004bc1   Thumb Code    70  wm.o(i.WM_DefaultProc)
    WM_GetDesktopWindow                      0x08004c09   Thumb Code    14  wm_getdesktopwindow.o(i.WM_GetDesktopWindow)
    WM_GetFirstChild                         0x08004c21   Thumb Code    14  wm_getfirstchild.o(i.WM_GetFirstChild)
    WM_GetParent                             0x08004c2f   Thumb Code    14  wm_getparent.o(i.WM_GetParent)
    WM_Init                                  0x08004c3d   Thumb Code   184  wm.o(i.WM_Init)
    WM_InvalidateRect                        0x08004d11   Thumb Code   118  wm.o(i.WM_InvalidateRect)
    WM_InvalidateWindow                      0x08004d87   Thumb Code     6  wm.o(i.WM_InvalidateWindow)
    WM_InvalidateWindowAndDescsEx            0x08004d8d   Thumb Code    94  wm.o(i.WM_InvalidateWindowAndDescsEx)
    WM_SelectWindow                          0x08004ded   Thumb Code    52  wm.o(i.WM_SelectWindow)
    WM_SendToParent                          0x08004e29   Thumb Code    30  wm_sendtoparent.o(i.WM_SendToParent)
    WM__ActivateClipRect                     0x08004e49   Thumb Code    58  wm.o(i.WM__ActivateClipRect)
    WM__AddCriticalHandle                    0x08004e91   Thumb Code    10  wm_criticalhandle.o(i.WM__AddCriticalHandle)
    WM__Client2Screen                        0x08004ea1   Thumb Code    16  wm.o(i.WM__Client2Screen)
    WM__ClipAtParentBorders                  0x08004eb1   Thumb Code    78  wm.o(i.WM__ClipAtParentBorders)
    WM__GetClientRectEx                      0x08004eff   Thumb Code    32  wm_getclientrect.o(i.WM__GetClientRectEx)
    WM__GetClientRectWin                     0x08004f1f   Thumb Code    24  wm.o(i.WM__GetClientRectWin)
    WM__GetFirstSibling                      0x08004f37   Thumb Code    18  wm__getfirstsibling.o(i.WM__GetFirstSibling)
    WM__GetNextIVR                           0x08004f49   Thumb Code    54  wm.o(i.WM__GetNextIVR)
    WM__GetPrevSibling                       0x08004f89   Thumb Code    36  wm__getprevsibling.o(i.WM__GetPrevSibling)
    WM__GetTopLevelLayer                     0x08004fad   Thumb Code    24  wm.o(i.WM__GetTopLevelLayer)
    WM__InitIVRSearch                        0x08004fc5   Thumb Code   228  wm.o(i.WM__InitIVRSearch)
    WM__InsertWindowIntoList                 0x080050b5   Thumb Code   164  wm.o(i.WM__InsertWindowIntoList)
    WM__Invalidate1Abs                       0x08005159   Thumb Code     6  wm.o(i.WM__Invalidate1Abs)
    WM__InvalidateDrawAndDescs               0x0800515f   Thumb Code    70  wm.o(i.WM__InvalidateDrawAndDescs)
    WM__InvalidateRect                       0x080051a5   Thumb Code   118  wm.o(i.WM__InvalidateRect)
    WM__InvalidateRectEx                     0x0800521b   Thumb Code     6  wm.o(i.WM__InvalidateRectEx)
    WM__RectIsNZ                             0x08005221   Thumb Code    32  wm.o(i.WM__RectIsNZ)
    WM__SelectTopLevelLayer                  0x08005241   Thumb Code    20  wm.o(i.WM__SelectTopLevelLayer)
    WM__SendMessage                          0x08005255   Thumb Code    54  wm__sendmessage.o(i.WM__SendMessage)
    WM__SendMsgNoData                        0x08005291   Thumb Code    14  wm.o(i.WM__SendMsgNoData)
    __ARM_fpclassify                         0x08007d15   Thumb Code    40  fpclassify.o(i.__ARM_fpclassify)
    __kernel_poly                            0x08007d3d   Thumb Code   170  poly.o(i.__kernel_poly)
    __mathlib_dbl_divzero                    0x08007de9   Thumb Code    12  dunder.o(i.__mathlib_dbl_divzero)
    __mathlib_dbl_infnan2                    0x08007df9   Thumb Code     4  dunder.o(i.__mathlib_dbl_infnan2)
    __mathlib_dbl_invalid                    0x08007dfd   Thumb Code    12  dunder.o(i.__mathlib_dbl_invalid)
    __mathlib_dbl_overflow                   0x08007e09   Thumb Code    14  dunder.o(i.__mathlib_dbl_overflow)
    __mathlib_dbl_underflow                  0x08007e19   Thumb Code    10  dunder.o(i.__mathlib_dbl_underflow)
    __scatterload_copy                       0x08007e29   Thumb Code    14  handlers.o(i.__scatterload_copy)
    __scatterload_null                       0x08007e37   Thumb Code     2  handlers.o(i.__scatterload_null)
    __scatterload_zeroinit                   0x08007e39   Thumb Code    14  handlers.o(i.__scatterload_zeroinit)
    __set_errno                              0x08007e49   Thumb Code     6  errno.o(i.__set_errno)
    ceil                                     0x08007ea5   Thumb Code   204  ceil.o(i.ceil)
    delay_ms                                 0x08007f81   Thumb Code    24  delay.o(i.delay_ms)
    display_channel_value                    0x08007f99   Thumb Code   164  adc_dup.o(i.display_channel_value)
    emWin_LCD_Init                           0x08008065   Thumb Code   138  lcd.o(i.emWin_LCD_Init)
    floor                                    0x080080f1   Thumb Code   204  floor.o(i.floor)
    lcd_config                               0x080081cd   Thumb Code   494  lcd_ssd1289.o(i.lcd_config)
    lcd_read_data_multiple                   0x08008409   Thumb Code    98  lcd_ssd1289.o(i.lcd_read_data_multiple)
    lcd_write_addr                           0x08008479   Thumb Code    78  lcd_ssd1289.o(i.lcd_write_addr)
    lcd_write_data                           0x080084d5   Thumb Code    76  lcd_ssd1289.o(i.lcd_write_data)
    main                                     0x080085b5   Thumb Code    42  main.o(i.main)
    pow                                      0x080085e1   Thumb Code  2512  pow.o(i.pow)
    sqrt                                     0x08008fb9   Thumb Code    76  sqrt.o(i.sqrt)
    aAPBAHBPrescTable                        0x08009004   Data          16  stm32f1xx_hal_rcc.o(.constdata)
    LCD_API_ColorConv_M565                   0x08009014   Data          24  guicc_m565.o(.constdata)
    GUIDRV_FlexColor_API                     0x08009044   Data          52  guidrv_flexcolor.o(.constdata)
    GUI_Font32B_ASCII_CharInfo               0x0800ac38   Data         760  f32b_ascii.o(.constdata)
    GUI_Font32B_ASCII                        0x0800af3c   Data          36  f32b_ascii.o(.constdata)
    GUI_Font6x8                              0x0800b654   Data          36  f6x8.o(.constdata)
    GUI__aConvert_255_31                     0x0800b678   Data         256  gui__divtbl_255_31.o(.constdata)
    GUI__aConvert_255_63                     0x0800b778   Data         256  gui__divtbl_255_63.o(.constdata)
    GUI__aConvert_31_255                     0x0800b878   Data          32  gui__divtbl_31_255.o(.constdata)
    GUI__aConvert_63_255                     0x0800b898   Data          64  gui__divtbl_63_255.o(.constdata)
    GUI_Pow10                                0x0800b8d8   Data          40  gui_adddecshift.o(.constdata)
    GUI_UC_None                              0x0800b900   Data          16  gui_uc_encodenone.o(.constdata)
    GUI_MEMDEV_DEVICE_16                     0x0800b95c   Data          52  guidev_16.o(.constdata)
    LCD_API_ColorConv_0                      0x0800b990   Data          24  guicc_0.o(.constdata)
    LCD_aMirror                              0x0800b9a8   Data         256  lcd_mirror.o(.constdata)
    __mathlib_zero                           0x0800bb38   Data           8  qnan.o(.constdata)
    Region$$Table$$Base                      0x0800bb40   Number         0  anon$$obj.o(Region$$Table)
    Region$$Table$$Limit                     0x0800bb60   Number         0  anon$$obj.o(Region$$Table)
    SystemCoreClock                          0x20000004   Data           4  system_stm32f1xx.o(.data)
    hcrc                                     0x20000008   Data           8  crc.o(.data)
    GUI_DecChar                              0x20000020   Data           1  gui_core.o(.data)
    GUI_pfGetpPalConvTable                   0x20000024   Data           4  gui_core.o(.data)
    GUI__pFontDefault                        0x20000028   Data           4  gui_core.o(.data)
    GUI_pContext                             0x2000002c   Data           4  gui_core.o(.data)
    GUI_pUC_API                              0x20000030   Data           4  gui_core.o(.data)
    GUI__apDevice                            0x20000044   Data           8  gui_core.o(.data)
    GUI_pfDispCharStyle                      0x2000004c   Data           4  gui_core.o(.data)
    GUI_pLCD_APIList                         0x20000050   Data           4  gui_core.o(.data)
    GUI_OrgX                                 0x20000054   Data           2  gui_core.o(.data)
    GUI_OrgY                                 0x20000056   Data           2  gui_core.o(.data)
    LCD__pSetColorAPI                        0x20000074   Data           4  lcd.o(.data)
    LCD__aConvTable                          0x2000007c   Data           4  lcd_color.o(.data)
    WM__PaintCallbackCnt                     0x20000088   Data           1  wm.o(.data)
    WM__NumWindows                           0x2000008a   Data           2  wm.o(.data)
    WM__NumInvalidWindows                    0x2000008c   Data           2  wm.o(.data)
    WM__TouchedLayer                         0x20000090   Data           4  wm.o(.data)
    WM__FirstWin                             0x20000094   Data           4  wm.o(.data)
    WM__pFirstCriticalHandle                 0x20000098   Data           4  wm.o(.data)
    WM__CreateFlags                          0x2000009c   Data           4  wm.o(.data)
    WM_pfPollPID                             0x200000a0   Data           4  wm.o(.data)
    WM_MULTIBUF__pAPI                        0x200000a4   Data           4  wm.o(.data)
    WM__TransWindowCnt                       0x200000a8   Data           4  wm.o(.data)
    WM__hATransWindow                        0x200000ac   Data           4  wm.o(.data)
    WM__ahDesktopWin                         0x200000c0   Data           8  wm.o(.data)
    WM__aBkColor                             0x200000c8   Data           8  wm.o(.data)
    WM__ahCapture                            0x200000d0   Data           8  wm.o(.data)
    WM__ahWinFocus                           0x200000d8   Data           8  wm.o(.data)
    GUI_CharLine_pfLog2Vis                   0x200000e8   Data           4  gui_charline.o(.data)
    hadc1                                    0x2000012c   Data          48  adc.o(.bss)
    hdma_adc1                                0x2000015c   Data          56  adc.o(.bss)
    GUI_ALLOC__Context                       0x2000c4e4   Data         188  gui_alloc.o(.bss)
    WM__aCHWinModal                          0x2000c6ac   Data          16  wm_touch.o(.bss)
    WM__aCHWinLast                           0x2000c6bc   Data          16  wm_touch.o(.bss)
    WM__aCHWinMouseOver                      0x2000c6cc   Data          16  wm_touch.o(.bss)
    __initial_sp                             0x2000c8e0   Data           0  startup_stm32f107xc.o(STACK)



==============================================================================

Memory Map of the image

  Image Entry point : 0x08000151

  Load Region LR_IROM1 (Base: 0x08000000, Size: 0x0000bc6c, Max: 0x00040000, ABSOLUTE)

    Execution Region ER_IROM1 (Base: 0x08000000, Size: 0x0000bb60, Max: 0x00040000, ABSOLUTE)

    Base Addr    Size         Type   Attr      Idx    E Section Name        Object

    0x08000000   0x00000150   Data   RO         2455    RESET               startup_stm32f107xc.o
    0x08000150   0x00000000   Code   RO         4536  * .ARM.Collect$$$$00000000  mc_w.l(entry.o)
    0x08000150   0x00000004   Code   RO         4604    .ARM.Collect$$$$00000001  mc_w.l(entry2.o)
    0x08000154   0x00000004   Code   RO         4607    .ARM.Collect$$$$00000004  mc_w.l(entry5.o)
    0x08000158   0x00000000   Code   RO         4609    .ARM.Collect$$$$00000008  mc_w.l(entry7b.o)
    0x08000158   0x00000000   Code   RO         4611    .ARM.Collect$$$$0000000A  mc_w.l(entry8b.o)
    0x08000158   0x00000008   Code   RO         4612    .ARM.Collect$$$$0000000B  mc_w.l(entry9a.o)
    0x08000160   0x00000000   Code   RO         4614    .ARM.Collect$$$$0000000D  mc_w.l(entry10a.o)
    0x08000160   0x00000000   Code   RO         4616    .ARM.Collect$$$$0000000F  mc_w.l(entry11a.o)
    0x08000160   0x00000004   Code   RO         4605    .ARM.Collect$$$$00002712  mc_w.l(entry2.o)
    0x08000164   0x00000024   Code   RO         2456    .text               startup_stm32f107xc.o
    0x08000188   0x00000020   Code   RO         4539    .text               mc_w.l(llushr.o)
    0x080001a8   0x00000040   Code   RO         4543    .text               mc_w.l(memmovea.o)
    0x080001e8   0x00000024   Code   RO         4545    .text               mc_w.l(memseta.o)
    0x0800020c   0x000000b0   Code   RO         4551    .text               mf_w.l(fadd.o)
    0x080002bc   0x00000064   Code   RO         4553    .text               mf_w.l(fmul.o)
    0x08000320   0x0000014e   Code   RO         4555    .text               mf_w.l(dadd.o)
    0x0800046e   0x000000e4   Code   RO         4557    .text               mf_w.l(dmul.o)
    0x08000552   0x000000de   Code   RO         4559    .text               mf_w.l(ddiv.o)
    0x08000630   0x0000000a   Code   RO         4561    .text               mf_w.l(ffltui.o)
    0x0800063a   0x00000022   Code   RO         4563    .text               mf_w.l(dflti.o)
    0x0800065c   0x0000001a   Code   RO         4565    .text               mf_w.l(dfltui.o)
    0x08000676   0x00000032   Code   RO         4567    .text               mf_w.l(ffixi.o)
    0x080006a8   0x00000032   Code   RO         4571    .text               mf_w.l(dfixui.o)
    0x080006da   0x00000026   Code   RO         4573    .text               mf_w.l(f2d.o)
    0x08000700   0x00000038   Code   RO         4575    .text               mf_w.l(d2f.o)
    0x08000738   0x0000001e   Code   RO         4618    .text               mc_w.l(llshl.o)
    0x08000756   0x00000024   Code   RO         4620    .text               mc_w.l(llsshr.o)
    0x0800077a   0x00000000   Code   RO         4629    .text               mc_w.l(iusefp.o)
    0x0800077a   0x0000006e   Code   RO         4630    .text               mf_w.l(fepilogue.o)
    0x080007e8   0x000000ba   Code   RO         4632    .text               mf_w.l(depilogue.o)
    0x080008a2   0x0000002e   Code   RO         4634    .text               mf_w.l(dscalb.o)
    0x080008d0   0x00000030   Code   RO         4636    .text               mf_w.l(cdrcmple.o)
    0x08000900   0x00000024   Code   RO         4638    .text               mc_w.l(init.o)
    0x08000924   0x000000a2   Code   RO         4640    .text               mf_w.l(dsqrt.o)
    0x080009c6   0x00000002   PAD
    0x080009c8   0x0000004c   Code   RO         1986    i.ADC_ConversionStop_Disable  stm32f1xx_hal_adc.o
    0x08000a14   0x0000004e   Code   RO         1987    i.ADC_DMAConvCplt   stm32f1xx_hal_adc.o
    0x08000a62   0x0000001a   Code   RO         1988    i.ADC_DMAError      stm32f1xx_hal_adc.o
    0x08000a7c   0x0000000a   Code   RO         1989    i.ADC_DMAHalfConvCplt  stm32f1xx_hal_adc.o
    0x08000a86   0x00000002   PAD
    0x08000a88   0x00000070   Code   RO         1990    i.ADC_Enable        stm32f1xx_hal_adc.o
    0x08000af8   0x0000008c   Code   RO         2350    i.ADC_get_value     adc_dup.o
    0x08000b84   0x00000024   Code   RO         2351    i.ADC_start_convert  adc_dup.o
    0x08000ba8   0x0000000c   Code   RO         2490    i.DMA1_Channel1_IRQHandler  stm32f1xx_it.o
    0x08000bb4   0x0000001e   Code   RO         1753    i.DMA_SetConfig     stm32f1xx_hal_dma.o
    0x08000bd2   0x0000005c   Code   RO         2205    i.GPIO_Read         lcd_ssd1289.o
    0x08000c2e   0x00000002   PAD
    0x08000c30   0x00000042   Code   RO         2206    i.GPIO_Write        lcd_ssd1289.o
    0x08000c72   0x00000040   Code   RO         3153    i.GUIDRV_FlexColor_Config  STemWin522_CM3_Keil.lib(guidrv_flexcolor.o)
    0x08000cb2   0x00000032   Code   RO         3154    i.GUIDRV_FlexColor_SetFunc  STemWin522_CM3_Keil.lib(guidrv_flexcolor.o)
    0x08000ce4   0x0000005c   Code   RO         3284    i.GUIDRV_FlexColor_SetFunc66702  STemWin522_CM3_Keil.lib(guidrv_flexcolor_func66702.o)
    0x08000d40   0x00000058   Code   RO         3266    i.GUIDRV_FlexColor_SetMode16bppC0B16  STemWin522_CM3_Keil.lib(guidrv_flexcolor_16bpp_c0b16.o)
    0x08000d98   0x000000c0   Code   RO         3158    i.GUIDRV_FlexColor__GetPixelIndexNoCache  STemWin522_CM3_Keil.lib(guidrv_flexcolor.o)
    0x08000e58   0x00000038   Code   RO         3160    i.GUIDRV_FlexColor__InitOnce  STemWin522_CM3_Keil.lib(guidrv_flexcolor.o)
    0x08000e90   0x00000038   Code   RO         3165    i.GUIDRV_FlexColor__SetLog2Phys  STemWin522_CM3_Keil.lib(guidrv_flexcolor.o)
    0x08000ec8   0x0000009c   Code   RO         3167    i.GUIDRV_FlexColor__SetPixelIndexNoCache  STemWin522_CM3_Keil.lib(guidrv_flexcolor.o)
    0x08000f64   0x00000134   Code   RO         3431    i.GUIMONO_DispChar  STemWin522_CM3_Keil.lib(gui_charm.o)
    0x08001098   0x00000018   Code   RO         3432    i.GUIMONO_GetCharDistX  STemWin522_CM3_Keil.lib(gui_charm.o)
    0x080010b0   0x00000006   Code   RO         3433    i.GUIMONO_GetFontInfo  STemWin522_CM3_Keil.lib(gui_charm.o)
    0x080010b6   0x00000038   Code   RO         3434    i.GUIMONO_IsInFont  STemWin522_CM3_Keil.lib(gui_charm.o)
    0x080010ee   0x00000002   PAD
    0x080010f0   0x000000c8   Code   RO         2990    i.GUIPROP_DispChar  STemWin522_CM3_Keil.lib(gui_charp.o)
    0x080011b8   0x00000040   Code   RO         2991    i.GUIPROP_GetCharDistX  STemWin522_CM3_Keil.lib(gui_charp.o)
    0x080011f8   0x00000006   Code   RO         2992    i.GUIPROP_GetFontInfo  STemWin522_CM3_Keil.lib(gui_charp.o)
    0x080011fe   0x00000010   Code   RO         2993    i.GUIPROP_IsInFont  STemWin522_CM3_Keil.lib(gui_charp.o)
    0x0800120e   0x00000016   Code   RO         2994    i.GUIPROP__FindChar  STemWin522_CM3_Keil.lib(gui_charp.o)
    0x08001224   0x0000000a   Code   RO         2920    i.GUI_ALLOC_AllocNoInit  STemWin522_CM3_Keil.lib(gui_alloc.o)
    0x0800122e   0x00000024   Code   RO         3692    i.GUI_ALLOC_AllocZero  STemWin522_CM3_Keil.lib(gui_alloc_alloczero.o)
    0x08001252   0x00000002   PAD
    0x08001254   0x00000010   Code   RO         2921    i.GUI_ALLOC_AssignMemory  STemWin522_CM3_Keil.lib(gui_alloc.o)
    0x08001264   0x00000038   Code   RO         2922    i.GUI_ALLOC_Free    STemWin522_CM3_Keil.lib(gui_alloc.o)
    0x0800129c   0x00000018   Code   RO         2923    i.GUI_ALLOC_FreeFixedBlock  STemWin522_CM3_Keil.lib(gui_alloc.o)
    0x080012b4   0x000000a8   Code   RO         2926    i.GUI_ALLOC_GetFixedBlock  STemWin522_CM3_Keil.lib(gui_alloc.o)
    0x0800135c   0x0000001c   Code   RO         2934    i.GUI_ALLOC_LockH   STemWin522_CM3_Keil.lib(gui_alloc.o)
    0x08001378   0x00000030   Code   RO         2939    i.GUI_ALLOC_UnlockH  STemWin522_CM3_Keil.lib(gui_alloc.o)
    0x080013a8   0x00000018   Code   RO         2940    i.GUI_ALLOC_h2p     STemWin522_CM3_Keil.lib(gui_alloc.o)
    0x080013c0   0x00000098   Code   RO         3424    i.GUI_AddDecShift   STemWin522_CM3_Keil.lib(gui_adddecshift.o)
    0x08001458   0x00000018   Code   RO         3425    i.GUI_AddSign       STemWin522_CM3_Keil.lib(gui_adddecshift.o)
    0x08001470   0x00000044   Code   RO         4048    i.GUI_CalcColorDist  STemWin522_CM3_Keil.lib(gui_calccolordist.o)
    0x080014b4   0x0000001c   Code   RO         3000    i.GUI_Clear         STemWin522_CM3_Keil.lib(gui_core.o)
    0x080014d0   0x00000060   Code   RO         3001    i.GUI_ClearRect     STemWin522_CM3_Keil.lib(gui_core.o)
    0x08001530   0x00000050   Code   RO         3029    i.GUI_DEVICE_Create  STemWin522_CM3_Keil.lib(gui_device.o)
    0x08001580   0x00000028   Code   RO         3030    i.GUI_DEVICE_CreateAndLink  STemWin522_CM3_Keil.lib(gui_device.o)
    0x080015a8   0x00000004   Code   RO         3031    i.GUI_DEVICE_Delete  STemWin522_CM3_Keil.lib(gui_device.o)
    0x080015ac   0x00000080   Code   RO         3032    i.GUI_DEVICE_Link   STemWin522_CM3_Keil.lib(gui_device.o)
    0x0800162c   0x00000004   Code   RO         3034    i.GUI_DEVICE_Unlink  STemWin522_CM3_Keil.lib(gui_device.o)
    0x08001630   0x00000024   Code   RO         3037    i.GUI_DEVICE__GetpDriver  STemWin522_CM3_Keil.lib(gui_device.o)
    0x08001654   0x00000014   Code   RO         3465    i.GUI_DispDecShift  STemWin522_CM3_Keil.lib(gui_val.o)
    0x08001668   0x00000034   Code   RO         3085    i.GUI_DispFloat     STemWin522_CM3_Keil.lib(gui_valf.o)
    0x0800169c   0x0000002a   Code   RO         3468    i.GUI_DispSDecShift  STemWin522_CM3_Keil.lib(gui_val.o)
    0x080016c6   0x00000002   PAD
    0x080016c8   0x00000100   Code   RO         3439    i.GUI_DispString    STemWin522_CM3_Keil.lib(gui_dispstring.o)
    0x080017c8   0x00000010   Code   RO         3050    i.GUI_DispStringAt  STemWin522_CM3_Keil.lib(gui_dispstringat.o)
    0x080017d8   0x00000014   Code   RO         3812    i.GUI_GetBitsPerPixelEx  STemWin522_CM3_Keil.lib(lcd_getex.o)
    0x080017ec   0x0000000e   Code   RO         3441    i.GUI_GetBkColor    STemWin522_CM3_Keil.lib(gui_getcolor.o)
    0x080017fa   0x00000002   PAD
    0x080017fc   0x00000010   Code   RO         3696    i.GUI_GetCharDistX  STemWin522_CM3_Keil.lib(gui_char.o)
    0x0800180c   0x00000010   Code   RO         3697    i.GUI_GetCharDistXEx  STemWin522_CM3_Keil.lib(gui_char.o)
    0x0800181c   0x0000000e   Code   RO         3443    i.GUI_GetColor      STemWin522_CM3_Keil.lib(gui_getcolor.o)
    0x0800182a   0x00000002   PAD
    0x0800182c   0x00000010   Code   RO         3698    i.GUI_GetFontDistY  STemWin522_CM3_Keil.lib(gui_char.o)
    0x0800183c   0x00000030   Code   RO         3699    i.GUI_GetYAdjust    STemWin522_CM3_Keil.lib(gui_char.o)
    0x0800186c   0x00000010   Code   RO         3813    i.GUI_GetpfColor2IndexEx  STemWin522_CM3_Keil.lib(lcd_getex.o)
    0x0800187c   0x00000010   Code   RO         3814    i.GUI_GetpfIndex2ColorEx  STemWin522_CM3_Keil.lib(lcd_getex.o)
    0x0800188c   0x00000014   Code   RO         3059    i.GUI_GotoXY        STemWin522_CM3_Keil.lib(gui_goto.o)
    0x080018a0   0x00000064   Code   RO         3003    i.GUI_Init          STemWin522_CM3_Keil.lib(gui_core.o)
    0x08001904   0x0000002c   Code   RO         3426    i.GUI_Long2Len      STemWin522_CM3_Keil.lib(gui_adddecshift.o)
    0x08001930   0x00000040   Code   RO         3913    i.GUI_MEMDEV_Delete  STemWin522_CM3_Keil.lib(guidev.o)
    0x08001970   0x00000024   Code   RO         3914    i.GUI_MEMDEV_GetBitsPerPixel  STemWin522_CM3_Keil.lib(guidev.o)
    0x08001994   0x00000016   Code   RO         4283    i.GUI_MEMDEV_GetDataPtr  STemWin522_CM3_Keil.lib(guidev_getdataptr.o)
    0x080019aa   0x0000003c   Code   RO         3963    i.GUI_MEMDEV__WriteToActiveOpaque  STemWin522_CM3_Keil.lib(guidev_writetoactiveopaque.o)
    0x080019e6   0x00000058   Code   RO         3719    i.GUI_MergeRect     STemWin522_CM3_Keil.lib(gui_mergerect.o)
    0x08001a3e   0x0000001e   Code   RO         3721    i.GUI_MoveRect      STemWin522_CM3_Keil.lib(gui_moverect.o)
    0x08001a5c   0x00000038   Code   RO         3743    i.GUI_RectsIntersect  STemWin522_CM3_Keil.lib(gui_rectsintersect.o)
    0x08001a94   0x00000012   Code   RO         4114    i.GUI_SelectLCD     STemWin522_CM3_Keil.lib(gui_selectlcd.o)
    0x08001aa6   0x00000002   PAD
    0x08001aa8   0x00000024   Code   RO         3752    i.GUI_SelectLayer   STemWin522_CM3_Keil.lib(gui_selectlayer.o)
    0x08001acc   0x00000004   Code   RO         3068    i.GUI_SetBkColor    STemWin522_CM3_Keil.lib(gui_setcolor.o)
    0x08001ad0   0x00000004   Code   RO         3069    i.GUI_SetColor      STemWin522_CM3_Keil.lib(gui_setcolor.o)
    0x08001ad4   0x0000000c   Code   RO         3004    i.GUI_SetDefaultFont  STemWin522_CM3_Keil.lib(gui_core.o)
    0x08001ae0   0x00000014   Code   RO         3072    i.GUI_SetFont       STemWin522_CM3_Keil.lib(gui_setfont.o)
    0x08001af4   0x00000038   Code   RO         3449    i.GUI_SetOrg        STemWin522_CM3_Keil.lib(gui_setorg.o)
    0x08001b2c   0x00000010   Code   RO         3787    i.GUI_SignalEvent   STemWin522_CM3_Keil.lib(gui_waitevent.o)
    0x08001b3c   0x00000010   Code   RO         3728    i.GUI_StoreKey      STemWin522_CM3_Keil.lib(gui_onkey.o)
    0x08001b4c   0x00000010   Code   RO         3074    i.GUI_UC_SetEncodeUTF8  STemWin522_CM3_Keil.lib(gui_uc_encodeutf8.o)
    0x08001b5c   0x0000002c   Code   RO         3774    i.GUI_UC__GetCharCodeInc  STemWin522_CM3_Keil.lib(gui_uc.o)
    0x08001b88   0x00000028   Code   RO         3776    i.GUI_UC__NumChars2NumBytes  STemWin522_CM3_Keil.lib(gui_uc.o)
    0x08001bb0   0x00000028   Code   RO         3957    i.GUI_USAGE_AddRect  STemWin522_CM3_Keil.lib(guidev_usage.o)
    0x08001bd8   0x00000024   Code   RO         3958    i.GUI_USAGE_DecUseCnt  STemWin522_CM3_Keil.lib(guidev_usage.o)
    0x08001bfc   0x00000020   Code   RO         2703    i.GUI_X_Config      guiconf.o
    0x08001c1c   0x00000002   Code   RO         2784    i.GUI_X_ExecIdle    gui_x.o
    0x08001c1e   0x00000002   Code   RO         2786    i.GUI_X_Init        gui_x.o
    0x08001c20   0x00000128   Code   RO         4044    i.GUI__CompactPixelIndices  STemWin522_CM3_Keil.lib(gui__compactpixelindices.o)
    0x08001d48   0x00000034   Code   RO         3006    i.GUI__Config       STemWin522_CM3_Keil.lib(gui_core.o)
    0x08001d7c   0x000000b0   Code   RO         3706    i.GUI__DispLine     STemWin522_CM3_Keil.lib(gui_charline.o)
    0x08001e2c   0x00000054   Code   RO         3707    i.GUI__GetLineDistX  STemWin522_CM3_Keil.lib(gui_charline.o)
    0x08001e80   0x00000038   Code   RO         3708    i.GUI__GetLineNumChars  STemWin522_CM3_Keil.lib(gui_charline.o)
    0x08001eb8   0x00000018   Code   RO         3709    i.GUI__GetOverlap   STemWin522_CM3_Keil.lib(gui_charline.o)
    0x08001ed0   0x0000003a   Code   RO         3681    i.GUI__IntersectRect  STemWin522_CM3_Keil.lib(gui__intersectrect.o)
    0x08001f0a   0x00000052   Code   RO         3683    i.GUI__IntersectRects  STemWin522_CM3_Keil.lib(gui__intersectrects.o)
    0x08001f5c   0x00000010   Code   RO         3685    i.GUI__ManageCache  STemWin522_CM3_Keil.lib(gui__managecache.o)
    0x08001f6c   0x000000ac   Code   RO         3686    i.GUI__ManageCacheEx  STemWin522_CM3_Keil.lib(gui__managecache.o)
    0x08002018   0x00000010   Code   RO         3007    i.GUI__RegisterExit  STemWin522_CM3_Keil.lib(gui_core.o)
    0x08002028   0x0000004c   Code   RO         3420    i.GUI__memset       STemWin522_CM3_Keil.lib(gui__memset.o)
    0x08002074   0x0000003a   Code   RO         3422    i.GUI__memset16     STemWin522_CM3_Keil.lib(gui__memset16.o)
    0x080020ae   0x00000002   PAD
    0x080020b0   0x000000c8   Code   RO         1890    i.HAL_ADCEx_Calibration_Start  stm32f1xx_hal_adc_ex.o
    0x08002178   0x00000168   Code   RO         1992    i.HAL_ADC_ConfigChannel  stm32f1xx_hal_adc.o
    0x080022e0   0x00000002   Code   RO         1993    i.HAL_ADC_ConvCpltCallback  stm32f1xx_hal_adc.o
    0x080022e2   0x00000002   Code   RO         1994    i.HAL_ADC_ConvHalfCpltCallback  stm32f1xx_hal_adc.o
    0x080022e4   0x00000002   Code   RO         1996    i.HAL_ADC_ErrorCallback  stm32f1xx_hal_adc.o
    0x080022e6   0x00000002   PAD
    0x080022e8   0x00000134   Code   RO         2001    i.HAL_ADC_Init      stm32f1xx_hal_adc.o
    0x0800241c   0x00000074   Code   RO         2641    i.HAL_ADC_MspInit   adc.o
    0x08002490   0x0000010c   Code   RO         2008    i.HAL_ADC_Start_DMA  stm32f1xx_hal_adc.o
    0x0800259c   0x00000022   Code   RO         1834    i.HAL_CRC_Init      stm32f1xx_hal_crc.o
    0x080025be   0x00000002   PAD
    0x080025c0   0x00000028   Code   RO         2599    i.HAL_CRC_MspInit   crc.o
    0x080025e8   0x000004b8   Code   RO         1758    i.HAL_DMA_IRQHandler  stm32f1xx_hal_dma.o
    0x08002aa0   0x00000050   Code   RO         1759    i.HAL_DMA_Init      stm32f1xx_hal_dma.o
    0x08002af0   0x00000058   Code   RO         1762    i.HAL_DMA_Start_IT  stm32f1xx_hal_dma.o
    0x08002b48   0x00000016   Code   RO          753    i.HAL_Delay         stm32f1xx_hal.o
    0x08002b5e   0x00000002   PAD
    0x08002b60   0x000001bc   Code   RO          623    i.HAL_GPIO_Init     stm32f1xx_hal_gpio.o
    0x08002d1c   0x0000000a   Code   RO          627    i.HAL_GPIO_WritePin  stm32f1xx_hal_gpio.o
    0x08002d26   0x00000002   PAD
    0x08002d28   0x0000000c   Code   RO          757    i.HAL_GetTick       stm32f1xx_hal.o
    0x08002d34   0x00000010   Code   RO          758    i.HAL_IncTick       stm32f1xx_hal.o
    0x08002d44   0x00000024   Code   RO          759    i.HAL_Init          stm32f1xx_hal.o
    0x08002d68   0x00000022   Code   RO          760    i.HAL_InitTick      stm32f1xx_hal.o
    0x08002d8a   0x00000002   PAD
    0x08002d8c   0x0000006c   Code   RO         2530    i.HAL_MspInit       stm32f1xx_hal_msp.o
    0x08002df8   0x00000016   Code   RO         1513    i.HAL_NVIC_EnableIRQ  stm32f1xx_hal_cortex.o
    0x08002e0e   0x00000002   PAD
    0x08002e10   0x00000040   Code   RO         1519    i.HAL_NVIC_SetPriority  stm32f1xx_hal_cortex.o
    0x08002e50   0x00000024   Code   RO         1520    i.HAL_NVIC_SetPriorityGrouping  stm32f1xx_hal_cortex.o
    0x08002e74   0x000001dc   Code   RO          691    i.HAL_RCCEx_GetPeriphCLKFreq  stm32f1xx_hal_rcc_ex.o
    0x08003050   0x000001fc   Code   RO          692    i.HAL_RCCEx_PeriphCLKConfig  stm32f1xx_hal_rcc_ex.o
    0x0800324c   0x00000288   Code   RO          431    i.HAL_RCC_ClockConfig  stm32f1xx_hal_rcc.o
    0x080034d4   0x00000034   Code   RO          436    i.HAL_RCC_GetHCLKFreq  stm32f1xx_hal_rcc.o
    0x08003508   0x0000002c   Code   RO          439    i.HAL_RCC_GetPCLK2Freq  stm32f1xx_hal_rcc.o
    0x08003534   0x000000e4   Code   RO          440    i.HAL_RCC_GetSysClockFreq  stm32f1xx_hal_rcc.o
    0x08003618   0x0000079a   Code   RO          443    i.HAL_RCC_OscConfig  stm32f1xx_hal_rcc.o
    0x08003db2   0x00000018   Code   RO         1522    i.HAL_SYSTICK_CLKSourceConfig  stm32f1xx_hal_cortex.o
    0x08003dca   0x00000002   Code   RO         1523    i.HAL_SYSTICK_Callback  stm32f1xx_hal_cortex.o
    0x08003dcc   0x00000028   Code   RO         1524    i.HAL_SYSTICK_Config  stm32f1xx_hal_cortex.o
    0x08003df4   0x00000008   Code   RO         1525    i.HAL_SYSTICK_IRQHandler  stm32f1xx_hal_cortex.o
    0x08003dfc   0x0000001c   Code   RO         3480    i.LCD_Color2Index   STemWin522_CM3_Keil.lib(lcd.o)
    0x08003e18   0x00000208   Code   RO         3481    i.LCD_DrawBitmap    STemWin522_CM3_Keil.lib(lcd.o)
    0x08004020   0x00000058   Code   RO         3482    i.LCD_DrawHLine     STemWin522_CM3_Keil.lib(lcd.o)
    0x08004078   0x00000068   Code   RO         3483    i.LCD_DrawPixel     STemWin522_CM3_Keil.lib(lcd.o)
    0x080040e0   0x00000058   Code   RO         3485    i.LCD_FillRect      STemWin522_CM3_Keil.lib(lcd.o)
    0x08004138   0x00000006   Code   RO         3816    i.LCD_GetBitsPerPixelEx  STemWin522_CM3_Keil.lib(lcd_getex.o)
    0x0800413e   0x00000002   PAD
    0x08004140   0x00000010   Code   RO         3808    i.LCD_GetBkColorIndex  STemWin522_CM3_Keil.lib(lcd_getcolorindex.o)
    0x08004150   0x00000010   Code   RO         3809    i.LCD_GetColorIndex  STemWin522_CM3_Keil.lib(lcd_getcolorindex.o)
    0x08004160   0x00000010   Code   RO         3823    i.LCD_GetNumColors  STemWin522_CM3_Keil.lib(lcd_getex.o)
    0x08004170   0x00000006   Code   RO         3824    i.LCD_GetNumColorsEx  STemWin522_CM3_Keil.lib(lcd_getex.o)
    0x08004176   0x0000001a   Code   RO         3890    i.LCD_GetNumLayers  STemWin522_CM3_Keil.lib(lcd_getnumdisplays.o)
    0x08004190   0x00000010   Code   RO         3825    i.LCD_GetPalette    STemWin522_CM3_Keil.lib(lcd_getex.o)
    0x080041a0   0x00000018   Code   RO         3826    i.LCD_GetPaletteEx  STemWin522_CM3_Keil.lib(lcd_getex.o)
    0x080041b8   0x00000004   Code   RO         3519    i.LCD_GetpPalConvTableBM  STemWin522_CM3_Keil.lib(lcd_color.o)
    0x080041bc   0x00000048   Code   RO         3520    i.LCD_GetpPalConvTableUncached  STemWin522_CM3_Keil.lib(lcd_color.o)
    0x08004204   0x0000001c   Code   RO         3486    i.LCD_Index2Color   STemWin522_CM3_Keil.lib(lcd.o)
    0x08004220   0x0000002c   Code   RO         3478    i.LCD_Index2Color_M565  STemWin522_CM3_Keil.lib(guicc_m565_index2color.o)
    0x0800424c   0x00000034   Code   RO         3521    i.LCD_InitColors    STemWin522_CM3_Keil.lib(lcd_color.o)
    0x08004280   0x00000070   Code   RO         3522    i.LCD_InitLUT       STemWin522_CM3_Keil.lib(lcd_color.o)
    0x080042f0   0x00000044   Code   RO         4483    i.LCD_SelectLCD     STemWin522_CM3_Keil.lib(lcd_selectlcd.o)
    0x08004334   0x0000000c   Code   RO         3487    i.LCD_SetBkColor    STemWin522_CM3_Keil.lib(lcd.o)
    0x08004340   0x00000018   Code   RO         3488    i.LCD_SetBkColorIndex  STemWin522_CM3_Keil.lib(lcd.o)
    0x08004358   0x00000030   Code   RO         3907    i.LCD_SetClipRectEx  STemWin522_CM3_Keil.lib(lcd_setcliprectex.o)
    0x08004388   0x0000001c   Code   RO         3489    i.LCD_SetClipRectMax  STemWin522_CM3_Keil.lib(lcd.o)
    0x080043a4   0x0000000c   Code   RO         3490    i.LCD_SetColor      STemWin522_CM3_Keil.lib(lcd.o)
    0x080043b0   0x00000018   Code   RO         3491    i.LCD_SetColorIndex  STemWin522_CM3_Keil.lib(lcd.o)
    0x080043c8   0x0000000c   Code   RO         3492    i.LCD_SetDrawMode   STemWin522_CM3_Keil.lib(lcd.o)
    0x080043d4   0x0000002c   Code   RO         3117    i.LCD_SetLUTEntryEx  STemWin522_CM3_Keil.lib(lcd_set.o)
    0x08004400   0x0000002c   Code   RO         3121    i.LCD_SetSizeEx     STemWin522_CM3_Keil.lib(lcd_set.o)
    0x0800442c   0x0000002c   Code   RO         3125    i.LCD_SetVSizeEx    STemWin522_CM3_Keil.lib(lcd_set.o)
    0x08004458   0x00000024   Code   RO         4242    i.LCD_UpdateColorIndices  STemWin522_CM3_Keil.lib(lcd_updatecolorindices.o)
    0x0800447c   0x00000088   Code   RO         2731    i.LCD_X_Config      lcdconf_flexcolor_template.o
    0x08004504   0x00000014   Code   RO         2732    i.LCD_X_DisplayDriver  lcdconf_flexcolor_template.o
    0x08004518   0x000001b4   Code   RO         3493    i.LCD__DrawBitmap_1bpp  STemWin522_CM3_Keil.lib(lcd.o)
    0x080046cc   0x0000005c   Code   RO         3847    i.LCD__GetBPP       STemWin522_CM3_Keil.lib(lcd_getex.o)
    0x08004728   0x00000032   Code   RO         3848    i.LCD__GetBPPDevice  STemWin522_CM3_Keil.lib(lcd_getex.o)
    0x0800475a   0x00000016   Code   RO         2733    i.LcdReadDataMultiple  lcdconf_flexcolor_template.o
    0x08004770   0x00000004   Code   RO         2734    i.LcdWriteData      lcdconf_flexcolor_template.o
    0x08004774   0x00000016   Code   RO         2735    i.LcdWriteDataMultiple  lcdconf_flexcolor_template.o
    0x0800478a   0x00000004   Code   RO         2736    i.LcdWriteReg       lcdconf_flexcolor_template.o
    0x0800478e   0x00000002   PAD
    0x08004790   0x00000050   Code   RO         2642    i.MX_ADC1_Init      adc.o
    0x080047e0   0x00000014   Code   RO         2600    i.MX_CRC_Init       crc.o
    0x080047f4   0x0000002c   Code   RO         2682    i.MX_DMA_Init       dma.o
    0x08004820   0x000000b0   Code   RO         2463    i.MX_GPIO_Init      gpio.o
    0x080048d0   0x00000020   Code   RO         1526    i.NVIC_SetPriority  stm32f1xx_hal_cortex.o
    0x080048f0   0x0000000e   Code   RO         2491    i.SysTick_Handler   stm32f1xx_it.o
    0x080048fe   0x00000002   PAD
    0x08004900   0x0000008c   Code   RO         2554    i.SystemClock_Config  main.o
    0x0800498c   0x00000054   Code   RO         2420    i.SystemInit        system_stm32f1xx.o
    0x080049e0   0x00000002   Code   RO         2492    i.TIM7_IRQHandler   stm32f1xx_it.o
    0x080049e2   0x00000002   PAD
    0x080049e4   0x00000010   Code   RO         3566    i.WM_Activate       STemWin522_CM3_Keil.lib(wm.o)
    0x080049f4   0x0000007e   Code   RO         3975    i.WM_BringToBottom  STemWin522_CM3_Keil.lib(wm_bringtobottom.o)
    0x08004a72   0x00000002   PAD
    0x08004a74   0x0000014c   Code   RO         3568    i.WM_CreateWindowAsChild  STemWin522_CM3_Keil.lib(wm.o)
    0x08004bc0   0x00000046   Code   RO         3570    i.WM_DefaultProc    STemWin522_CM3_Keil.lib(wm.o)
    0x08004c06   0x00000002   PAD
    0x08004c08   0x00000018   Code   RO         3679    i.WM_GetDesktopWindow  STemWin522_CM3_Keil.lib(wm_getdesktopwindow.o)
    0x08004c20   0x0000000e   Code   RO         3987    i.WM_GetFirstChild  STemWin522_CM3_Keil.lib(wm_getfirstchild.o)
    0x08004c2e   0x0000000e   Code   RO         4326    i.WM_GetParent      STemWin522_CM3_Keil.lib(wm_getparent.o)
    0x08004c3c   0x000000d4   Code   RO         3574    i.WM_Init           STemWin522_CM3_Keil.lib(wm.o)
    0x08004d10   0x00000076   Code   RO         3575    i.WM_InvalidateRect  STemWin522_CM3_Keil.lib(wm.o)
    0x08004d86   0x00000006   Code   RO         3576    i.WM_InvalidateWindow  STemWin522_CM3_Keil.lib(wm.o)
    0x08004d8c   0x0000005e   Code   RO         3577    i.WM_InvalidateWindowAndDescsEx  STemWin522_CM3_Keil.lib(wm.o)
    0x08004dea   0x00000002   PAD
    0x08004dec   0x0000003c   Code   RO         3578    i.WM_SelectWindow   STemWin522_CM3_Keil.lib(wm.o)
    0x08004e28   0x0000001e   Code   RO         3993    i.WM_SendToParent   STemWin522_CM3_Keil.lib(wm_sendtoparent.o)
    0x08004e46   0x00000002   PAD
    0x08004e48   0x00000048   Code   RO         3581    i.WM__ActivateClipRect  STemWin522_CM3_Keil.lib(wm.o)
    0x08004e90   0x00000010   Code   RO         3977    i.WM__AddCriticalHandle  STemWin522_CM3_Keil.lib(wm_criticalhandle.o)
    0x08004ea0   0x00000010   Code   RO         3582    i.WM__Client2Screen  STemWin522_CM3_Keil.lib(wm.o)
    0x08004eb0   0x0000004e   Code   RO         3583    i.WM__ClipAtParentBorders  STemWin522_CM3_Keil.lib(wm.o)
    0x08004efe   0x00000020   Code   RO         3983    i.WM__GetClientRectEx  STemWin522_CM3_Keil.lib(wm_getclientrect.o)
    0x08004f1e   0x00000018   Code   RO         3586    i.WM__GetClientRectWin  STemWin522_CM3_Keil.lib(wm.o)
    0x08004f36   0x00000012   Code   RO         4487    i.WM__GetFirstSibling  STemWin522_CM3_Keil.lib(wm__getfirstsibling.o)
    0x08004f48   0x00000040   Code   RO         3587    i.WM__GetNextIVR    STemWin522_CM3_Keil.lib(wm.o)
    0x08004f88   0x00000024   Code   RO         4314    i.WM__GetPrevSibling  STemWin522_CM3_Keil.lib(wm__getprevsibling.o)
    0x08004fac   0x00000018   Code   RO         3588    i.WM__GetTopLevelLayer  STemWin522_CM3_Keil.lib(wm.o)
    0x08004fc4   0x000000f0   Code   RO         3589    i.WM__InitIVRSearch  STemWin522_CM3_Keil.lib(wm.o)
    0x080050b4   0x000000a4   Code   RO         3590    i.WM__InsertWindowIntoList  STemWin522_CM3_Keil.lib(wm.o)
    0x08005158   0x00000006   Code   RO         3591    i.WM__Invalidate1Abs  STemWin522_CM3_Keil.lib(wm.o)
    0x0800515e   0x00000046   Code   RO         3592    i.WM__InvalidateDrawAndDescs  STemWin522_CM3_Keil.lib(wm.o)
    0x080051a4   0x00000076   Code   RO         3594    i.WM__InvalidateRect  STemWin522_CM3_Keil.lib(wm.o)
    0x0800521a   0x00000006   Code   RO         3595    i.WM__InvalidateRectEx  STemWin522_CM3_Keil.lib(wm.o)
    0x08005220   0x00000020   Code   RO         3600    i.WM__RectIsNZ      STemWin522_CM3_Keil.lib(wm.o)
    0x08005240   0x00000014   Code   RO         3603    i.WM__SelectTopLevelLayer  STemWin522_CM3_Keil.lib(wm.o)
    0x08005254   0x0000003c   Code   RO         3972    i.WM__SendMessage   STemWin522_CM3_Keil.lib(wm__sendmessage.o)
    0x08005290   0x0000000e   Code   RO         3604    i.WM__SendMsgNoData  STemWin522_CM3_Keil.lib(wm.o)
    0x0800529e   0x00000002   PAD
    0x080052a0   0x00000078   Code   RO         2942    i._AddFreeMemory    STemWin522_CM3_Keil.lib(gui_alloc.o)
    0x08005318   0x000000bc   Code   RO         2943    i._Alloc            STemWin522_CM3_Keil.lib(gui_alloc.o)
    0x080053d4   0x00000014   Code   RO         3075    i._CalcSizeOfChar   STemWin522_CM3_Keil.lib(gui_uc_encodeutf8.o)
    0x080053e8   0x00000004   Code   RO         3452    i._CalcSizeOfChar   STemWin522_CM3_Keil.lib(gui_uc_encodenone.o)
    0x080053ec   0x00000048   Code   RO         2909    i._Color2IndexBulk  STemWin522_CM3_Keil.lib(guicc_m565.o)
    0x08005434   0x00000054   Code   RO         3799    i._Color2Index_0    STemWin522_CM3_Keil.lib(guicc_0.o)
    0x08005488   0x00000028   Code   RO         2910    i._Color2Index_M565  STemWin522_CM3_Keil.lib(guicc_m565.o)
    0x080054b0   0x0000003e   Code   RO         3964    i._Convert16        STemWin522_CM3_Keil.lib(guidev_writetoactiveopaque.o)
    0x080054ee   0x00000002   PAD
    0x080054f0   0x00000020   Code   RO         3606    i._DesktopHandle2Index  STemWin522_CM3_Keil.lib(wm.o)
    0x08005510   0x00000048   Code   RO         3090    i._DispFloatFix     STemWin522_CM3_Keil.lib(gui_valf.o)
    0x08005558   0x00000074   Code   RO         3710    i._DispLine         STemWin522_CM3_Keil.lib(gui_charline.o)
    0x080055cc   0x0000013c   Code   RO         3267    i._DrawBitLine1BPP  STemWin522_CM3_Keil.lib(guidrv_flexcolor_16bpp_c0b16.o)
    0x08005708   0x00000140   Code   RO         3533    i._DrawBitLine1BPP  STemWin522_CM3_Keil.lib(guidev_16.o)
    0x08005848   0x00000118   Code   RO         3268    i._DrawBitLine2BPP  STemWin522_CM3_Keil.lib(guidrv_flexcolor_16bpp_c0b16.o)
    0x08005960   0x000000e0   Code   RO         3534    i._DrawBitLine2BPP  STemWin522_CM3_Keil.lib(guidev_16.o)
    0x08005a40   0x00000118   Code   RO         3269    i._DrawBitLine4BPP  STemWin522_CM3_Keil.lib(guidrv_flexcolor_16bpp_c0b16.o)
    0x08005b58   0x00000158   Code   RO         3535    i._DrawBitLine4BPP  STemWin522_CM3_Keil.lib(guidev_16.o)
    0x08005cb0   0x000000d4   Code   RO         3270    i._DrawBitLine8BPP  STemWin522_CM3_Keil.lib(guidrv_flexcolor_16bpp_c0b16.o)
    0x08005d84   0x00000022   Code   RO         3170    i._DrawBitmap       STemWin522_CM3_Keil.lib(guidrv_flexcolor.o)
    0x08005da6   0x00000002   PAD
    0x08005da8   0x000000f4   Code   RO         3271    i._DrawBitmap       STemWin522_CM3_Keil.lib(guidrv_flexcolor_16bpp_c0b16.o)
    0x08005e9c   0x000002b0   Code   RO         3536    i._DrawBitmap       STemWin522_CM3_Keil.lib(guidev_16.o)
    0x0800614c   0x0000000e   Code   RO         3171    i._DrawHLine        STemWin522_CM3_Keil.lib(guidrv_flexcolor.o)
    0x0800615a   0x0000000a   Code   RO         3537    i._DrawHLine        STemWin522_CM3_Keil.lib(guidev_16.o)
    0x08006164   0x00000010   Code   RO         3172    i._DrawVLine        STemWin522_CM3_Keil.lib(guidrv_flexcolor.o)
    0x08006174   0x000000b8   Code   RO         3538    i._DrawVLine        STemWin522_CM3_Keil.lib(guidev_16.o)
    0x0800622c   0x0000004e   Code   RO         3076    i._Encode           STemWin522_CM3_Keil.lib(gui_uc_encodeutf8.o)
    0x0800627a   0x00000006   Code   RO         3453    i._Encode           STemWin522_CM3_Keil.lib(gui_uc_encodenone.o)
    0x08006280   0x00000094   Code   RO         2944    i._EnlargeBlocks    STemWin522_CM3_Keil.lib(gui_alloc.o)
    0x08006314   0x00000010   Code   RO         3173    i._FillRect         STemWin522_CM3_Keil.lib(guidrv_flexcolor.o)
    0x08006324   0x000000f8   Code   RO         3272    i._FillRect         STemWin522_CM3_Keil.lib(guidrv_flexcolor_16bpp_c0b16.o)
    0x0800641c   0x000000ac   Code   RO         3539    i._FillRect         STemWin522_CM3_Keil.lib(guidev_16.o)
    0x080064c8   0x00000148   Code   RO         3609    i._FindNext_IVR     STemWin522_CM3_Keil.lib(wm.o)
    0x08006610   0x0000007c   Code   RO         3610    i._Findx0           STemWin522_CM3_Keil.lib(wm.o)
    0x0800668c   0x00000072   Code   RO         3611    i._Findx1           STemWin522_CM3_Keil.lib(wm.o)
    0x080066fe   0x000000a2   Code   RO         3612    i._Findy1           STemWin522_CM3_Keil.lib(wm.o)
    0x080067a0   0x0000003c   Code   RO         3077    i._GetCharCode      STemWin522_CM3_Keil.lib(gui_uc_encodeutf8.o)
    0x080067dc   0x00000004   Code   RO         3454    i._GetCharCode      STemWin522_CM3_Keil.lib(gui_uc_encodenone.o)
    0x080067e0   0x00000022   Code   RO         3078    i._GetCharSize      STemWin522_CM3_Keil.lib(gui_uc_encodeutf8.o)
    0x08006802   0x00000004   Code   RO         3455    i._GetCharSize      STemWin522_CM3_Keil.lib(gui_uc_encodenone.o)
    0x08006806   0x0000000e   Code   RO         3174    i._GetDevData       STemWin522_CM3_Keil.lib(guidrv_flexcolor.o)
    0x08006814   0x00000010   Code   RO         3540    i._GetDevData       STemWin522_CM3_Keil.lib(guidev_16.o)
    0x08006824   0x00000070   Code   RO         3175    i._GetDevFunc       STemWin522_CM3_Keil.lib(guidrv_flexcolor.o)
    0x08006894   0x00000010   Code   RO         3541    i._GetDevFunc       STemWin522_CM3_Keil.lib(guidev_16.o)
    0x080068a4   0x0000004c   Code   RO         3176    i._GetDevFunc_Init  STemWin522_CM3_Keil.lib(guidrv_flexcolor.o)
    0x080068f0   0x00000002   Code   RO         3177    i._GetDevFunc_SetRect  STemWin522_CM3_Keil.lib(guidrv_flexcolor.o)
    0x080068f2   0x00000002   PAD
    0x080068f4   0x00000040   Code   RO         3178    i._GetDevFunc_SetRectOutside  STemWin522_CM3_Keil.lib(guidrv_flexcolor.o)
    0x08006934   0x00000014   Code   RO         3179    i._GetDevFunc_SetSize  STemWin522_CM3_Keil.lib(guidrv_flexcolor.o)
    0x08006948   0x00000014   Code   RO         3180    i._GetDevFunc_SetVSize  STemWin522_CM3_Keil.lib(guidrv_flexcolor.o)
    0x0800695c   0x00000066   Code   RO         3181    i._GetDevProp       STemWin522_CM3_Keil.lib(guidrv_flexcolor.o)
    0x080069c2   0x00000008   Code   RO         3542    i._GetDevProp       STemWin522_CM3_Keil.lib(guidev_16.o)
    0x080069ca   0x0000001e   Code   RO         3849    i._GetDevProp       STemWin522_CM3_Keil.lib(lcd_getex.o)
    0x080069e8   0x00000052   Code   RO         3800    i._GetIndexMask_0   STemWin522_CM3_Keil.lib(guicc_0.o)
    0x08006a3a   0x00000006   Code   RO         2911    i._GetIndexMask_M565  STemWin522_CM3_Keil.lib(guicc_m565.o)
    0x08006a40   0x0000001c   Code   RO         2945    i._GetMinIndex      STemWin522_CM3_Keil.lib(gui_alloc.o)
    0x08006a5c   0x00000008   Code   RO         3182    i._GetPixelIndex    STemWin522_CM3_Keil.lib(guidrv_flexcolor.o)
    0x08006a64   0x0000000e   Code   RO         3543    i._GetPixelIndex    STemWin522_CM3_Keil.lib(guidev_16.o)
    0x08006a72   0x00000016   Code   RO         3183    i._GetRect          STemWin522_CM3_Keil.lib(guidrv_flexcolor.o)
    0x08006a88   0x00000030   Code   RO         3544    i._GetRect          STemWin522_CM3_Keil.lib(guidev_16.o)
    0x08006ab8   0x00000010   Code   RO         3061    i._GotoX            STemWin522_CM3_Keil.lib(gui_goto.o)
    0x08006ac8   0x00000010   Code   RO         3062    i._GotoY            STemWin522_CM3_Keil.lib(gui_goto.o)
    0x08006ad8   0x00000058   Code   RO         2912    i._Index2ColorBulk  STemWin522_CM3_Keil.lib(guicc_m565.o)
    0x08006b30   0x00000020   Code   RO         3801    i._Index2Color_0    STemWin522_CM3_Keil.lib(guicc_0.o)
    0x08006b50   0x00000070   Code   RO         3008    i._InitContext      STemWin522_CM3_Keil.lib(gui_core.o)
    0x08006bc0   0x000000a4   Code   RO         2946    i._InitOnce         STemWin522_CM3_Keil.lib(gui_alloc.o)
    0x08006c64   0x00000080   Code   RO         3613    i._Invalidate1Abs   STemWin522_CM3_Keil.lib(wm.o)
    0x08006ce4   0x00000004   Code   RO         3184    i._Log2PhysX_X0Y0S0  STemWin522_CM3_Keil.lib(guidrv_flexcolor.o)
    0x08006ce8   0x00000004   Code   RO         3185    i._Log2PhysX_X0Y0S1  STemWin522_CM3_Keil.lib(guidrv_flexcolor.o)
    0x08006cec   0x00000004   Code   RO         3186    i._Log2PhysX_X0Y1S0  STemWin522_CM3_Keil.lib(guidrv_flexcolor.o)
    0x08006cf0   0x00000004   Code   RO         3187    i._Log2PhysX_X0Y1S1  STemWin522_CM3_Keil.lib(guidrv_flexcolor.o)
    0x08006cf4   0x00000008   Code   RO         3188    i._Log2PhysX_X1Y0S0  STemWin522_CM3_Keil.lib(guidrv_flexcolor.o)
    0x08006cfc   0x00000008   Code   RO         3189    i._Log2PhysX_X1Y0S1  STemWin522_CM3_Keil.lib(guidrv_flexcolor.o)
    0x08006d04   0x00000008   Code   RO         3190    i._Log2PhysX_X1Y1S0  STemWin522_CM3_Keil.lib(guidrv_flexcolor.o)
    0x08006d0c   0x00000008   Code   RO         3191    i._Log2PhysX_X1Y1S1  STemWin522_CM3_Keil.lib(guidrv_flexcolor.o)
    0x08006d14   0x00000004   Code   RO         3192    i._Log2PhysY_X0Y0S0  STemWin522_CM3_Keil.lib(guidrv_flexcolor.o)
    0x08006d18   0x00000004   Code   RO         3193    i._Log2PhysY_X0Y0S1  STemWin522_CM3_Keil.lib(guidrv_flexcolor.o)
    0x08006d1c   0x00000008   Code   RO         3194    i._Log2PhysY_X0Y1S0  STemWin522_CM3_Keil.lib(guidrv_flexcolor.o)
    0x08006d24   0x00000008   Code   RO         3195    i._Log2PhysY_X0Y1S1  STemWin522_CM3_Keil.lib(guidrv_flexcolor.o)
    0x08006d2c   0x00000004   Code   RO         3196    i._Log2PhysY_X1Y0S0  STemWin522_CM3_Keil.lib(guidrv_flexcolor.o)
    0x08006d30   0x00000004   Code   RO         3197    i._Log2PhysY_X1Y0S1  STemWin522_CM3_Keil.lib(guidrv_flexcolor.o)
    0x08006d34   0x00000008   Code   RO         3198    i._Log2PhysY_X1Y1S0  STemWin522_CM3_Keil.lib(guidrv_flexcolor.o)
    0x08006d3c   0x00000008   Code   RO         3199    i._Log2PhysY_X1Y1S1  STemWin522_CM3_Keil.lib(guidrv_flexcolor.o)
    0x08006d44   0x00000002   Code   RO         3711    i._Log2VisBuffered  STemWin522_CM3_Keil.lib(gui_charline.o)
    0x08006d46   0x00000002   PAD
    0x08006d48   0x00000034   Code   RO         2947    i._OnExit           STemWin522_CM3_Keil.lib(gui_alloc.o)
    0x08006d7c   0x0000002c   Code   RO         3009    i._OnExit           STemWin522_CM3_Keil.lib(gui_core.o)
    0x08006da8   0x00000014   Code   RO         3524    i._OnExit           STemWin522_CM3_Keil.lib(lcd_color.o)
    0x08006dbc   0x00000034   Code   RO         3614    i._OnExit           STemWin522_CM3_Keil.lib(wm.o)
    0x08006df0   0x00000040   Code   RO         2948    i._PopFreeBlock     STemWin522_CM3_Keil.lib(gui_alloc.o)
    0x08006e30   0x00000024   Code   RO         2949    i._PushFreeBlock    STemWin522_CM3_Keil.lib(gui_alloc.o)
    0x08006e54   0x00000006   Code   RO         3273    i._ReadData         STemWin522_CM3_Keil.lib(guidrv_flexcolor_16bpp_c0b16.o)
    0x08006e5a   0x0000000c   Code   RO         3200    i._ReadPixelCust_16bpp  STemWin522_CM3_Keil.lib(guidrv_flexcolor.o)
    0x08006e66   0x0000000c   Code   RO         3201    i._ReadPixelCust_18bpp  STemWin522_CM3_Keil.lib(guidrv_flexcolor.o)
    0x08006e72   0x00000018   Code   RO         3285    i._ReadPixel_16bpp_B16  STemWin522_CM3_Keil.lib(guidrv_flexcolor_func66702.o)
    0x08006e8a   0x0000001c   Code   RO         3286    i._ReadPixel_16bpp_B8  STemWin522_CM3_Keil.lib(guidrv_flexcolor_func66702.o)
    0x08006ea6   0x00000030   Code   RO         3202    i._ReadRectCust_16bpp  STemWin522_CM3_Keil.lib(guidrv_flexcolor.o)
    0x08006ed6   0x00000030   Code   RO         3203    i._ReadRectCust_18bpp  STemWin522_CM3_Keil.lib(guidrv_flexcolor.o)
    0x08006f06   0x00000038   Code   RO         3287    i._ReadRect_16bpp_B16  STemWin522_CM3_Keil.lib(guidrv_flexcolor_func66702.o)
    0x08006f3e   0x00000044   Code   RO         3288    i._ReadRect_16bpp_B8  STemWin522_CM3_Keil.lib(guidrv_flexcolor_func66702.o)
    0x08006f82   0x00000002   PAD
    0x08006f84   0x00000034   Code   RO         2950    i._RemoveFreeBlock  STemWin522_CM3_Keil.lib(gui_alloc.o)
    0x08006fb8   0x000000a0   Code   RO         2951    i._RemoveHoles      STemWin522_CM3_Keil.lib(gui_alloc.o)
    0x08007058   0x0000002e   Code   RO         3093    i._RoundHalfUp      STemWin522_CM3_Keil.lib(gui_valf.o)
    0x08007086   0x00000002   PAD
    0x08007088   0x00000020   Code   RO         3494    i._SetBkColor       STemWin522_CM3_Keil.lib(lcd.o)
    0x080070a8   0x0000004c   Code   RO         3618    i._SetClipRectUserIntersect  STemWin522_CM3_Keil.lib(wm.o)
    0x080070f4   0x00000020   Code   RO         3495    i._SetColor         STemWin522_CM3_Keil.lib(lcd.o)
    0x08007114   0x00000070   Code   RO         3204    i._SetDevFunc       STemWin522_CM3_Keil.lib(guidrv_flexcolor.o)
    0x08007184   0x0000002c   Code   RO         3496    i._SetDrawMode      STemWin522_CM3_Keil.lib(lcd.o)
    0x080071b0   0x00000030   Code   RO         3289    i._SetInterface     STemWin522_CM3_Keil.lib(guidrv_flexcolor_func66702.o)
    0x080071e0   0x00000002   Code   RO         3205    i._SetOrg           STemWin522_CM3_Keil.lib(guidrv_flexcolor.o)
    0x080071e2   0x00000008   Code   RO         3545    i._SetOrg           STemWin522_CM3_Keil.lib(guidev_16.o)
    0x080071ea   0x00000002   PAD
    0x080071ec   0x0000003c   Code   RO         3290    i._SetOrientation   STemWin522_CM3_Keil.lib(guidrv_flexcolor_func66702.o)
    0x08007228   0x000000b6   Code   RO         3291    i._SetPhysRAMAddr   STemWin522_CM3_Keil.lib(guidrv_flexcolor_func66702.o)
    0x080072de   0x0000000e   Code   RO         3206    i._SetPixelIndex    STemWin522_CM3_Keil.lib(guidrv_flexcolor.o)
    0x080072ec   0x00000048   Code   RO         3546    i._SetPixelIndex    STemWin522_CM3_Keil.lib(guidev_16.o)
    0x08007334   0x00000188   Code   RO         3292    i._SetRect          STemWin522_CM3_Keil.lib(guidrv_flexcolor_func66702.o)
    0x080074bc   0x00000008   Code   RO         3293    i._SetReg_B16       STemWin522_CM3_Keil.lib(guidrv_flexcolor_func66702.o)
    0x080074c4   0x0000001a   Code   RO         3294    i._SetReg_B8        STemWin522_CM3_Keil.lib(guidrv_flexcolor_func66702.o)
    0x080074de   0x00000002   PAD
    0x080074e0   0x000000ea   Code   RO         2952    i._TestRAM          STemWin522_CM3_Keil.lib(gui_alloc.o)
    0x080075ca   0x00000002   PAD
    0x080075cc   0x00000030   Code   RO         3038    i._UnlinkDevice     STemWin522_CM3_Keil.lib(gui_device.o)
    0x080075fc   0x0000000a   Code   RO         3274    i._WriteData        STemWin522_CM3_Keil.lib(guidrv_flexcolor_16bpp_c0b16.o)
    0x08007606   0x00000008   Code   RO         3295    i._WritePara_B16    STemWin522_CM3_Keil.lib(guidrv_flexcolor_func66702.o)
    0x0800760e   0x0000001a   Code   RO         3296    i._WritePara_B8     STemWin522_CM3_Keil.lib(guidrv_flexcolor_func66702.o)
    0x08007628   0x0000000e   Code   RO         2953    i._WriteTagData     STemWin522_CM3_Keil.lib(gui_alloc.o)
    0x08007636   0x00000002   PAD
    0x08007638   0x00000330   Code   RO         3965    i._WriteToActiveOpaque_8  STemWin522_CM3_Keil.lib(guidev_writetoactiveopaque.o)
    0x08007968   0x000002f8   Code   RO         3966    i._WriteToActiveOpaque_HT  STemWin522_CM3_Keil.lib(guidev_writetoactiveopaque.o)
    0x08007c60   0x0000003c   Code   RO         3547    i._XY2PTR           STemWin522_CM3_Keil.lib(guidev_16.o)
    0x08007c9c   0x00000022   Code   RO         3207    i._XorPixel         STemWin522_CM3_Keil.lib(guidrv_flexcolor.o)
    0x08007cbe   0x00000002   PAD
    0x08007cc0   0x00000054   Code   RO         3548    i._XorPixel         STemWin522_CM3_Keil.lib(guidev_16.o)
    0x08007d14   0x00000028   Code   RO         4591    i.__ARM_fpclassify  m_ws.l(fpclassify.o)
    0x08007d3c   0x000000aa   Code   RO         4593    i.__kernel_poly     m_ws.l(poly.o)
    0x08007de6   0x00000002   PAD
    0x08007de8   0x00000010   Code   RO         4577    i.__mathlib_dbl_divzero  m_ws.l(dunder.o)
    0x08007df8   0x00000004   Code   RO         4579    i.__mathlib_dbl_infnan2  m_ws.l(dunder.o)
    0x08007dfc   0x0000000c   Code   RO         4580    i.__mathlib_dbl_invalid  m_ws.l(dunder.o)
    0x08007e08   0x0000000e   Code   RO         4581    i.__mathlib_dbl_overflow  m_ws.l(dunder.o)
    0x08007e16   0x00000002   PAD
    0x08007e18   0x00000010   Code   RO         4583    i.__mathlib_dbl_underflow  m_ws.l(dunder.o)
    0x08007e28   0x0000000e   Code   RO         4646    i.__scatterload_copy  mc_w.l(handlers.o)
    0x08007e36   0x00000002   Code   RO         4647    i.__scatterload_null  mc_w.l(handlers.o)
    0x08007e38   0x0000000e   Code   RO         4648    i.__scatterload_zeroinit  mc_w.l(handlers.o)
    0x08007e46   0x00000002   PAD
    0x08007e48   0x0000000c   Code   RO         4624    i.__set_errno       mc_w.l(errno.o)
    0x08007e54   0x00000050   Code   RO         3620    i.cbBackWin         STemWin522_CM3_Keil.lib(wm.o)
    0x08007ea4   0x000000dc   Code   RO         4519    i.ceil              m_ws.l(ceil.o)
    0x08007f80   0x00000018   Code   RO         2166    i.delay_ms          delay.o
    0x08007f98   0x000000cc   Code   RO         2352    i.display_channel_value  adc_dup.o
    0x08008064   0x0000008a   Code   RO         3497    i.emWin_LCD_Init    STemWin522_CM3_Keil.lib(lcd.o)
    0x080080ee   0x00000002   PAD
    0x080080f0   0x000000dc   Code   RO         4523    i.floor             m_ws.l(floor.o)
    0x080081cc   0x000001fc   Code   RO         2208    i.lcd_config        lcd_ssd1289.o
    0x080083c8   0x00000020   Code   RO         2209    i.lcd_data_as_input  lcd_ssd1289.o
    0x080083e8   0x00000020   Code   RO         2210    i.lcd_data_as_output  lcd_ssd1289.o
    0x08008408   0x00000070   Code   RO         2216    i.lcd_read_data_multiple  lcd_ssd1289.o
    0x08008478   0x0000005c   Code   RO         2222    i.lcd_write_addr    lcd_ssd1289.o
    0x080084d4   0x00000058   Code   RO         2223    i.lcd_write_data    lcd_ssd1289.o
    0x0800852c   0x00000088   Code   RO         2224    i.lcd_write_reg     lcd_ssd1289.o
    0x080085b4   0x0000002a   Code   RO         2555    i.main              main.o
    0x080085de   0x00000002   PAD
    0x080085e0   0x000009d8   Code   RO         4527    i.pow               m_ws.l(pow.o)
    0x08008fb8   0x0000004c   Code   RO         4597    i.sqrt              m_ws.l(sqrt.o)
    0x08009004   0x00000010   Data   RO          444    .constdata          stm32f1xx_hal_rcc.o
    0x08009014   0x00000018   Data   RO         2913    .constdata          STemWin522_CM3_Keil.lib(guicc_m565.o)
    0x0800902c   0x00000008   Data   RO         3011    .constdata          STemWin522_CM3_Keil.lib(gui_core.o)
    0x08009034   0x00000010   Data   RO         3079    .constdata          STemWin522_CM3_Keil.lib(gui_uc_encodeutf8.o)
    0x08009044   0x00000034   Data   RO         3208    .constdata          STemWin522_CM3_Keil.lib(guidrv_flexcolor.o)
    0x08009078   0x00000040   Data   RO         3209    .constdata          STemWin522_CM3_Keil.lib(guidrv_flexcolor.o)
    0x080090b8   0x00000020   Data   RO         3310    .constdata          STemWin522_CM3_Keil.lib(f32b_ascii.o)
    0x080090d8   0x00000020   Data   RO         3311    .constdata          STemWin522_CM3_Keil.lib(f32b_ascii.o)
    0x080090f8   0x00000040   Data   RO         3312    .constdata          STemWin522_CM3_Keil.lib(f32b_ascii.o)
    0x08009138   0x00000040   Data   RO         3313    .constdata          STemWin522_CM3_Keil.lib(f32b_ascii.o)
    0x08009178   0x00000040   Data   RO         3314    .constdata          STemWin522_CM3_Keil.lib(f32b_ascii.o)
    0x080091b8   0x00000060   Data   RO         3315    .constdata          STemWin522_CM3_Keil.lib(f32b_ascii.o)
    0x08009218   0x00000060   Data   RO         3316    .constdata          STemWin522_CM3_Keil.lib(f32b_ascii.o)
    0x08009278   0x00000020   Data   RO         3317    .constdata          STemWin522_CM3_Keil.lib(f32b_ascii.o)
    0x08009298   0x00000040   Data   RO         3318    .constdata          STemWin522_CM3_Keil.lib(f32b_ascii.o)
    0x080092d8   0x00000040   Data   RO         3319    .constdata          STemWin522_CM3_Keil.lib(f32b_ascii.o)
    0x08009318   0x00000040   Data   RO         3320    .constdata          STemWin522_CM3_Keil.lib(f32b_ascii.o)
    0x08009358   0x00000040   Data   RO         3321    .constdata          STemWin522_CM3_Keil.lib(f32b_ascii.o)
    0x08009398   0x00000020   Data   RO         3322    .constdata          STemWin522_CM3_Keil.lib(f32b_ascii.o)
    0x080093b8   0x00000040   Data   RO         3323    .constdata          STemWin522_CM3_Keil.lib(f32b_ascii.o)
    0x080093f8   0x00000020   Data   RO         3324    .constdata          STemWin522_CM3_Keil.lib(f32b_ascii.o)
    0x08009418   0x00000020   Data   RO         3325    .constdata          STemWin522_CM3_Keil.lib(f32b_ascii.o)
    0x08009438   0x00000040   Data   RO         3326    .constdata          STemWin522_CM3_Keil.lib(f32b_ascii.o)
    0x08009478   0x00000040   Data   RO         3327    .constdata          STemWin522_CM3_Keil.lib(f32b_ascii.o)
    0x080094b8   0x00000040   Data   RO         3328    .constdata          STemWin522_CM3_Keil.lib(f32b_ascii.o)
    0x080094f8   0x00000040   Data   RO         3329    .constdata          STemWin522_CM3_Keil.lib(f32b_ascii.o)
    0x08009538   0x00000040   Data   RO         3330    .constdata          STemWin522_CM3_Keil.lib(f32b_ascii.o)
    0x08009578   0x00000040   Data   RO         3331    .constdata          STemWin522_CM3_Keil.lib(f32b_ascii.o)
    0x080095b8   0x00000040   Data   RO         3332    .constdata          STemWin522_CM3_Keil.lib(f32b_ascii.o)
    0x080095f8   0x00000040   Data   RO         3333    .constdata          STemWin522_CM3_Keil.lib(f32b_ascii.o)
    0x08009638   0x00000040   Data   RO         3334    .constdata          STemWin522_CM3_Keil.lib(f32b_ascii.o)
    0x08009678   0x00000040   Data   RO         3335    .constdata          STemWin522_CM3_Keil.lib(f32b_ascii.o)
    0x080096b8   0x00000040   Data   RO         3336    .constdata          STemWin522_CM3_Keil.lib(f32b_ascii.o)
    0x080096f8   0x00000040   Data   RO         3337    .constdata          STemWin522_CM3_Keil.lib(f32b_ascii.o)
    0x08009738   0x00000040   Data   RO         3338    .constdata          STemWin522_CM3_Keil.lib(f32b_ascii.o)
    0x08009778   0x00000040   Data   RO         3339    .constdata          STemWin522_CM3_Keil.lib(f32b_ascii.o)
    0x080097b8   0x00000040   Data   RO         3340    .constdata          STemWin522_CM3_Keil.lib(f32b_ascii.o)
    0x080097f8   0x00000060   Data   RO         3341    .constdata          STemWin522_CM3_Keil.lib(f32b_ascii.o)
    0x08009858   0x00000080   Data   RO         3342    .constdata          STemWin522_CM3_Keil.lib(f32b_ascii.o)
    0x080098d8   0x00000060   Data   RO         3343    .constdata          STemWin522_CM3_Keil.lib(f32b_ascii.o)
    0x08009938   0x00000060   Data   RO         3344    .constdata          STemWin522_CM3_Keil.lib(f32b_ascii.o)
    0x08009998   0x00000060   Data   RO         3345    .constdata          STemWin522_CM3_Keil.lib(f32b_ascii.o)
    0x080099f8   0x00000060   Data   RO         3346    .constdata          STemWin522_CM3_Keil.lib(f32b_ascii.o)
    0x08009a58   0x00000060   Data   RO         3347    .constdata          STemWin522_CM3_Keil.lib(f32b_ascii.o)
    0x08009ab8   0x00000060   Data   RO         3348    .constdata          STemWin522_CM3_Keil.lib(f32b_ascii.o)
    0x08009b18   0x00000060   Data   RO         3349    .constdata          STemWin522_CM3_Keil.lib(f32b_ascii.o)
    0x08009b78   0x00000060   Data   RO         3350    .constdata          STemWin522_CM3_Keil.lib(f32b_ascii.o)
    0x08009bd8   0x00000020   Data   RO         3351    .constdata          STemWin522_CM3_Keil.lib(f32b_ascii.o)
    0x08009bf8   0x00000040   Data   RO         3352    .constdata          STemWin522_CM3_Keil.lib(f32b_ascii.o)
    0x08009c38   0x00000060   Data   RO         3353    .constdata          STemWin522_CM3_Keil.lib(f32b_ascii.o)
    0x08009c98   0x00000060   Data   RO         3354    .constdata          STemWin522_CM3_Keil.lib(f32b_ascii.o)
    0x08009cf8   0x00000060   Data   RO         3355    .constdata          STemWin522_CM3_Keil.lib(f32b_ascii.o)
    0x08009d58   0x00000060   Data   RO         3356    .constdata          STemWin522_CM3_Keil.lib(f32b_ascii.o)
    0x08009db8   0x00000060   Data   RO         3357    .constdata          STemWin522_CM3_Keil.lib(f32b_ascii.o)
    0x08009e18   0x00000060   Data   RO         3358    .constdata          STemWin522_CM3_Keil.lib(f32b_ascii.o)
    0x08009e78   0x00000060   Data   RO         3359    .constdata          STemWin522_CM3_Keil.lib(f32b_ascii.o)
    0x08009ed8   0x00000060   Data   RO         3360    .constdata          STemWin522_CM3_Keil.lib(f32b_ascii.o)
    0x08009f38   0x00000060   Data   RO         3361    .constdata          STemWin522_CM3_Keil.lib(f32b_ascii.o)
    0x08009f98   0x00000060   Data   RO         3362    .constdata          STemWin522_CM3_Keil.lib(f32b_ascii.o)
    0x08009ff8   0x00000060   Data   RO         3363    .constdata          STemWin522_CM3_Keil.lib(f32b_ascii.o)
    0x0800a058   0x00000060   Data   RO         3364    .constdata          STemWin522_CM3_Keil.lib(f32b_ascii.o)
    0x0800a0b8   0x00000080   Data   RO         3365    .constdata          STemWin522_CM3_Keil.lib(f32b_ascii.o)
    0x0800a138   0x00000060   Data   RO         3366    .constdata          STemWin522_CM3_Keil.lib(f32b_ascii.o)
    0x0800a198   0x00000060   Data   RO         3367    .constdata          STemWin522_CM3_Keil.lib(f32b_ascii.o)
    0x0800a1f8   0x00000060   Data   RO         3368    .constdata          STemWin522_CM3_Keil.lib(f32b_ascii.o)
    0x0800a258   0x00000040   Data   RO         3369    .constdata          STemWin522_CM3_Keil.lib(f32b_ascii.o)
    0x0800a298   0x00000020   Data   RO         3370    .constdata          STemWin522_CM3_Keil.lib(f32b_ascii.o)
    0x0800a2b8   0x00000040   Data   RO         3371    .constdata          STemWin522_CM3_Keil.lib(f32b_ascii.o)
    0x0800a2f8   0x00000040   Data   RO         3372    .constdata          STemWin522_CM3_Keil.lib(f32b_ascii.o)
    0x0800a338   0x00000040   Data   RO         3373    .constdata          STemWin522_CM3_Keil.lib(f32b_ascii.o)
    0x0800a378   0x00000040   Data   RO         3374    .constdata          STemWin522_CM3_Keil.lib(f32b_ascii.o)
    0x0800a3b8   0x00000040   Data   RO         3375    .constdata          STemWin522_CM3_Keil.lib(f32b_ascii.o)
    0x0800a3f8   0x00000060   Data   RO         3376    .constdata          STemWin522_CM3_Keil.lib(f32b_ascii.o)
    0x0800a458   0x00000040   Data   RO         3377    .constdata          STemWin522_CM3_Keil.lib(f32b_ascii.o)
    0x0800a498   0x00000060   Data   RO         3378    .constdata          STemWin522_CM3_Keil.lib(f32b_ascii.o)
    0x0800a4f8   0x00000040   Data   RO         3379    .constdata          STemWin522_CM3_Keil.lib(f32b_ascii.o)
    0x0800a538   0x00000040   Data   RO         3380    .constdata          STemWin522_CM3_Keil.lib(f32b_ascii.o)
    0x0800a578   0x00000060   Data   RO         3381    .constdata          STemWin522_CM3_Keil.lib(f32b_ascii.o)
    0x0800a5d8   0x00000060   Data   RO         3382    .constdata          STemWin522_CM3_Keil.lib(f32b_ascii.o)
    0x0800a638   0x00000020   Data   RO         3383    .constdata          STemWin522_CM3_Keil.lib(f32b_ascii.o)
    0x0800a658   0x00000020   Data   RO         3384    .constdata          STemWin522_CM3_Keil.lib(f32b_ascii.o)
    0x0800a678   0x00000040   Data   RO         3385    .constdata          STemWin522_CM3_Keil.lib(f32b_ascii.o)
    0x0800a6b8   0x00000020   Data   RO         3386    .constdata          STemWin522_CM3_Keil.lib(f32b_ascii.o)
    0x0800a6d8   0x00000080   Data   RO         3387    .constdata          STemWin522_CM3_Keil.lib(f32b_ascii.o)
    0x0800a758   0x00000060   Data   RO         3388    .constdata          STemWin522_CM3_Keil.lib(f32b_ascii.o)
    0x0800a7b8   0x00000060   Data   RO         3389    .constdata          STemWin522_CM3_Keil.lib(f32b_ascii.o)
    0x0800a818   0x00000060   Data   RO         3390    .constdata          STemWin522_CM3_Keil.lib(f32b_ascii.o)
    0x0800a878   0x00000060   Data   RO         3391    .constdata          STemWin522_CM3_Keil.lib(f32b_ascii.o)
    0x0800a8d8   0x00000040   Data   RO         3392    .constdata          STemWin522_CM3_Keil.lib(f32b_ascii.o)
    0x0800a918   0x00000040   Data   RO         3393    .constdata          STemWin522_CM3_Keil.lib(f32b_ascii.o)
    0x0800a958   0x00000040   Data   RO         3394    .constdata          STemWin522_CM3_Keil.lib(f32b_ascii.o)
    0x0800a998   0x00000060   Data   RO         3395    .constdata          STemWin522_CM3_Keil.lib(f32b_ascii.o)
    0x0800a9f8   0x00000040   Data   RO         3396    .constdata          STemWin522_CM3_Keil.lib(f32b_ascii.o)
    0x0800aa38   0x00000060   Data   RO         3397    .constdata          STemWin522_CM3_Keil.lib(f32b_ascii.o)
    0x0800aa98   0x00000040   Data   RO         3398    .constdata          STemWin522_CM3_Keil.lib(f32b_ascii.o)
    0x0800aad8   0x00000040   Data   RO         3399    .constdata          STemWin522_CM3_Keil.lib(f32b_ascii.o)
    0x0800ab18   0x00000040   Data   RO         3400    .constdata          STemWin522_CM3_Keil.lib(f32b_ascii.o)
    0x0800ab58   0x00000040   Data   RO         3401    .constdata          STemWin522_CM3_Keil.lib(f32b_ascii.o)
    0x0800ab98   0x00000020   Data   RO         3402    .constdata          STemWin522_CM3_Keil.lib(f32b_ascii.o)
    0x0800abb8   0x00000040   Data   RO         3403    .constdata          STemWin522_CM3_Keil.lib(f32b_ascii.o)
    0x0800abf8   0x00000040   Data   RO         3404    .constdata          STemWin522_CM3_Keil.lib(f32b_ascii.o)
    0x0800ac38   0x000002f8   Data   RO         3405    .constdata          STemWin522_CM3_Keil.lib(f32b_ascii.o)
    0x0800af30   0x0000000c   Data   RO         3406    .constdata          STemWin522_CM3_Keil.lib(f32b_ascii.o)
    0x0800af3c   0x00000024   Data   RO         3407    .constdata          STemWin522_CM3_Keil.lib(f32b_ascii.o)
    0x0800af60   0x00000518   Data   RO         3408    .constdata          STemWin522_CM3_Keil.lib(f6x8.o)
    0x0800b478   0x000001c0   Data   RO         3409    .constdata          STemWin522_CM3_Keil.lib(f6x8.o)
    0x0800b638   0x00000008   Data   RO         3410    .constdata          STemWin522_CM3_Keil.lib(f6x8.o)
    0x0800b640   0x00000014   Data   RO         3411    .constdata          STemWin522_CM3_Keil.lib(f6x8.o)
    0x0800b654   0x00000024   Data   RO         3412    .constdata          STemWin522_CM3_Keil.lib(f6x8.o)
    0x0800b678   0x00000100   Data   RO         3414    .constdata          STemWin522_CM3_Keil.lib(gui__divtbl_255_31.o)
    0x0800b778   0x00000100   Data   RO         3415    .constdata          STemWin522_CM3_Keil.lib(gui__divtbl_255_63.o)
    0x0800b878   0x00000020   Data   RO         3416    .constdata          STemWin522_CM3_Keil.lib(gui__divtbl_31_255.o)
    0x0800b898   0x00000040   Data   RO         3417    .constdata          STemWin522_CM3_Keil.lib(gui__divtbl_63_255.o)
    0x0800b8d8   0x00000028   Data   RO         3427    .constdata          STemWin522_CM3_Keil.lib(gui_adddecshift.o)
    0x0800b900   0x00000010   Data   RO         3456    .constdata          STemWin522_CM3_Keil.lib(gui_uc_encodenone.o)
    0x0800b910   0x0000000c   Data   RO         3498    .constdata          STemWin522_CM3_Keil.lib(lcd.o)
    0x0800b91c   0x00000074   Data   RO         3549    .constdata          STemWin522_CM3_Keil.lib(guidev_16.o)
    0x0800b990   0x00000018   Data   RO         3802    .constdata          STemWin522_CM3_Keil.lib(guicc_0.o)
    0x0800b9a8   0x00000100   Data   RO         3892    .constdata          STemWin522_CM3_Keil.lib(lcd_mirror.o)
    0x0800baa8   0x00000008   Data   RO         3967    .constdata          STemWin522_CM3_Keil.lib(guidev_writetoactiveopaque.o)
    0x0800bab0   0x00000088   Data   RO         4528    .constdata          m_ws.l(pow.o)
    0x0800bb38   0x00000008   Data   RO         4595    .constdata          m_ws.l(qnan.o)
    0x0800bb40   0x00000020   Data   RO         4644    Region$$Table       anon$$obj.o


    Execution Region RW_IRAM1 (Base: 0x20000000, Size: 0x0000c8e0, Max: 0x00010000, ABSOLUTE)

    Base Addr    Size         Type   Attr      Idx    E Section Name        Object

    0x20000000   0x00000004   Data   RW          765    .data               stm32f1xx_hal.o
    0x20000004   0x00000004   Data   RW         2422    .data               system_stm32f1xx.o
    0x20000008   0x00000008   Data   RW         2601    .data               crc.o
    0x20000010   0x00000008   Data   RW         2914    .data               STemWin522_CM3_Keil.lib(guicc_m565.o)
    0x20000018   0x00000008   Data   RW         2955    .data               STemWin522_CM3_Keil.lib(gui_alloc.o)
    0x20000020   0x0000002c   Data   RW         3012    .data               STemWin522_CM3_Keil.lib(gui_core.o)
    0x2000004c   0x00000004   Data   RW         3015    .data               STemWin522_CM3_Keil.lib(gui_core.o)
    0x20000050   0x00000004   Data   RW         3016    .data               STemWin522_CM3_Keil.lib(gui_core.o)
    0x20000054   0x00000002   Data   RW         3017    .data               STemWin522_CM3_Keil.lib(gui_core.o)
    0x20000056   0x00000002   Data   RW         3018    .data               STemWin522_CM3_Keil.lib(gui_core.o)
    0x20000058   0x0000001c   Data   RW         3210    .data               STemWin522_CM3_Keil.lib(guidrv_flexcolor.o)
    0x20000074   0x00000004   Data   RW         3499    .data               STemWin522_CM3_Keil.lib(lcd.o)
    0x20000078   0x00000010   Data   RW         3525    .data               STemWin522_CM3_Keil.lib(lcd_color.o)
    0x20000088   0x00000058   Data   RW         3622    .data               STemWin522_CM3_Keil.lib(wm.o)
    0x200000e0   0x00000008   Data   RW         3687    .data               STemWin522_CM3_Keil.lib(gui__managecache.o)
    0x200000e8   0x00000004   Data   RW         3712    .data               STemWin522_CM3_Keil.lib(gui_charline.o)
    0x200000ec   0x0000000c   Data   RW         3733    .data               STemWin522_CM3_Keil.lib(gui_onkey.o)
    0x200000f8   0x0000000c   Data   RW         3790    .data               STemWin522_CM3_Keil.lib(gui_waitevent.o)
    0x20000104   0x00000004   Data   RW         3973    .data               STemWin522_CM3_Keil.lib(wm__sendmessage.o)
    0x20000108   0x00000004   Data   RW         4625    .data               mc_w.l(errno.o)
    0x2000010c   0x00000020   Zero   RW         2353    .bss                adc_dup.o
    0x2000012c   0x00000068   Zero   RW         2643    .bss                adc.o
    0x20000194   0x0000c350   Zero   RW         2704    .bss                guiconf.o
    0x2000c4e4   0x000000c8   Zero   RW         2954    .bss                STemWin522_CM3_Keil.lib(gui_alloc.o)
    0x2000c5ac   0x00000078   Zero   RW         3010    .bss                STemWin522_CM3_Keil.lib(gui_core.o)
    0x2000c624   0x00000018   Zero   RW         3621    .bss                STemWin522_CM3_Keil.lib(wm.o)
    0x2000c63c   0x00000058   Zero   RW         3732    .bss                STemWin522_CM3_Keil.lib(gui_onkey.o)
    0x2000c694   0x00000048   Zero   RW         4014    .bss                STemWin522_CM3_Keil.lib(wm_touch.o)
    0x2000c6dc   0x00000004   PAD
    0x2000c6e0   0x00000200   Zero   RW         2453    STACK               startup_stm32f107xc.o


==============================================================================

Image component sizes


      Code (inc. data)   RO Data    RW Data    ZI Data      Debug   Object Name

       196         32          0          0        104       1987   adc.o
       380         64          0          0         32       3368   adc_dup.o
        60         18          0          8          0       1703   crc.o
        24          0          0          0          0        591   delay.o
        44          4          0          0          0        898   dma.o
       176         18          0          0          0       1111   gpio.o
         4          0          0          0          0       1042   gui_x.o
        32         10          0          0      50000      47352   guiconf.o
      1158         78          0          0          0       7989   lcd_ssd1289.o
       208         34          0          0          0       7256   lcdconf_flexcolor_template.o
       182          4          0          0          0       1244   main.o
        36          8        336          0        512        840   startup_stm32f107xc.o
       120         16          0          4          0       4178   stm32f1xx_hal.o
      1244         52          0          0          0       9570   stm32f1xx_hal_adc.o
       200          6          0          0          0       1618   stm32f1xx_hal_adc_ex.o
       228         14          0          0          0      28145   stm32f1xx_hal_cortex.o
        34          0          0          0          0       1195   stm32f1xx_hal_crc.o
      1406         20          0          0          0       4151   stm32f1xx_hal_dma.o
         0          0          0          0          0     326640   stm32f1xx_hal_flash.o
       454         36          0          0          0       3296   stm32f1xx_hal_gpio.o
       108         10          0          0          0        998   stm32f1xx_hal_msp.o
      2918         90         16          0          0       6573   stm32f1xx_hal_rcc.o
       984         58          0          0          0       3229   stm32f1xx_hal_rcc_ex.o
        28          6          0          0          0       1567   stm32f1xx_it.o
        84         16          0          4          0       1585   system_stm32f1xx.o

    ----------------------------------------------------------------------
     10332        594        384         16      50648     468126   Object Totals
         0          0         32          0          0          0   (incl. Generated)
        24          0          0          0          0          0   (incl. Padding)

    ----------------------------------------------------------------------

      Code (inc. data)   RO Data    RW Data    ZI Data      Debug   Library Member Name

         0          0       7848          0          0          0   f32b_ascii.o
         0          0       1816          0          0          0   f6x8.o
       296          0          0          0          0         76   gui__compactpixelindices.o
         0          0        256          0          0          0   gui__divtbl_255_31.o
         0          0        256          0          0          0   gui__divtbl_255_63.o
         0          0         32          0          0          0   gui__divtbl_31_255.o
         0          0         64          0          0          0   gui__divtbl_63_255.o
        58          0          0          0          0         68   gui__intersectrect.o
        82          0          0          0          0         80   gui__intersectrects.o
       188          8          0          8          0        152   gui__managecache.o
        76          0          0          0          0         76   gui__memset.o
        58          0          0          0          0         76   gui__memset16.o
       220         16         40          0          0        236   gui_adddecshift.o
      1634         88          0          8        200       1548   gui_alloc.o
        36          0          0          0          0         80   gui_alloc_alloczero.o
        68          0          0          0          0         76   gui_calccolordist.o
        96         22          0          0          0        272   gui_char.o
       458         36          0          4          0        472   gui_charline.o
       394         10          0          0          0        300   gui_charm.o
       308         10          0          0          0        384   gui_charp.o
       460         78          8         56        120        620   gui_core.o
       340         22          0          0          0        516   gui_device.o
       256          4          0          0          0         88   gui_dispstring.o
        16          4          0          0          0         68   gui_dispstringat.o
        28          0          0          0          0        160   gui_getcolor.o
        52         12          0          0          0        216   gui_goto.o
        88          0          0          0          0         76   gui_mergerect.o
        30          0          0          0          0         68   gui_moverect.o
        16          4          0         12         88         68   gui_onkey.o
        56          0          0          0          0         68   gui_rectsintersect.o
        36          8          0          0          0         80   gui_selectlayer.o
        18          0          0          0          0         80   gui_selectlcd.o
         8          0          0          0          0        136   gui_setcolor.o
        20          6          0          0          0         68   gui_setfont.o
        56         18          0          0          0         80   gui_setorg.o
        84         10          0          0          0        168   gui_uc.o
        18          0         16          0          0        272   gui_uc_encodenone.o
       208          8         16          0          0        352   gui_uc_encodeutf8.o
        62          0          0          0          0        156   gui_val.o
       170          6          0          0          0        272   gui_valf.o
        16          4          0         12          0         68   gui_waitevent.o
       198          0         24          0          0        244   guicc_0.o
       206         32         24          8          0        336   guicc_m565.o
        44         10          0          0          0         76   guicc_m565_index2color.o
       100          6          0          0          0        160   guidev.o
      2268         60        116          0          0       1324   guidev_16.o
        22          0          0          0          0         80   guidev_getdataptr.o
        76          0          0          0          0        164   guidev_usage.o
      1698         18          8          0          0        384   guidev_writetoactiveopaque.o
      1472         74        116         28          0       3308   guidrv_flexcolor.o
      1684         60          0          0          0        856   guidrv_flexcolor_16bpp_c0b16.o
      1018         60          0          0          0       1060   guidrv_flexcolor_func66702.o
      1650        110         12          4          0       1340   lcd.o
       260         26          0         16          0        388   lcd_color.o
        32         12          0          0          0        136   lcd_getcolorindex.o
       292         24          0          0          0        784   lcd_getex.o
        26          0          0          0          0         80   lcd_getnumdisplays.o
         0          0        256          0          0          0   lcd_mirror.o
        68         10          0          0          0         80   lcd_selectlcd.o
       132          0          0          0          0        252   lcd_set.o
        48         10          0          0          0         80   lcd_setcliprectex.o
        36          4          0          0          0         80   lcd_updatecolorindices.o
      2952        128          0         88         24       2556   wm.o
        18          0          0          0          0         76   wm__getfirstsibling.o
        36          0          0          0          0         80   wm__getprevsibling.o
        60          6          0          4          0         88   wm__sendmessage.o
       126          0          0          0          0         92   wm_bringtobottom.o
        16          6          0          0          0         68   wm_criticalhandle.o
        32          0          0          0          0         80   wm_getclientrect.o
        24         10          0          0          0         68   wm_getdesktopwindow.o
        14          0          0          0          0         76   wm_getfirstchild.o
        14          0          0          0          0         76   wm_getparent.o
        30          0          0          0          0         92   wm_sendtoparent.o
         0          0          0          0         72          0   wm_touch.o
       220         16          0          0          0         84   ceil.o
        62         10          0          0          0        340   dunder.o
       220         16          0          0          0         84   floor.o
        40          0          0          0          0         68   fpclassify.o
       170          0          0          0          0         96   poly.o
      2520        190        136          0          0        324   pow.o
         0          0          8          0          0          0   qnan.o
        76          0          0          0          0         84   sqrt.o
         0          0          0          0          0          0   entry.o
         0          0          0          0          0          0   entry10a.o
         0          0          0          0          0          0   entry11a.o
         8          4          0          0          0          0   entry2.o
         4          0          0          0          0          0   entry5.o
         0          0          0          0          0          0   entry7b.o
         0          0          0          0          0          0   entry8b.o
         8          4          0          0          0          0   entry9a.o
        12          6          0          4          0         68   errno.o
        30          0          0          0          0          0   handlers.o
        36          8          0          0          0         68   init.o
         0          0          0          0          0          0   iusefp.o
        30          0          0          0          0         68   llshl.o
        36          0          0          0          0         68   llsshr.o
        32          0          0          0          0         68   llushr.o
        64          0          0          0          0         76   memmovea.o
        36          0          0          0          0        108   memseta.o
        48          0          0          0          0         68   cdrcmple.o
        56          0          0          0          0         88   d2f.o
       334          0          0          0          0        148   dadd.o
       222          0          0          0          0        100   ddiv.o
       186          0          0          0          0        176   depilogue.o
        50          0          0          0          0         76   dfixui.o
        34          0          0          0          0         76   dflti.o
        26          0          0          0          0         76   dfltui.o
       228          0          0          0          0         96   dmul.o
        46          0          0          0          0         80   dscalb.o
       162          0          0          0          0        100   dsqrt.o
        38          0          0          0          0         68   f2d.o
       176          0          0          0          0        140   fadd.o
       110          0          0          0          0        168   fepilogue.o
        50          0          0          0          0         68   ffixi.o
        10          0          0          0          0         68   ffltui.o
       100          0          0          0          0         76   fmul.o

    ----------------------------------------------------------------------
     26200       1294      11052        252        508      25416   Library Totals
        58          0          0          0          4          0   (incl. Padding)

    ----------------------------------------------------------------------

      Code (inc. data)   RO Data    RW Data    ZI Data      Debug   Library Name

     20662       1040      10908        248        504      22140   STemWin522_CM3_Keil.lib
      3308        232        144          0          0       1080   m_ws.l
       296         22          0          4          0        524   mc_w.l
      1876          0          0          0          0       1672   mf_w.l

    ----------------------------------------------------------------------
     26200       1294      11052        252        508      25416   Library Totals

    ----------------------------------------------------------------------

==============================================================================


      Code (inc. data)   RO Data    RW Data    ZI Data      Debug   

     36532       1888      11436        268      51156     473674   Grand Totals
     36532       1888      11436        268      51156     473674   ELF Image Totals
     36532       1888      11436        268          0          0   ROM Totals

==============================================================================

    Total RO  Size (Code + RO Data)                47968 (  46.84kB)
    Total RW  Size (RW Data + ZI Data)             51424 (  50.22kB)
    Total ROM Size (Code + RO Data + RW Data)      48236 (  47.11kB)

==============================================================================

