<html>
<body>
<pre>
<h1>礦ision Build Log</h1>
<h2>Tool Versions:</h2>
IDE-Version: μVision V5.20.0.0
Copyright (C) 2016 ARM Ltd and ARM Germany GmbH. All rights reserved.
License Information: Lumia Microsoft, Microsoft, LIC=KRMFW-Q3UFD-Y64QX-H8FXG-TC5LU-4UJ4K
 
Tool Versions:
Toolchain:       MDK-ARM Plus  Version: 5.20
Toolchain Path:  C:\My Softwares\MDK_520\ARM\ARMCC\Bin
C Compiler:      Armcc.exe V5.06 update 2 (build 183)
Assembler:       Armasm.exe V5.06 update 2 (build 183)
Linker/Locator:  ArmLink.exe V5.06 update 2 (build 183)
Library Manager: ArmAr.exe V5.06 update 2 (build 183)
Hex Converter:   FromElf.exe V5.06 update 2 (build 183)
CPU DLL:         SARMCM3.DLL V5.20
Dialog DLL:      DCM.DLL V1.13.7.0
Target DLL:      Segger\JL2CM3.dll V2.99.2.0
Dialog DLL:      TCM.DLL V1.14.9.0
 
<h2>Project:</h2>
F:\MDK_STM32\2. STM32CubeMX\1. STM32F107VCT6\6. ADC\3. LCD显示AD的转换值--(DMA方式)\2. LCD显示AD值(DMA+多通道)\cube_prj\MDK-ARM\cube_prj.uvprojx
Project File Date:  08/12/2016

<h2>Output:</h2>
*** Using Compiler 'V5.06 update 2 (build 183)', folder: 'C:\My Softwares\MDK_520\ARM\ARMCC\Bin'
Build target 'cube_prj'
compiling stm32f1xx_hal_tim_ex.c...
compiling stm32f1xx_hal_flash.c...
compiling stm32f1xx_hal_rcc.c...
compiling stm32f1xx_hal_gpio.c...
compiling stm32f1xx_hal_flash_ex.c...
compiling stm32f1xx_hal_rcc_ex.c...
compiling stm32f1xx_hal.c...
compiling stm32f1xx_hal_cortex.c...
compiling stm32f1xx_hal_tim.c...
compiling stm32f1xx_hal_pwr.c...
compiling stm32f1xx_hal_dma.c...
compiling stm32f1xx_hal_crc.c...
compiling stm32f1xx_hal_adc_ex.c...
compiling delay.c...
compiling stm32f1xx_hal_adc.c...
compiling lcd_ssd1289.c...
compiling system_stm32f1xx.c...
compiling adc_dup.c...
assembling startup_stm32f107xc.s...
compiling stm32f1xx_it.c...
compiling gpio.c...
compiling stm32f1xx_hal_msp.c...
compiling main.c...
compiling adc.c...
compiling crc.c...
compiling GUIConf.c...
compiling GUI_X.c...
compiling YaHei28.c...
compiling YaHeiConsolasHybrid28.c...
compiling dma.c...
compiling LCDConf_FlexColor_Template.c...
compiling pic_summer.c...
compiling zbt.c...
compiling xll.c...
linking...
Program Size: Code=36532 RO-data=11436 RW-data=268 ZI-data=51156  
FromELF: creating hex file...
"cube_prj\cube_prj.axf" - 0 Error(s), 0 Warning(s).

<h2>Software Packages used:</h2>

Package Vendor: ARM
                http://www.keil.com/pack/ARM.CMSIS.5.0.0-Beta4.pack
                ARM::CMSIS:CORE:5.0.0
                CMSIS (Cortex Microcontroller Software Interface Standard)
   * Component: CORE Version: 5.0.0

<h2>Collection of Component include folders:</h2>
  F:\MDK_STM32\2. STM32CubeMX\1. STM32F107VCT6\6. ADC\3. LCD显示AD的转换值--(DMA方式)\2. LCD显示AD值(DMA+多通道)\cube_prj\MDK-ARM\RTE
  C:\My Softwares\MDK_520\ARM\PACK\ARM\CMSIS\5.0.0-Beta4\CMSIS\Include
  C:\My Softwares\MDK_520\ARM\PACK\Keil\STM32F1xx_DFP\2.1.0\Device\Include

<h2>Collection of Component Files used:</h2>

   * Component: ARM::CMSIS:CORE:5.0.0
Build Time Elapsed:  00:00:17
</pre>
</body>
</html>
