Component: ARM Compiler 5.06 update 1 (build 61) Tool: armlink [4d35a8]

==============================================================================

Section Cross References

    stm32f1xx_hal_flash.o(i.FLASH_Program_HalfWord) refers to stm32f1xx_hal_flash.o(.bss) for .bss
    stm32f1xx_hal_flash.o(i.FLASH_SetErrorCode) refers to stm32f1xx_hal_flash.o(.bss) for .bss
    stm32f1xx_hal_flash.o(i.FLASH_WaitForLastOperation) refers to stm32f1xx_hal.o(i.HAL_GetTick) for HAL_GetTick
    stm32f1xx_hal_flash.o(i.FLASH_WaitForLastOperation) refers to stm32f1xx_hal_flash.o(i.FLASH_SetErrorCode) for FLASH_SetErrorCode
    stm32f1xx_hal_flash.o(i.HAL_FLASH_GetError) refers to stm32f1xx_hal_flash.o(.bss) for .bss
    stm32f1xx_hal_flash.o(i.HAL_FLASH_IRQHandler) refers to stm32f1xx_hal_flash.o(i.FLASH_SetErrorCode) for FLASH_SetErrorCode
    stm32f1xx_hal_flash.o(i.HAL_FLASH_IRQHandler) refers to stm32f1xx_hal_flash.o(i.HAL_FLASH_OperationErrorCallback) for HAL_FLASH_OperationErrorCallback
    stm32f1xx_hal_flash.o(i.HAL_FLASH_IRQHandler) refers to stm32f1xx_hal_flash.o(i.FLASH_Program_HalfWord) for FLASH_Program_HalfWord
    stm32f1xx_hal_flash.o(i.HAL_FLASH_IRQHandler) refers to stm32f1xx_hal_flash.o(i.HAL_FLASH_EndOfOperationCallback) for HAL_FLASH_EndOfOperationCallback
    stm32f1xx_hal_flash.o(i.HAL_FLASH_IRQHandler) refers to stm32f1xx_hal_flash_ex.o(i.FLASH_PageErase) for FLASH_PageErase
    stm32f1xx_hal_flash.o(i.HAL_FLASH_IRQHandler) refers to stm32f1xx_hal_flash.o(.bss) for .bss
    stm32f1xx_hal_flash.o(i.HAL_FLASH_OB_Launch) refers to stm32f1xx_hal_cortex.o(i.HAL_NVIC_SystemReset) for HAL_NVIC_SystemReset
    stm32f1xx_hal_flash.o(i.HAL_FLASH_Program) refers to stm32f1xx_hal_flash.o(i.FLASH_WaitForLastOperation) for FLASH_WaitForLastOperation
    stm32f1xx_hal_flash.o(i.HAL_FLASH_Program) refers to llushr.o(.text) for __aeabi_llsr
    stm32f1xx_hal_flash.o(i.HAL_FLASH_Program) refers to stm32f1xx_hal_flash.o(i.FLASH_Program_HalfWord) for FLASH_Program_HalfWord
    stm32f1xx_hal_flash.o(i.HAL_FLASH_Program) refers to stm32f1xx_hal_flash.o(.bss) for .bss
    stm32f1xx_hal_flash.o(i.HAL_FLASH_Program_IT) refers to stm32f1xx_hal_flash.o(i.FLASH_Program_HalfWord) for FLASH_Program_HalfWord
    stm32f1xx_hal_flash.o(i.HAL_FLASH_Program_IT) refers to stm32f1xx_hal_flash.o(.bss) for .bss
    stm32f1xx_hal_tim_ex.o(i.HAL_TIMEx_ConfigCommutationEvent_DMA) refers to stm32f1xx_hal_tim_ex.o(i.TIMEx_DMACommutationCplt) for TIMEx_DMACommutationCplt
    stm32f1xx_hal_tim_ex.o(i.HAL_TIMEx_ConfigCommutationEvent_DMA) refers to stm32f1xx_hal_tim.o(i.TIM_DMAError) for TIM_DMAError
    stm32f1xx_hal_tim_ex.o(i.HAL_TIMEx_HallSensor_DeInit) refers to stm32f1xx_hal_tim_ex.o(i.HAL_TIMEx_HallSensor_MspDeInit) for HAL_TIMEx_HallSensor_MspDeInit
    stm32f1xx_hal_tim_ex.o(i.HAL_TIMEx_HallSensor_Init) refers to stm32f1xx_hal_tim_ex.o(i.HAL_TIMEx_HallSensor_MspInit) for HAL_TIMEx_HallSensor_MspInit
    stm32f1xx_hal_tim_ex.o(i.HAL_TIMEx_HallSensor_Init) refers to stm32f1xx_hal_tim.o(i.TIM_Base_SetConfig) for TIM_Base_SetConfig
    stm32f1xx_hal_tim_ex.o(i.HAL_TIMEx_HallSensor_Init) refers to stm32f1xx_hal_tim.o(i.TIM_TI1_SetConfig) for TIM_TI1_SetConfig
    stm32f1xx_hal_tim_ex.o(i.HAL_TIMEx_HallSensor_Init) refers to stm32f1xx_hal_tim.o(i.TIM_OC2_SetConfig) for TIM_OC2_SetConfig
    stm32f1xx_hal_tim_ex.o(i.HAL_TIMEx_HallSensor_Start) refers to stm32f1xx_hal_tim.o(i.TIM_CCxChannelCmd) for TIM_CCxChannelCmd
    stm32f1xx_hal_tim_ex.o(i.HAL_TIMEx_HallSensor_Start_DMA) refers to stm32f1xx_hal_tim.o(i.TIM_CCxChannelCmd) for TIM_CCxChannelCmd
    stm32f1xx_hal_tim_ex.o(i.HAL_TIMEx_HallSensor_Start_DMA) refers to stm32f1xx_hal_dma.o(i.HAL_DMA_Start_IT) for HAL_DMA_Start_IT
    stm32f1xx_hal_tim_ex.o(i.HAL_TIMEx_HallSensor_Start_DMA) refers to stm32f1xx_hal_tim.o(i.TIM_DMACaptureCplt) for TIM_DMACaptureCplt
    stm32f1xx_hal_tim_ex.o(i.HAL_TIMEx_HallSensor_Start_DMA) refers to stm32f1xx_hal_tim.o(i.TIM_DMAError) for TIM_DMAError
    stm32f1xx_hal_tim_ex.o(i.HAL_TIMEx_HallSensor_Start_IT) refers to stm32f1xx_hal_tim.o(i.TIM_CCxChannelCmd) for TIM_CCxChannelCmd
    stm32f1xx_hal_tim_ex.o(i.HAL_TIMEx_HallSensor_Stop) refers to stm32f1xx_hal_tim.o(i.TIM_CCxChannelCmd) for TIM_CCxChannelCmd
    stm32f1xx_hal_tim_ex.o(i.HAL_TIMEx_HallSensor_Stop_DMA) refers to stm32f1xx_hal_tim.o(i.TIM_CCxChannelCmd) for TIM_CCxChannelCmd
    stm32f1xx_hal_tim_ex.o(i.HAL_TIMEx_HallSensor_Stop_IT) refers to stm32f1xx_hal_tim.o(i.TIM_CCxChannelCmd) for TIM_CCxChannelCmd
    stm32f1xx_hal_tim_ex.o(i.HAL_TIMEx_OCN_Start) refers to stm32f1xx_hal_tim_ex.o(i.TIM_CCxNChannelCmd) for TIM_CCxNChannelCmd
    stm32f1xx_hal_tim_ex.o(i.HAL_TIMEx_OCN_Start_DMA) refers to stm32f1xx_hal_dma.o(i.HAL_DMA_Start_IT) for HAL_DMA_Start_IT
    stm32f1xx_hal_tim_ex.o(i.HAL_TIMEx_OCN_Start_DMA) refers to stm32f1xx_hal_tim_ex.o(i.TIM_CCxNChannelCmd) for TIM_CCxNChannelCmd
[...]
    eMBRTUReceive                            0x0800800d   Thumb Code    82  mbrtu.o(i.eMBRTUReceive)
    eMBRTUSend                               0x08008069   Thumb Code    92  mbrtu.o(i.eMBRTUSend)
    eMBRTUStart                              0x080080cd   Thumb Code    32  mbrtu.o(i.eMBRTUStart)
    eMBRTUStop                               0x080080f1   Thumb Code    28  mbrtu.o(i.eMBRTUStop)
    eMBRegCoilsCB                            0x0800810d   Thumb Code     4  portreg.o(i.eMBRegCoilsCB)
    eMBRegDiscreteCB                         0x08008111   Thumb Code     4  portreg.o(i.eMBRegDiscreteCB)
    eMBRegHoldingCB                          0x08008115   Thumb Code     4  portreg.o(i.eMBRegHoldingCB)
    eMBRegInputCB                            0x08008119   Thumb Code    68  portreg.o(i.eMBRegInputCB)
    emWin_LCD_Init                           0x08008161   Thumb Code   138  lcd.o(i.emWin_LCD_Init)
    lcd_config                               0x080081ed   Thumb Code   494  lcd_ssd1289.o(i.lcd_config)
    lcd_read_data_multiple                   0x08008429   Thumb Code    98  lcd_ssd1289.o(i.lcd_read_data_multiple)
    lcd_write_addr                           0x08008499   Thumb Code    78  lcd_ssd1289.o(i.lcd_write_addr)
    lcd_write_data                           0x080084f5   Thumb Code    76  lcd_ssd1289.o(i.lcd_write_data)
    main                                     0x080085d5   Thumb Code   110  main.o(i.main)
    pow                                      0x0800866d   Thumb Code  2512  pow.o(i.pow)
    prveMBError2Exception                    0x08009045   Thumb Code    24  mbutils.o(i.prveMBError2Exception)
    prvvTIMERExpiredISR                      0x08009091   Thumb Code     6  porttimer.o(i.prvvTIMERExpiredISR)
    prvvUARTRxISR                            0x0800909d   Thumb Code     6  portserial.o(i.prvvUARTRxISR)
    prvvUARTTxReadyISR                       0x080090a9   Thumb Code     6  portserial.o(i.prvvUARTTxReadyISR)
    sqrt                                     0x080090b5   Thumb Code    76  sqrt.o(i.sqrt)
    usMBCRC16                                0x08009101   Thumb Code    40  mbcrc.o(i.usMBCRC16)
    vMBPortSerialEnable                      0x0800912d   Thumb Code    44  portserial.o(i.vMBPortSerialEnable)
    vMBPortTimersDisable                     0x0800915d   Thumb Code    42  porttimer.o(i.vMBPortTimersDisable)
    vMBPortTimersEnable                      0x0800918d   Thumb Code    24  porttimer.o(i.vMBPortTimersEnable)
    xMBASCIIReceiveFSM                       0x080091a9   Thumb Code   222  mbascii.o(i.xMBASCIIReceiveFSM)
    xMBASCIITimerT1SExpired                  0x0800928d   Thumb Code    42  mbascii.o(i.xMBASCIITimerT1SExpired)
    xMBASCIITransmitFSM                      0x080092bd   Thumb Code   168  mbascii.o(i.xMBASCIITransmitFSM)
    xMBPortEventGet                          0x08009369   Thumb Code    24  portevent.o(i.xMBPortEventGet)
    xMBPortEventInit                         0x08009385   Thumb Code    10  portevent.o(i.xMBPortEventInit)
    xMBPortEventPost                         0x08009395   Thumb Code    12  portevent.o(i.xMBPortEventPost)
    xMBPortSerialGetByte                     0x080093a5   Thumb Code    24  portserial.o(i.xMBPortSerialGetByte)
    xMBPortSerialInit                        0x080093c1   Thumb Code     4  portserial.o(i.xMBPortSerialInit)
    xMBPortSerialPutByte                     0x080093c5   Thumb Code    24  portserial.o(i.xMBPortSerialPutByte)
    xMBPortTimersInit                        0x080093e1   Thumb Code     4  porttimer.o(i.xMBPortTimersInit)
    xMBRTUReceiveFSM                         0x080093e5   Thumb Code    96  mbrtu.o(i.xMBRTUReceiveFSM)
    xMBRTUTimerT35Expired                    0x0800944d   Thumb Code    58  mbrtu.o(i.xMBRTUTimerT35Expired)
    xMBRTUTransmitFSM                        0x0800948d   Thumb Code    86  mbrtu.o(i.xMBRTUTransmitFSM)
    aAPBAHBPrescTable                        0x080094e8   Data          16  stm32f1xx_hal_rcc.o(.constdata)
    acGUI_FontYaHei28_4E1A                   0x080094f8   Data          84  yahei28.o(.constdata)
    acGUI_FontYaHei28_4EAC                   0x0800954c   Data          84  yahei28.o(.constdata)
    acGUI_FontYaHei28_5357                   0x080095a0   Data          84  yahei28.o(.constdata)
    acGUI_FontYaHei28_5927                   0x080095f4   Data          84  yahei28.o(.constdata)
    acGUI_FontYaHei28_5B66                   0x08009648   Data          84  yahei28.o(.constdata)
    acGUI_FontYaHei28_5DE5                   0x0800969c   Data          84  yahei28.o(.constdata)
    GUI_FontYaHei28_CharInfo                 0x080096f0   Data          48  yahei28.o(.constdata)
    GUI_FontYaHei28_Prop6                    0x08009720   Data          12  yahei28.o(.constdata)
    GUI_FontYaHei28_Prop5                    0x0800972c   Data          12  yahei28.o(.constdata)
    GUI_FontYaHei28_Prop4                    0x08009738   Data          12  yahei28.o(.constdata)
    GUI_FontYaHei28_Prop3                    0x08009744   Data          12  yahei28.o(.constdata)
    GUI_FontYaHei28_Prop2                    0x08009750   Data          12  yahei28.o(.constdata)
    GUI_FontYaHei28_Prop1                    0x0800975c   Data          12  yahei28.o(.constdata)
    GUI_FontYaHei28                          0x08009768   Data          36  yahei28.o(.constdata)
    LCD_API_ColorConv_M565                   0x0800998c   Data          24  guicc_m565.o(.constdata)
    GUIDRV_FlexColor_API                     0x080099bc   Data          52  guidrv_flexcolor.o(.constdata)
    GUI_Font32B_ASCII_CharInfo               0x0800b5b0   Data         760  f32b_ascii.o(.constdata)
    GUI_Font32B_ASCII                        0x0800b8b4   Data          36  f32b_ascii.o(.constdata)
    GUI_Font6x8                              0x0800bfcc   Data          36  f6x8.o(.constdata)
    GUI__aConvert_255_31                     0x0800bff0   Data         256  gui__divtbl_255_31.o(.constdata)
    GUI__aConvert_255_63                     0x0800c0f0   Data         256  gui__divtbl_255_63.o(.constdata)
    GUI__aConvert_31_255                     0x0800c1f0   Data          32  gui__divtbl_31_255.o(.constdata)
    GUI__aConvert_63_255                     0x0800c210   Data          64  gui__divtbl_63_255.o(.constdata)
    GUI_UC_None                              0x0800c250   Data          16  gui_uc_encodenone.o(.constdata)
    GUI_MEMDEV_DEVICE_16                     0x0800c2ac   Data          52  guidev_16.o(.constdata)
    LCD_API_ColorConv_0                      0x0800c2e0   Data          24  guicc_0.o(.constdata)
    LCD_aMirror                              0x0800c2f8   Data         256  lcd_mirror.o(.constdata)
    __mathlib_zero                           0x0800c488   Data           8  qnan.o(.constdata)
    Region$$Table$$Base                      0x0800c490   Number         0  anon$$obj.o(Region$$Table)
    Region$$Table$$Limit                     0x0800c4b0   Number         0  anon$$obj.o(Region$$Table)
    SystemCoreClock                          0x20000004   Data           4  system_stm32f1xx.o(.data)
    hcrc                                     0x20000008   Data           8  crc.o(.data)
    pxMBFrameCBByteReceived                  0x2000003c   Data           4  mb.o(.data)
    pxMBFrameCBTransmitterEmpty              0x20000040   Data           4  mb.o(.data)
    pxMBPortCBTimerExpired                   0x20000044   Data           4  mb.o(.data)
    GUI_DecChar                              0x200000f8   Data           1  gui_core.o(.data)
    GUI_pfGetpPalConvTable                   0x200000fc   Data           4  gui_core.o(.data)
    GUI__pFontDefault                        0x20000100   Data           4  gui_core.o(.data)
    GUI_pContext                             0x20000104   Data           4  gui_core.o(.data)
    GUI_pUC_API                              0x20000108   Data           4  gui_core.o(.data)
    GUI__apDevice                            0x2000011c   Data           8  gui_core.o(.data)
    GUI_pfDispCharStyle                      0x20000124   Data           4  gui_core.o(.data)
    GUI_pLCD_APIList                         0x20000128   Data           4  gui_core.o(.data)
    GUI_OrgX                                 0x2000012c   Data           2  gui_core.o(.data)
    GUI_OrgY                                 0x2000012e   Data           2  gui_core.o(.data)
    LCD__pSetColorAPI                        0x2000014c   Data           4  lcd.o(.data)
    LCD__aConvTable                          0x20000154   Data           4  lcd_color.o(.data)
    WM__PaintCallbackCnt                     0x20000160   Data           1  wm.o(.data)
    WM__NumWindows                           0x20000162   Data           2  wm.o(.data)
    WM__NumInvalidWindows                    0x20000164   Data           2  wm.o(.data)
    WM__TouchedLayer                         0x20000168   Data           4  wm.o(.data)
    WM__FirstWin                             0x2000016c   Data           4  wm.o(.data)
    WM__pFirstCriticalHandle                 0x20000170   Data           4  wm.o(.data)
    WM__CreateFlags                          0x20000174   Data           4  wm.o(.data)
    WM_pfPollPID                             0x20000178   Data           4  wm.o(.data)
    WM_MULTIBUF__pAPI                        0x2000017c   Data           4  wm.o(.data)
    WM__TransWindowCnt                       0x20000180   Data           4  wm.o(.data)
    WM__hATransWindow                        0x20000184   Data           4  wm.o(.data)
    WM__ahDesktopWin                         0x20000198   Data           8  wm.o(.data)
    WM__aBkColor                             0x200001a0   Data           8  wm.o(.data)
    WM__ahCapture                            0x200001a8   Data           8  wm.o(.data)
    WM__ahWinFocus                           0x200001b0   Data           8  wm.o(.data)
    GUI_CharLine_pfLog2Vis                   0x200001c0   Data           4  gui_charline.o(.data)
    huart1                                   0x200001e4   Data          64  usart.o(.bss)
    hdma_usart1_rx                           0x20000224   Data          56  usart.o(.bss)
    hdma_usart1_tx                           0x2000025c   Data          56  usart.o(.bss)
    htim7                                    0x20000294   Data          60  tim.o(.bss)
    ucRTUBuf                                 0x2000c620   Data         256  mbrtu.o(.bss)
    GUI_ALLOC__Context                       0x2000c740   Data         188  gui_alloc.o(.bss)
    WM__aCHWinModal                          0x2000c908   Data          16  wm_touch.o(.bss)
    WM__aCHWinLast                           0x2000c918   Data          16  wm_touch.o(.bss)
    WM__aCHWinMouseOver                      0x2000c928   Data          16  wm_touch.o(.bss)
    __initial_sp                             0x2000cb38   Data           0  startup_stm32f107xc.o(STACK)



==============================================================================

Memory Map of the image

  Image Entry point : 0x08000151

  Load Region LR_IROM1 (Base: 0x08000000, Size: 0x0000c694, Max: 0x00040000, ABSOLUTE, COMPRESSED[0x0000c520])

    Execution Region ER_IROM1 (Base: 0x08000000, Size: 0x0000c4b0, Max: 0x00040000, ABSOLUTE)

    Base Addr    Size         Type   Attr      Idx    E Section Name        Object

    0x08000000   0x00000150   Data   RO         2416    RESET               startup_stm32f107xc.o
    0x08000150   0x00000000   Code   RO         5153  * .ARM.Collect$$$$00000000  mc_w.l(entry.o)
    0x08000150   0x00000004   Code   RO         5207    .ARM.Collect$$$$00000001  mc_w.l(entry2.o)
    0x08000154   0x00000004   Code   RO         5210    .ARM.Collect$$$$00000004  mc_w.l(entry5.o)
    0x08000158   0x00000000   Code   RO         5212    .ARM.Collect$$$$00000008  mc_w.l(entry7b.o)
    0x08000158   0x00000000   Code   RO         5214    .ARM.Collect$$$$0000000A  mc_w.l(entry8b.o)
    0x08000158   0x00000008   Code   RO         5215    .ARM.Collect$$$$0000000B  mc_w.l(entry9a.o)
    0x08000160   0x00000000   Code   RO         5217    .ARM.Collect$$$$0000000D  mc_w.l(entry10a.o)
    0x08000160   0x00000000   Code   RO         5219    .ARM.Collect$$$$0000000F  mc_w.l(entry11a.o)
    0x08000160   0x00000004   Code   RO         5208    .ARM.Collect$$$$00002712  mc_w.l(entry2.o)
    0x08000164   0x00000024   Code   RO         2417    .text               startup_stm32f107xc.o
    0x08000188   0x00000020   Code   RO         5156    .text               mc_w.l(llushr.o)
    0x080001a8   0x00000040   Code   RO         5162    .text               mc_w.l(memmovea.o)
    0x080001e8   0x00000024   Code   RO         5164    .text               mc_w.l(memseta.o)
    0x0800020c   0x0000014e   Code   RO         5170    .text               mf_w.l(dadd.o)
    0x0800035a   0x000000e4   Code   RO         5172    .text               mf_w.l(dmul.o)
    0x0800043e   0x00000022   Code   RO         5174    .text               mf_w.l(dflti.o)
    0x08000460   0x0000001a   Code   RO         5176    .text               mf_w.l(dfltui.o)
    0x0800047a   0x00000032   Code   RO         5178    .text               mf_w.l(dfixui.o)
    0x080004ac   0x0000001e   Code   RO         5221    .text               mc_w.l(llshl.o)
    0x080004ca   0x00000024   Code   RO         5223    .text               mc_w.l(llsshr.o)
    0x080004ee   0x00000000   Code   RO         5232    .text               mc_w.l(iusefp.o)
    0x080004ee   0x000000ba   Code   RO         5233    .text               mf_w.l(depilogue.o)
    0x080005a8   0x000000de   Code   RO         5235    .text               mf_w.l(ddiv.o)
    0x08000686   0x0000002e   Code   RO         5237    .text               mf_w.l(dscalb.o)
    0x080006b4   0x00000030   Code   RO         5239    .text               mf_w.l(cdrcmple.o)
    0x080006e4   0x00000024   Code   RO         5241    .text               mc_w.l(init.o)
    0x08000708   0x000000a2   Code   RO         5243    .text               mf_w.l(dsqrt.o)
    0x080007aa   0x00000056   Code   RO         5255    .text               mc_w.l(__dczerorl2.o)
    0x08000800   0x0000000c   Code   RO         2451    i.DMA1_Channel4_IRQHandler  stm32f1xx_it.o
    0x0800080c   0x0000000c   Code   RO         2452    i.DMA1_Channel5_IRQHandler  stm32f1xx_it.o
    0x08000818   0x0000005c   Code   RO         2199    i.GPIO_Read         lcd_ssd1289.o
    0x08000874   0x00000042   Code   RO         2200    i.GPIO_Write        lcd_ssd1289.o
    0x080008b6   0x00000040   Code   RO         3809    i.GUIDRV_FlexColor_Config  STemWin522_CM3_Keil.lib(guidrv_flexcolor.o)
    0x080008f6   0x00000032   Code   RO         3810    i.GUIDRV_FlexColor_SetFunc  STemWin522_CM3_Keil.lib(guidrv_flexcolor.o)
    0x08000928   0x0000005c   Code   RO         3940    i.GUIDRV_FlexColor_SetFunc66702  STemWin522_CM3_Keil.lib(guidrv_flexcolor_func66702.o)
    0x08000984   0x00000058   Code   RO         3922    i.GUIDRV_FlexColor_SetMode16bppC0B16  STemWin522_CM3_Keil.lib(guidrv_flexcolor_16bpp_c0b16.o)
    0x080009dc   0x000000c0   Code   RO         3814    i.GUIDRV_FlexColor__GetPixelIndexNoCache  STemWin522_CM3_Keil.lib(guidrv_flexcolor.o)
    0x08000a9c   0x00000038   Code   RO         3816    i.GUIDRV_FlexColor__InitOnce  STemWin522_CM3_Keil.lib(guidrv_flexcolor.o)
    0x08000ad4   0x00000038   Code   RO         3821    i.GUIDRV_FlexColor__SetLog2Phys  STemWin522_CM3_Keil.lib(guidrv_flexcolor.o)
    0x08000b0c   0x0000009c   Code   RO         3823    i.GUIDRV_FlexColor__SetPixelIndexNoCache  STemWin522_CM3_Keil.lib(guidrv_flexcolor.o)
    0x08000ba8   0x00000134   Code   RO         4078    i.GUIMONO_DispChar  STemWin522_CM3_Keil.lib(gui_charm.o)
    0x08000cdc   0x00000018   Code   RO         4079    i.GUIMONO_GetCharDistX  STemWin522_CM3_Keil.lib(gui_charm.o)
    0x08000cf4   0x00000006   Code   RO         4080    i.GUIMONO_GetFontInfo  STemWin522_CM3_Keil.lib(gui_charm.o)
    0x08000cfa   0x00000038   Code   RO         4081    i.GUIMONO_IsInFont  STemWin522_CM3_Keil.lib(gui_charm.o)
    0x08000d32   0x00000002   PAD
    0x08000d34   0x000000c8   Code   RO         3680    i.GUIPROP_DispChar  STemWin522_CM3_Keil.lib(gui_charp.o)
    0x08000dfc   0x00000040   Code   RO         3681    i.GUIPROP_GetCharDistX  STemWin522_CM3_Keil.lib(gui_charp.o)
    0x08000e3c   0x00000006   Code   RO         3682    i.GUIPROP_GetFontInfo  STemWin522_CM3_Keil.lib(gui_charp.o)
    0x08000e42   0x00000010   Code   RO         3683    i.GUIPROP_IsInFont  STemWin522_CM3_Keil.lib(gui_charp.o)
    0x08000e52   0x00000016   Code   RO         3684    i.GUIPROP__FindChar  STemWin522_CM3_Keil.lib(gui_charp.o)
    0x08000e68   0x0000000a   Code   RO         3610    i.GUI_ALLOC_AllocNoInit  STemWin522_CM3_Keil.lib(gui_alloc.o)
    0x08000e72   0x00000024   Code   RO         4331    i.GUI_ALLOC_AllocZero  STemWin522_CM3_Keil.lib(gui_alloc_alloczero.o)
    0x08000e96   0x00000002   PAD
    0x08000e98   0x00000010   Code   RO         3611    i.GUI_ALLOC_AssignMemory  STemWin522_CM3_Keil.lib(gui_alloc.o)
    0x08000ea8   0x00000038   Code   RO         3612    i.GUI_ALLOC_Free    STemWin522_CM3_Keil.lib(gui_alloc.o)
    0x08000ee0   0x00000018   Code   RO         3613    i.GUI_ALLOC_FreeFixedBlock  STemWin522_CM3_Keil.lib(gui_alloc.o)
    0x08000ef8   0x000000a8   Code   RO         3616    i.GUI_ALLOC_GetFixedBlock  STemWin522_CM3_Keil.lib(gui_alloc.o)
    0x08000fa0   0x0000001c   Code   RO         3624    i.GUI_ALLOC_LockH   STemWin522_CM3_Keil.lib(gui_alloc.o)
    0x08000fbc   0x00000030   Code   RO         3629    i.GUI_ALLOC_UnlockH  STemWin522_CM3_Keil.lib(gui_alloc.o)
    0x08000fec   0x00000018   Code   RO         3630    i.GUI_ALLOC_h2p     STemWin522_CM3_Keil.lib(gui_alloc.o)
    0x08001004   0x00000044   Code   RO         4673    i.GUI_CalcColorDist  STemWin522_CM3_Keil.lib(gui_calccolordist.o)
    0x08001048   0x0000001c   Code   RO         3690    i.GUI_Clear         STemWin522_CM3_Keil.lib(gui_core.o)
    0x08001064   0x00000060   Code   RO         3691    i.GUI_ClearRect     STemWin522_CM3_Keil.lib(gui_core.o)
    0x080010c4   0x00000050   Code   RO         3719    i.GUI_DEVICE_Create  STemWin522_CM3_Keil.lib(gui_device.o)
    0x08001114   0x00000028   Code   RO         3720    i.GUI_DEVICE_CreateAndLink  STemWin522_CM3_Keil.lib(gui_device.o)
    0x0800113c   0x00000004   Code   RO         3721    i.GUI_DEVICE_Delete  STemWin522_CM3_Keil.lib(gui_device.o)
    0x08001140   0x00000080   Code   RO         3722    i.GUI_DEVICE_Link   STemWin522_CM3_Keil.lib(gui_device.o)
    0x080011c0   0x00000004   Code   RO         3724    i.GUI_DEVICE_Unlink  STemWin522_CM3_Keil.lib(gui_device.o)
    0x080011c4   0x00000024   Code   RO         3727    i.GUI_DEVICE__GetpDriver  STemWin522_CM3_Keil.lib(gui_device.o)
    0x080011e8   0x00000100   Code   RO         4086    i.GUI_DispString    STemWin522_CM3_Keil.lib(gui_dispstring.o)
    0x080012e8   0x00000010   Code   RO         3740    i.GUI_DispStringAt  STemWin522_CM3_Keil.lib(gui_dispstringat.o)
    0x080012f8   0x00000014   Code   RO         4451    i.GUI_GetBitsPerPixelEx  STemWin522_CM3_Keil.lib(lcd_getex.o)
    0x0800130c   0x0000000e   Code   RO         4088    i.GUI_GetBkColor    STemWin522_CM3_Keil.lib(gui_getcolor.o)
    0x0800131a   0x00000002   PAD
    0x0800131c   0x00000010   Code   RO         4335    i.GUI_GetCharDistX  STemWin522_CM3_Keil.lib(gui_char.o)
    0x0800132c   0x00000010   Code   RO         4336    i.GUI_GetCharDistXEx  STemWin522_CM3_Keil.lib(gui_char.o)
    0x0800133c   0x0000000e   Code   RO         4090    i.GUI_GetColor      STemWin522_CM3_Keil.lib(gui_getcolor.o)
    0x0800134a   0x00000002   PAD
    0x0800134c   0x00000010   Code   RO         4337    i.GUI_GetFontDistY  STemWin522_CM3_Keil.lib(gui_char.o)
    0x0800135c   0x00000030   Code   RO         4338    i.GUI_GetYAdjust    STemWin522_CM3_Keil.lib(gui_char.o)
    0x0800138c   0x00000010   Code   RO         4452    i.GUI_GetpfColor2IndexEx  STemWin522_CM3_Keil.lib(lcd_getex.o)
    0x0800139c   0x00000010   Code   RO         4453    i.GUI_GetpfIndex2ColorEx  STemWin522_CM3_Keil.lib(lcd_getex.o)
    0x080013ac   0x00000014   Code   RO         4097    i.GUI_GotoXY        STemWin522_CM3_Keil.lib(gui_goto.o)
    0x080013c0   0x00000064   Code   RO         3693    i.GUI_Init          STemWin522_CM3_Keil.lib(gui_core.o)
    0x08001424   0x00000040   Code   RO         4538    i.GUI_MEMDEV_Delete  STemWin522_CM3_Keil.lib(guidev.o)
    0x08001464   0x00000024   Code   RO         4539    i.GUI_MEMDEV_GetBitsPerPixel  STemWin522_CM3_Keil.lib(guidev.o)
    0x08001488   0x00000016   Code   RO         4908    i.GUI_MEMDEV_GetDataPtr  STemWin522_CM3_Keil.lib(guidev_getdataptr.o)
    0x0800149e   0x0000003c   Code   RO         4588    i.GUI_MEMDEV__WriteToActiveOpaque  STemWin522_CM3_Keil.lib(guidev_writetoactiveopaque.o)
    0x080014da   0x00000058   Code   RO         4358    i.GUI_MergeRect     STemWin522_CM3_Keil.lib(gui_mergerect.o)
    0x08001532   0x0000001e   Code   RO         4360    i.GUI_MoveRect      STemWin522_CM3_Keil.lib(gui_moverect.o)
    0x08001550   0x00000038   Code   RO         4382    i.GUI_RectsIntersect  STemWin522_CM3_Keil.lib(gui_rectsintersect.o)
    0x08001588   0x00000012   Code   RO         4739    i.GUI_SelectLCD     STemWin522_CM3_Keil.lib(gui_selectlcd.o)
    0x0800159a   0x00000002   PAD
    0x0800159c   0x00000024   Code   RO         4391    i.GUI_SelectLayer   STemWin522_CM3_Keil.lib(gui_selectlayer.o)
    0x080015c0   0x00000004   Code   RO         3742    i.GUI_SetBkColor    STemWin522_CM3_Keil.lib(gui_setcolor.o)
    0x080015c4   0x00000004   Code   RO         3743    i.GUI_SetColor      STemWin522_CM3_Keil.lib(gui_setcolor.o)
    0x080015c8   0x0000000c   Code   RO         3694    i.GUI_SetDefaultFont  STemWin522_CM3_Keil.lib(gui_core.o)
    0x080015d4   0x00000014   Code   RO         3746    i.GUI_SetFont       STemWin522_CM3_Keil.lib(gui_setfont.o)
    0x080015e8   0x00000038   Code   RO         4106    i.GUI_SetOrg        STemWin522_CM3_Keil.lib(gui_setorg.o)
    0x08001620   0x00000010   Code   RO         4426    i.GUI_SignalEvent   STemWin522_CM3_Keil.lib(gui_waitevent.o)
    0x08001630   0x00000010   Code   RO         4367    i.GUI_StoreKey      STemWin522_CM3_Keil.lib(gui_onkey.o)
    0x08001640   0x00000010   Code   RO         3748    i.GUI_UC_SetEncodeUTF8  STemWin522_CM3_Keil.lib(gui_uc_encodeutf8.o)
    0x08001650   0x0000002c   Code   RO         4413    i.GUI_UC__GetCharCodeInc  STemWin522_CM3_Keil.lib(gui_uc.o)
    0x0800167c   0x00000028   Code   RO         4415    i.GUI_UC__NumChars2NumBytes  STemWin522_CM3_Keil.lib(gui_uc.o)
    0x080016a4   0x00000028   Code   RO         4582    i.GUI_USAGE_AddRect  STemWin522_CM3_Keil.lib(guidev_usage.o)
    0x080016cc   0x00000024   Code   RO         4583    i.GUI_USAGE_DecUseCnt  STemWin522_CM3_Keil.lib(guidev_usage.o)
    0x080016f0   0x00000020   Code   RO         2769    i.GUI_X_Config      guiconf.o
    0x08001710   0x00000002   Code   RO         2850    i.GUI_X_ExecIdle    gui_x.o
    0x08001712   0x00000002   Code   RO         2852    i.GUI_X_Init        gui_x.o
    0x08001714   0x00000128   Code   RO         4669    i.GUI__CompactPixelIndices  STemWin522_CM3_Keil.lib(gui__compactpixelindices.o)
    0x0800183c   0x00000034   Code   RO         3696    i.GUI__Config       STemWin522_CM3_Keil.lib(gui_core.o)
    0x08001870   0x000000b0   Code   RO         4345    i.GUI__DispLine     STemWin522_CM3_Keil.lib(gui_charline.o)
    0x08001920   0x00000054   Code   RO         4346    i.GUI__GetLineDistX  STemWin522_CM3_Keil.lib(gui_charline.o)
    0x08001974   0x00000038   Code   RO         4347    i.GUI__GetLineNumChars  STemWin522_CM3_Keil.lib(gui_charline.o)
    0x080019ac   0x00000018   Code   RO         4348    i.GUI__GetOverlap   STemWin522_CM3_Keil.lib(gui_charline.o)
    0x080019c4   0x0000003a   Code   RO         4322    i.GUI__IntersectRect  STemWin522_CM3_Keil.lib(gui__intersectrect.o)
    0x080019fe   0x00000052   Code   RO         4324    i.GUI__IntersectRects  STemWin522_CM3_Keil.lib(gui__intersectrects.o)
    0x08001a50   0x00000010   Code   RO         4326    i.GUI__ManageCache  STemWin522_CM3_Keil.lib(gui__managecache.o)
    0x08001a60   0x000000ac   Code   RO         4327    i.GUI__ManageCacheEx  STemWin522_CM3_Keil.lib(gui__managecache.o)
    0x08001b0c   0x00000010   Code   RO         3697    i.GUI__RegisterExit  STemWin522_CM3_Keil.lib(gui_core.o)
    0x08001b1c   0x0000004c   Code   RO         4074    i.GUI__memset       STemWin522_CM3_Keil.lib(gui__memset.o)
    0x08001b68   0x0000003a   Code   RO         4076    i.GUI__memset16     STemWin522_CM3_Keil.lib(gui__memset16.o)
    0x08001ba2   0x00000022   Code   RO         1831    i.HAL_CRC_Init      stm32f1xx_hal_crc.o
    0x08001bc4   0x00000028   Code   RO         2623    i.HAL_CRC_MspInit   crc.o
    0x08001bec   0x000004b8   Code   RO         1755    i.HAL_DMA_IRQHandler  stm32f1xx_hal_dma.o
    0x080020a4   0x00000050   Code   RO         1756    i.HAL_DMA_Init      stm32f1xx_hal_dma.o
    0x080020f4   0x00000016   Code   RO          750    i.HAL_Delay         stm32f1xx_hal.o
    0x0800210a   0x00000002   PAD
    0x0800210c   0x000001bc   Code   RO          620    i.HAL_GPIO_Init     stm32f1xx_hal_gpio.o
    0x080022c8   0x0000000a   Code   RO          624    i.HAL_GPIO_WritePin  stm32f1xx_hal_gpio.o
    0x080022d2   0x00000002   PAD
    0x080022d4   0x0000000c   Code   RO          754    i.HAL_GetTick       stm32f1xx_hal.o
    0x080022e0   0x00000010   Code   RO          755    i.HAL_IncTick       stm32f1xx_hal.o
    0x080022f0   0x00000024   Code   RO          756    i.HAL_Init          stm32f1xx_hal.o
    0x08002314   0x00000022   Code   RO          757    i.HAL_InitTick      stm32f1xx_hal.o
    0x08002336   0x00000002   PAD
    0x08002338   0x0000006c   Code   RO         2522    i.HAL_MspInit       stm32f1xx_hal_msp.o
    0x080023a4   0x00000016   Code   RO         1508    i.HAL_NVIC_ClearPendingIRQ  stm32f1xx_hal_cortex.o
    0x080023ba   0x00000016   Code   RO         1510    i.HAL_NVIC_EnableIRQ  stm32f1xx_hal_cortex.o
    0x080023d0   0x00000040   Code   RO         1516    i.HAL_NVIC_SetPriority  stm32f1xx_hal_cortex.o
    0x08002410   0x00000024   Code   RO         1517    i.HAL_NVIC_SetPriorityGrouping  stm32f1xx_hal_cortex.o
    0x08002434   0x00000288   Code   RO          428    i.HAL_RCC_ClockConfig  stm32f1xx_hal_rcc.o
    0x080026bc   0x00000034   Code   RO          433    i.HAL_RCC_GetHCLKFreq  stm32f1xx_hal_rcc.o
    0x080026f0   0x0000002c   Code   RO          435    i.HAL_RCC_GetPCLK1Freq  stm32f1xx_hal_rcc.o
    0x0800271c   0x0000002c   Code   RO          436    i.HAL_RCC_GetPCLK2Freq  stm32f1xx_hal_rcc.o
    0x08002748   0x000000e4   Code   RO          437    i.HAL_RCC_GetSysClockFreq  stm32f1xx_hal_rcc.o
    0x0800282c   0x0000079a   Code   RO          440    i.HAL_RCC_OscConfig  stm32f1xx_hal_rcc.o
    0x08002fc6   0x00000018   Code   RO         1519    i.HAL_SYSTICK_CLKSourceConfig  stm32f1xx_hal_cortex.o
    0x08002fde   0x00000002   Code   RO         1520    i.HAL_SYSTICK_Callback  stm32f1xx_hal_cortex.o
    0x08002fe0   0x00000028   Code   RO         1521    i.HAL_SYSTICK_Config  stm32f1xx_hal_cortex.o
    0x08003008   0x00000008   Code   RO         1522    i.HAL_SYSTICK_IRQHandler  stm32f1xx_hal_cortex.o
    0x08003010   0x00000002   Code   RO          194    i.HAL_TIMEx_BreakCallback  stm32f1xx_hal_tim_ex.o
    0x08003012   0x00000002   Code   RO          195    i.HAL_TIMEx_CommutationCallback  stm32f1xx_hal_tim_ex.o
    0x08003014   0x00000050   Code   RO          211    i.HAL_TIMEx_MasterConfigSynchronization  stm32f1xx_hal_tim_ex.o
    0x08003064   0x00000036   Code   RO          879    i.HAL_TIM_Base_Init  stm32f1xx_hal_tim.o
    0x0800309a   0x00000002   PAD
    0x0800309c   0x0000003c   Code   RO         2731    i.HAL_TIM_Base_MspInit  tim.o
    0x080030d8   0x00000002   Code   RO          908    i.HAL_TIM_IC_CaptureCallback  stm32f1xx_hal_tim.o
    0x080030da   0x00000166   Code   RO          921    i.HAL_TIM_IRQHandler  stm32f1xx_hal_tim.o
    0x08003240   0x00000002   Code   RO          924    i.HAL_TIM_OC_DelayElapsedCallback  stm32f1xx_hal_tim.o
    0x08003242   0x00000002   Code   RO          951    i.HAL_TIM_PWM_PulseFinishedCallback  stm32f1xx_hal_tim.o
    0x08003244   0x00000004   Code   RO         2453    i.HAL_TIM_PeriodElapsedCallback  stm32f1xx_it.o
    0x08003248   0x00000002   Code   RO          962    i.HAL_TIM_TriggerCallback  stm32f1xx_hal_tim.o
    0x0800324a   0x00000002   Code   RO         1899    i.HAL_UART_ErrorCallback  stm32f1xx_hal_uart.o
    0x0800324c   0x000000da   Code   RO         1902    i.HAL_UART_IRQHandler  stm32f1xx_hal_uart.o
    0x08003326   0x0000005e   Code   RO         1903    i.HAL_UART_Init     stm32f1xx_hal_uart.o
    0x08003384   0x000000b8   Code   RO         2689    i.HAL_UART_MspInit  usart.o
    0x0800343c   0x000000cc   Code   RO         1906    i.HAL_UART_Receive  stm32f1xx_hal_uart.o
    0x08003508   0x00000002   Code   RO         1909    i.HAL_UART_RxCpltCallback  stm32f1xx_hal_uart.o
    0x0800350a   0x00000002   PAD
    0x0800350c   0x000000cc   Code   RO         1911    i.HAL_UART_Transmit  stm32f1xx_hal_uart.o
    0x080035d8   0x00000002   Code   RO         1914    i.HAL_UART_TxCpltCallback  stm32f1xx_hal_uart.o
    0x080035da   0x00000002   PAD
    0x080035dc   0x0000001c   Code   RO         4121    i.LCD_Color2Index   STemWin522_CM3_Keil.lib(lcd.o)
    0x080035f8   0x00000208   Code   RO         4122    i.LCD_DrawBitmap    STemWin522_CM3_Keil.lib(lcd.o)
    0x08003800   0x00000058   Code   RO         4123    i.LCD_DrawHLine     STemWin522_CM3_Keil.lib(lcd.o)
    0x08003858   0x00000068   Code   RO         4124    i.LCD_DrawPixel     STemWin522_CM3_Keil.lib(lcd.o)
    0x080038c0   0x00000058   Code   RO         4126    i.LCD_FillRect      STemWin522_CM3_Keil.lib(lcd.o)
    0x08003918   0x00000006   Code   RO         4455    i.LCD_GetBitsPerPixelEx  STemWin522_CM3_Keil.lib(lcd_getex.o)
    0x0800391e   0x00000002   PAD
    0x08003920   0x00000010   Code   RO         4447    i.LCD_GetBkColorIndex  STemWin522_CM3_Keil.lib(lcd_getcolorindex.o)
    0x08003930   0x00000010   Code   RO         4448    i.LCD_GetColorIndex  STemWin522_CM3_Keil.lib(lcd_getcolorindex.o)
    0x08003940   0x00000010   Code   RO         4462    i.LCD_GetNumColors  STemWin522_CM3_Keil.lib(lcd_getex.o)
    0x08003950   0x00000006   Code   RO         4463    i.LCD_GetNumColorsEx  STemWin522_CM3_Keil.lib(lcd_getex.o)
    0x08003956   0x0000001a   Code   RO         4529    i.LCD_GetNumLayers  STemWin522_CM3_Keil.lib(lcd_getnumdisplays.o)
    0x08003970   0x00000010   Code   RO         4464    i.LCD_GetPalette    STemWin522_CM3_Keil.lib(lcd_getex.o)
    0x08003980   0x00000018   Code   RO         4465    i.LCD_GetPaletteEx  STemWin522_CM3_Keil.lib(lcd_getex.o)
    0x08003998   0x00000004   Code   RO         4160    i.LCD_GetpPalConvTableBM  STemWin522_CM3_Keil.lib(lcd_color.o)
    0x0800399c   0x00000048   Code   RO         4161    i.LCD_GetpPalConvTableUncached  STemWin522_CM3_Keil.lib(lcd_color.o)
    0x080039e4   0x0000001c   Code   RO         4127    i.LCD_Index2Color   STemWin522_CM3_Keil.lib(lcd.o)
    0x08003a00   0x0000002c   Code   RO         4119    i.LCD_Index2Color_M565  STemWin522_CM3_Keil.lib(guicc_m565_index2color.o)
    0x08003a2c   0x00000034   Code   RO         4162    i.LCD_InitColors    STemWin522_CM3_Keil.lib(lcd_color.o)
    0x08003a60   0x00000070   Code   RO         4163    i.LCD_InitLUT       STemWin522_CM3_Keil.lib(lcd_color.o)
    0x08003ad0   0x00000044   Code   RO         5108    i.LCD_SelectLCD     STemWin522_CM3_Keil.lib(lcd_selectlcd.o)
    0x08003b14   0x0000000c   Code   RO         4128    i.LCD_SetBkColor    STemWin522_CM3_Keil.lib(lcd.o)
    0x08003b20   0x00000018   Code   RO         4129    i.LCD_SetBkColorIndex  STemWin522_CM3_Keil.lib(lcd.o)
    0x08003b38   0x00000030   Code   RO         4532    i.LCD_SetClipRectEx  STemWin522_CM3_Keil.lib(lcd_setcliprectex.o)
    0x08003b68   0x0000001c   Code   RO         4130    i.LCD_SetClipRectMax  STemWin522_CM3_Keil.lib(lcd.o)
    0x08003b84   0x0000000c   Code   RO         4131    i.LCD_SetColor      STemWin522_CM3_Keil.lib(lcd.o)
    0x08003b90   0x00000018   Code   RO         4132    i.LCD_SetColorIndex  STemWin522_CM3_Keil.lib(lcd.o)
    0x08003ba8   0x0000000c   Code   RO         4133    i.LCD_SetDrawMode   STemWin522_CM3_Keil.lib(lcd.o)
    0x08003bb4   0x0000002c   Code   RO         3773    i.LCD_SetLUTEntryEx  STemWin522_CM3_Keil.lib(lcd_set.o)
    0x08003be0   0x0000002c   Code   RO         3777    i.LCD_SetSizeEx     STemWin522_CM3_Keil.lib(lcd_set.o)
    0x08003c0c   0x0000002c   Code   RO         3781    i.LCD_SetVSizeEx    STemWin522_CM3_Keil.lib(lcd_set.o)
    0x08003c38   0x00000024   Code   RO         4867    i.LCD_UpdateColorIndices  STemWin522_CM3_Keil.lib(lcd_updatecolorindices.o)
    0x08003c5c   0x00000088   Code   RO         2797    i.LCD_X_Config      lcdconf_flexcolor_template.o
    0x08003ce4   0x00000014   Code   RO         2798    i.LCD_X_DisplayDriver  lcdconf_flexcolor_template.o
    0x08003cf8   0x000001b4   Code   RO         4134    i.LCD__DrawBitmap_1bpp  STemWin522_CM3_Keil.lib(lcd.o)
    0x08003eac   0x0000005c   Code   RO         4486    i.LCD__GetBPP       STemWin522_CM3_Keil.lib(lcd_getex.o)
    0x08003f08   0x00000032   Code   RO         4487    i.LCD__GetBPPDevice  STemWin522_CM3_Keil.lib(lcd_getex.o)
    0x08003f3a   0x00000016   Code   RO         2799    i.LcdReadDataMultiple  lcdconf_flexcolor_template.o
    0x08003f50   0x00000004   Code   RO         2800    i.LcdWriteData      lcdconf_flexcolor_template.o
    0x08003f54   0x00000016   Code   RO         2801    i.LcdWriteDataMultiple  lcdconf_flexcolor_template.o
    0x08003f6a   0x00000004   Code   RO         2802    i.LcdWriteReg       lcdconf_flexcolor_template.o
    0x08003f6e   0x00000002   PAD
    0x08003f70   0x00000014   Code   RO         2624    i.MX_CRC_Init       crc.o
    0x08003f84   0x0000003c   Code   RO         2664    i.MX_DMA_Init       dma.o
    0x08003fc0   0x000000b0   Code   RO         2424    i.MX_GPIO_Init      gpio.o
    0x08004070   0x00000034   Code   RO         2732    i.MX_TIM7_Init      tim.o
    0x080040a4   0x00000028   Code   RO         2690    i.MX_USART1_UART_Init  usart.o
    0x080040cc   0x00000020   Code   RO         1523    i.NVIC_SetPriority  stm32f1xx_hal_cortex.o
    0x080040ec   0x0000000e   Code   RO         2454    i.SysTick_Handler   stm32f1xx_it.o
    0x080040fa   0x00000002   PAD
    0x080040fc   0x00000080   Code   RO         2546    i.SystemClock_Config  main.o
    0x0800417c   0x00000054   Code   RO         2381    i.SystemInit        system_stm32f1xx.o
    0x080041d0   0x0000000c   Code   RO         2455    i.TIM7_IRQHandler   stm32f1xx_it.o
    0x080041dc   0x00000074   Code   RO          963    i.TIM_Base_SetConfig  stm32f1xx_hal_tim.o
    0x08004250   0x000000a8   Code   RO         1921    i.UART_Receive_IT   stm32f1xx_hal_uart.o
    0x080042f8   0x000000e0   Code   RO         1922    i.UART_SetConfig    stm32f1xx_hal_uart.o
    0x080043d8   0x00000066   Code   RO         1923    i.UART_Transmit_IT  stm32f1xx_hal_uart.o
    0x0800443e   0x00000092   Code   RO         1924    i.UART_WaitOnFlagUntilTimeout  stm32f1xx_hal_uart.o
    0x080044d0   0x00000034   Code   RO         2456    i.USART1_IRQHandler  stm32f1xx_it.o
    0x08004504   0x00000010   Code   RO         4207    i.WM_Activate       STemWin522_CM3_Keil.lib(wm.o)
    0x08004514   0x0000007e   Code   RO         4600    i.WM_BringToBottom  STemWin522_CM3_Keil.lib(wm_bringtobottom.o)
    0x08004592   0x00000002   PAD
    0x08004594   0x0000014c   Code   RO         4209    i.WM_CreateWindowAsChild  STemWin522_CM3_Keil.lib(wm.o)
    0x080046e0   0x00000046   Code   RO         4211    i.WM_DefaultProc    STemWin522_CM3_Keil.lib(wm.o)
    0x08004726   0x00000002   PAD
    0x08004728   0x00000018   Code   RO         4320    i.WM_GetDesktopWindow  STemWin522_CM3_Keil.lib(wm_getdesktopwindow.o)
    0x08004740   0x0000000e   Code   RO         4612    i.WM_GetFirstChild  STemWin522_CM3_Keil.lib(wm_getfirstchild.o)
    0x0800474e   0x0000000e   Code   RO         4951    i.WM_GetParent      STemWin522_CM3_Keil.lib(wm_getparent.o)
    0x0800475c   0x000000d4   Code   RO         4215    i.WM_Init           STemWin522_CM3_Keil.lib(wm.o)
    0x08004830   0x00000076   Code   RO         4216    i.WM_InvalidateRect  STemWin522_CM3_Keil.lib(wm.o)
    0x080048a6   0x00000006   Code   RO         4217    i.WM_InvalidateWindow  STemWin522_CM3_Keil.lib(wm.o)
    0x080048ac   0x0000005e   Code   RO         4218    i.WM_InvalidateWindowAndDescsEx  STemWin522_CM3_Keil.lib(wm.o)
    0x0800490a   0x00000002   PAD
    0x0800490c   0x0000003c   Code   RO         4219    i.WM_SelectWindow   STemWin522_CM3_Keil.lib(wm.o)
    0x08004948   0x0000001e   Code   RO         4618    i.WM_SendToParent   STemWin522_CM3_Keil.lib(wm_sendtoparent.o)
    0x08004966   0x00000002   PAD
    0x08004968   0x00000048   Code   RO         4222    i.WM__ActivateClipRect  STemWin522_CM3_Keil.lib(wm.o)
    0x080049b0   0x00000010   Code   RO         4602    i.WM__AddCriticalHandle  STemWin522_CM3_Keil.lib(wm_criticalhandle.o)
    0x080049c0   0x00000010   Code   RO         4223    i.WM__Client2Screen  STemWin522_CM3_Keil.lib(wm.o)
    0x080049d0   0x0000004e   Code   RO         4224    i.WM__ClipAtParentBorders  STemWin522_CM3_Keil.lib(wm.o)
    0x08004a1e   0x00000020   Code   RO         4608    i.WM__GetClientRectEx  STemWin522_CM3_Keil.lib(wm_getclientrect.o)
    0x08004a3e   0x00000018   Code   RO         4227    i.WM__GetClientRectWin  STemWin522_CM3_Keil.lib(wm.o)
    0x08004a56   0x00000012   Code   RO         5112    i.WM__GetFirstSibling  STemWin522_CM3_Keil.lib(wm__getfirstsibling.o)
    0x08004a68   0x00000040   Code   RO         4228    i.WM__GetNextIVR    STemWin522_CM3_Keil.lib(wm.o)
    0x08004aa8   0x00000024   Code   RO         4939    i.WM__GetPrevSibling  STemWin522_CM3_Keil.lib(wm__getprevsibling.o)
    0x08004acc   0x00000018   Code   RO         4229    i.WM__GetTopLevelLayer  STemWin522_CM3_Keil.lib(wm.o)
    0x08004ae4   0x000000f0   Code   RO         4230    i.WM__InitIVRSearch  STemWin522_CM3_Keil.lib(wm.o)
    0x08004bd4   0x000000a4   Code   RO         4231    i.WM__InsertWindowIntoList  STemWin522_CM3_Keil.lib(wm.o)
    0x08004c78   0x00000006   Code   RO         4232    i.WM__Invalidate1Abs  STemWin522_CM3_Keil.lib(wm.o)
    0x08004c7e   0x00000046   Code   RO         4233    i.WM__InvalidateDrawAndDescs  STemWin522_CM3_Keil.lib(wm.o)
    0x08004cc4   0x00000076   Code   RO         4235    i.WM__InvalidateRect  STemWin522_CM3_Keil.lib(wm.o)
    0x08004d3a   0x00000006   Code   RO         4236    i.WM__InvalidateRectEx  STemWin522_CM3_Keil.lib(wm.o)
    0x08004d40   0x00000020   Code   RO         4241    i.WM__RectIsNZ      STemWin522_CM3_Keil.lib(wm.o)
    0x08004d60   0x00000014   Code   RO         4244    i.WM__SelectTopLevelLayer  STemWin522_CM3_Keil.lib(wm.o)
    0x08004d74   0x0000003c   Code   RO         4597    i.WM__SendMessage   STemWin522_CM3_Keil.lib(wm__sendmessage.o)
    0x08004db0   0x0000000e   Code   RO         4245    i.WM__SendMsgNoData  STemWin522_CM3_Keil.lib(wm.o)
    0x08004dbe   0x00000002   PAD
    0x08004dc0   0x00000078   Code   RO         3632    i._AddFreeMemory    STemWin522_CM3_Keil.lib(gui_alloc.o)
    0x08004e38   0x000000bc   Code   RO         3633    i._Alloc            STemWin522_CM3_Keil.lib(gui_alloc.o)
    0x08004ef4   0x00000014   Code   RO         3749    i._CalcSizeOfChar   STemWin522_CM3_Keil.lib(gui_uc_encodeutf8.o)
    0x08004f08   0x00000004   Code   RO         4109    i._CalcSizeOfChar   STemWin522_CM3_Keil.lib(gui_uc_encodenone.o)
    0x08004f0c   0x00000048   Code   RO         3599    i._Color2IndexBulk  STemWin522_CM3_Keil.lib(guicc_m565.o)
    0x08004f54   0x00000054   Code   RO         4438    i._Color2Index_0    STemWin522_CM3_Keil.lib(guicc_0.o)
    0x08004fa8   0x00000028   Code   RO         3600    i._Color2Index_M565  STemWin522_CM3_Keil.lib(guicc_m565.o)
    0x08004fd0   0x0000003e   Code   RO         4589    i._Convert16        STemWin522_CM3_Keil.lib(guidev_writetoactiveopaque.o)
    0x0800500e   0x00000002   PAD
    0x08005010   0x00000020   Code   RO         4247    i._DesktopHandle2Index  STemWin522_CM3_Keil.lib(wm.o)
    0x08005030   0x00000074   Code   RO         4349    i._DispLine         STemWin522_CM3_Keil.lib(gui_charline.o)
    0x080050a4   0x0000013c   Code   RO         3923    i._DrawBitLine1BPP  STemWin522_CM3_Keil.lib(guidrv_flexcolor_16bpp_c0b16.o)
    0x080051e0   0x00000140   Code   RO         4174    i._DrawBitLine1BPP  STemWin522_CM3_Keil.lib(guidev_16.o)
    0x08005320   0x00000118   Code   RO         3924    i._DrawBitLine2BPP  STemWin522_CM3_Keil.lib(guidrv_flexcolor_16bpp_c0b16.o)
    0x08005438   0x000000e0   Code   RO         4175    i._DrawBitLine2BPP  STemWin522_CM3_Keil.lib(guidev_16.o)
    0x08005518   0x00000118   Code   RO         3925    i._DrawBitLine4BPP  STemWin522_CM3_Keil.lib(guidrv_flexcolor_16bpp_c0b16.o)
    0x08005630   0x00000158   Code   RO         4176    i._DrawBitLine4BPP  STemWin522_CM3_Keil.lib(guidev_16.o)
    0x08005788   0x000000d4   Code   RO         3926    i._DrawBitLine8BPP  STemWin522_CM3_Keil.lib(guidrv_flexcolor_16bpp_c0b16.o)
    0x0800585c   0x00000022   Code   RO         3826    i._DrawBitmap       STemWin522_CM3_Keil.lib(guidrv_flexcolor.o)
    0x0800587e   0x00000002   PAD
    0x08005880   0x000000f4   Code   RO         3927    i._DrawBitmap       STemWin522_CM3_Keil.lib(guidrv_flexcolor_16bpp_c0b16.o)
    0x08005974   0x000002b0   Code   RO         4177    i._DrawBitmap       STemWin522_CM3_Keil.lib(guidev_16.o)
    0x08005c24   0x0000000e   Code   RO         3827    i._DrawHLine        STemWin522_CM3_Keil.lib(guidrv_flexcolor.o)
    0x08005c32   0x0000000a   Code   RO         4178    i._DrawHLine        STemWin522_CM3_Keil.lib(guidev_16.o)
    0x08005c3c   0x00000010   Code   RO         3828    i._DrawVLine        STemWin522_CM3_Keil.lib(guidrv_flexcolor.o)
    0x08005c4c   0x000000b8   Code   RO         4179    i._DrawVLine        STemWin522_CM3_Keil.lib(guidev_16.o)
    0x08005d04   0x0000004e   Code   RO         3750    i._Encode           STemWin522_CM3_Keil.lib(gui_uc_encodeutf8.o)
    0x08005d52   0x00000006   Code   RO         4110    i._Encode           STemWin522_CM3_Keil.lib(gui_uc_encodenone.o)
    0x08005d58   0x00000094   Code   RO         3634    i._EnlargeBlocks    STemWin522_CM3_Keil.lib(gui_alloc.o)
    0x08005dec   0x00000010   Code   RO         3829    i._FillRect         STemWin522_CM3_Keil.lib(guidrv_flexcolor.o)
    0x08005dfc   0x000000f8   Code   RO         3928    i._FillRect         STemWin522_CM3_Keil.lib(guidrv_flexcolor_16bpp_c0b16.o)
    0x08005ef4   0x000000ac   Code   RO         4180    i._FillRect         STemWin522_CM3_Keil.lib(guidev_16.o)
    0x08005fa0   0x00000148   Code   RO         4250    i._FindNext_IVR     STemWin522_CM3_Keil.lib(wm.o)
    0x080060e8   0x0000007c   Code   RO         4251    i._Findx0           STemWin522_CM3_Keil.lib(wm.o)
    0x08006164   0x00000072   Code   RO         4252    i._Findx1           STemWin522_CM3_Keil.lib(wm.o)
    0x080061d6   0x000000a2   Code   RO         4253    i._Findy1           STemWin522_CM3_Keil.lib(wm.o)
    0x08006278   0x0000003c   Code   RO         3751    i._GetCharCode      STemWin522_CM3_Keil.lib(gui_uc_encodeutf8.o)
    0x080062b4   0x00000004   Code   RO         4111    i._GetCharCode      STemWin522_CM3_Keil.lib(gui_uc_encodenone.o)
    0x080062b8   0x00000022   Code   RO         3752    i._GetCharSize      STemWin522_CM3_Keil.lib(gui_uc_encodeutf8.o)
    0x080062da   0x00000004   Code   RO         4112    i._GetCharSize      STemWin522_CM3_Keil.lib(gui_uc_encodenone.o)
    0x080062de   0x0000000e   Code   RO         3830    i._GetDevData       STemWin522_CM3_Keil.lib(guidrv_flexcolor.o)
    0x080062ec   0x00000010   Code   RO         4181    i._GetDevData       STemWin522_CM3_Keil.lib(guidev_16.o)
    0x080062fc   0x00000070   Code   RO         3831    i._GetDevFunc       STemWin522_CM3_Keil.lib(guidrv_flexcolor.o)
    0x0800636c   0x00000010   Code   RO         4182    i._GetDevFunc       STemWin522_CM3_Keil.lib(guidev_16.o)
    0x0800637c   0x0000004c   Code   RO         3832    i._GetDevFunc_Init  STemWin522_CM3_Keil.lib(guidrv_flexcolor.o)
    0x080063c8   0x00000002   Code   RO         3833    i._GetDevFunc_SetRect  STemWin522_CM3_Keil.lib(guidrv_flexcolor.o)
    0x080063ca   0x00000002   PAD
    0x080063cc   0x00000040   Code   RO         3834    i._GetDevFunc_SetRectOutside  STemWin522_CM3_Keil.lib(guidrv_flexcolor.o)
    0x0800640c   0x00000014   Code   RO         3835    i._GetDevFunc_SetSize  STemWin522_CM3_Keil.lib(guidrv_flexcolor.o)
    0x08006420   0x00000014   Code   RO         3836    i._GetDevFunc_SetVSize  STemWin522_CM3_Keil.lib(guidrv_flexcolor.o)
    0x08006434   0x00000066   Code   RO         3837    i._GetDevProp       STemWin522_CM3_Keil.lib(guidrv_flexcolor.o)
    0x0800649a   0x00000008   Code   RO         4183    i._GetDevProp       STemWin522_CM3_Keil.lib(guidev_16.o)
    0x080064a2   0x0000001e   Code   RO         4488    i._GetDevProp       STemWin522_CM3_Keil.lib(lcd_getex.o)
    0x080064c0   0x00000052   Code   RO         4439    i._GetIndexMask_0   STemWin522_CM3_Keil.lib(guicc_0.o)
    0x08006512   0x00000006   Code   RO         3601    i._GetIndexMask_M565  STemWin522_CM3_Keil.lib(guicc_m565.o)
    0x08006518   0x0000001c   Code   RO         3635    i._GetMinIndex      STemWin522_CM3_Keil.lib(gui_alloc.o)
    0x08006534   0x00000008   Code   RO         3838    i._GetPixelIndex    STemWin522_CM3_Keil.lib(guidrv_flexcolor.o)
    0x0800653c   0x0000000e   Code   RO         4184    i._GetPixelIndex    STemWin522_CM3_Keil.lib(guidev_16.o)
    0x0800654a   0x00000016   Code   RO         3839    i._GetRect          STemWin522_CM3_Keil.lib(guidrv_flexcolor.o)
    0x08006560   0x00000030   Code   RO         4185    i._GetRect          STemWin522_CM3_Keil.lib(guidev_16.o)
    0x08006590   0x00000010   Code   RO         4099    i._GotoX            STemWin522_CM3_Keil.lib(gui_goto.o)
    0x080065a0   0x00000010   Code   RO         4100    i._GotoY            STemWin522_CM3_Keil.lib(gui_goto.o)
    0x080065b0   0x00000058   Code   RO         3602    i._Index2ColorBulk  STemWin522_CM3_Keil.lib(guicc_m565.o)
    0x08006608   0x00000020   Code   RO         4440    i._Index2Color_0    STemWin522_CM3_Keil.lib(guicc_0.o)
    0x08006628   0x00000070   Code   RO         3698    i._InitContext      STemWin522_CM3_Keil.lib(gui_core.o)
    0x08006698   0x000000a4   Code   RO         3636    i._InitOnce         STemWin522_CM3_Keil.lib(gui_alloc.o)
    0x0800673c   0x00000080   Code   RO         4254    i._Invalidate1Abs   STemWin522_CM3_Keil.lib(wm.o)
    0x080067bc   0x00000004   Code   RO         3840    i._Log2PhysX_X0Y0S0  STemWin522_CM3_Keil.lib(guidrv_flexcolor.o)
    0x080067c0   0x00000004   Code   RO         3841    i._Log2PhysX_X0Y0S1  STemWin522_CM3_Keil.lib(guidrv_flexcolor.o)
    0x080067c4   0x00000004   Code   RO         3842    i._Log2PhysX_X0Y1S0  STemWin522_CM3_Keil.lib(guidrv_flexcolor.o)
    0x080067c8   0x00000004   Code   RO         3843    i._Log2PhysX_X0Y1S1  STemWin522_CM3_Keil.lib(guidrv_flexcolor.o)
    0x080067cc   0x00000008   Code   RO         3844    i._Log2PhysX_X1Y0S0  STemWin522_CM3_Keil.lib(guidrv_flexcolor.o)
    0x080067d4   0x00000008   Code   RO         3845    i._Log2PhysX_X1Y0S1  STemWin522_CM3_Keil.lib(guidrv_flexcolor.o)
    0x080067dc   0x00000008   Code   RO         3846    i._Log2PhysX_X1Y1S0  STemWin522_CM3_Keil.lib(guidrv_flexcolor.o)
    0x080067e4   0x00000008   Code   RO         3847    i._Log2PhysX_X1Y1S1  STemWin522_CM3_Keil.lib(guidrv_flexcolor.o)
    0x080067ec   0x00000004   Code   RO         3848    i._Log2PhysY_X0Y0S0  STemWin522_CM3_Keil.lib(guidrv_flexcolor.o)
    0x080067f0   0x00000004   Code   RO         3849    i._Log2PhysY_X0Y0S1  STemWin522_CM3_Keil.lib(guidrv_flexcolor.o)
    0x080067f4   0x00000008   Code   RO         3850    i._Log2PhysY_X0Y1S0  STemWin522_CM3_Keil.lib(guidrv_flexcolor.o)
    0x080067fc   0x00000008   Code   RO         3851    i._Log2PhysY_X0Y1S1  STemWin522_CM3_Keil.lib(guidrv_flexcolor.o)
    0x08006804   0x00000004   Code   RO         3852    i._Log2PhysY_X1Y0S0  STemWin522_CM3_Keil.lib(guidrv_flexcolor.o)
    0x08006808   0x00000004   Code   RO         3853    i._Log2PhysY_X1Y0S1  STemWin522_CM3_Keil.lib(guidrv_flexcolor.o)
    0x0800680c   0x00000008   Code   RO         3854    i._Log2PhysY_X1Y1S0  STemWin522_CM3_Keil.lib(guidrv_flexcolor.o)
    0x08006814   0x00000008   Code   RO         3855    i._Log2PhysY_X1Y1S1  STemWin522_CM3_Keil.lib(guidrv_flexcolor.o)
    0x0800681c   0x00000002   Code   RO         4350    i._Log2VisBuffered  STemWin522_CM3_Keil.lib(gui_charline.o)
    0x0800681e   0x00000002   PAD
    0x08006820   0x00000034   Code   RO         3637    i._OnExit           STemWin522_CM3_Keil.lib(gui_alloc.o)
    0x08006854   0x0000002c   Code   RO         3699    i._OnExit           STemWin522_CM3_Keil.lib(gui_core.o)
    0x08006880   0x00000014   Code   RO         4165    i._OnExit           STemWin522_CM3_Keil.lib(lcd_color.o)
    0x08006894   0x00000034   Code   RO         4255    i._OnExit           STemWin522_CM3_Keil.lib(wm.o)
    0x080068c8   0x00000040   Code   RO         3638    i._PopFreeBlock     STemWin522_CM3_Keil.lib(gui_alloc.o)
    0x08006908   0x00000024   Code   RO         3639    i._PushFreeBlock    STemWin522_CM3_Keil.lib(gui_alloc.o)
    0x0800692c   0x00000006   Code   RO         3929    i._ReadData         STemWin522_CM3_Keil.lib(guidrv_flexcolor_16bpp_c0b16.o)
    0x08006932   0x0000000c   Code   RO         3856    i._ReadPixelCust_16bpp  STemWin522_CM3_Keil.lib(guidrv_flexcolor.o)
    0x0800693e   0x0000000c   Code   RO         3857    i._ReadPixelCust_18bpp  STemWin522_CM3_Keil.lib(guidrv_flexcolor.o)
    0x0800694a   0x00000018   Code   RO         3941    i._ReadPixel_16bpp_B16  STemWin522_CM3_Keil.lib(guidrv_flexcolor_func66702.o)
    0x08006962   0x0000001c   Code   RO         3942    i._ReadPixel_16bpp_B8  STemWin522_CM3_Keil.lib(guidrv_flexcolor_func66702.o)
    0x0800697e   0x00000030   Code   RO         3858    i._ReadRectCust_16bpp  STemWin522_CM3_Keil.lib(guidrv_flexcolor.o)
    0x080069ae   0x00000030   Code   RO         3859    i._ReadRectCust_18bpp  STemWin522_CM3_Keil.lib(guidrv_flexcolor.o)
    0x080069de   0x00000038   Code   RO         3943    i._ReadRect_16bpp_B16  STemWin522_CM3_Keil.lib(guidrv_flexcolor_func66702.o)
    0x08006a16   0x00000044   Code   RO         3944    i._ReadRect_16bpp_B8  STemWin522_CM3_Keil.lib(guidrv_flexcolor_func66702.o)
    0x08006a5a   0x00000002   PAD
    0x08006a5c   0x00000034   Code   RO         3640    i._RemoveFreeBlock  STemWin522_CM3_Keil.lib(gui_alloc.o)
    0x08006a90   0x000000a0   Code   RO         3641    i._RemoveHoles      STemWin522_CM3_Keil.lib(gui_alloc.o)
    0x08006b30   0x00000020   Code   RO         4135    i._SetBkColor       STemWin522_CM3_Keil.lib(lcd.o)
    0x08006b50   0x0000004c   Code   RO         4259    i._SetClipRectUserIntersect  STemWin522_CM3_Keil.lib(wm.o)
    0x08006b9c   0x00000020   Code   RO         4136    i._SetColor         STemWin522_CM3_Keil.lib(lcd.o)
    0x08006bbc   0x00000070   Code   RO         3860    i._SetDevFunc       STemWin522_CM3_Keil.lib(guidrv_flexcolor.o)
    0x08006c2c   0x0000002c   Code   RO         4137    i._SetDrawMode      STemWin522_CM3_Keil.lib(lcd.o)
    0x08006c58   0x00000030   Code   RO         3945    i._SetInterface     STemWin522_CM3_Keil.lib(guidrv_flexcolor_func66702.o)
    0x08006c88   0x00000002   Code   RO         3861    i._SetOrg           STemWin522_CM3_Keil.lib(guidrv_flexcolor.o)
    0x08006c8a   0x00000008   Code   RO         4186    i._SetOrg           STemWin522_CM3_Keil.lib(guidev_16.o)
    0x08006c92   0x00000002   PAD
    0x08006c94   0x0000003c   Code   RO         3946    i._SetOrientation   STemWin522_CM3_Keil.lib(guidrv_flexcolor_func66702.o)
    0x08006cd0   0x000000b6   Code   RO         3947    i._SetPhysRAMAddr   STemWin522_CM3_Keil.lib(guidrv_flexcolor_func66702.o)
    0x08006d86   0x0000000e   Code   RO         3862    i._SetPixelIndex    STemWin522_CM3_Keil.lib(guidrv_flexcolor.o)
    0x08006d94   0x00000048   Code   RO         4187    i._SetPixelIndex    STemWin522_CM3_Keil.lib(guidev_16.o)
    0x08006ddc   0x00000188   Code   RO         3948    i._SetRect          STemWin522_CM3_Keil.lib(guidrv_flexcolor_func66702.o)
    0x08006f64   0x00000008   Code   RO         3949    i._SetReg_B16       STemWin522_CM3_Keil.lib(guidrv_flexcolor_func66702.o)
    0x08006f6c   0x0000001a   Code   RO         3950    i._SetReg_B8        STemWin522_CM3_Keil.lib(guidrv_flexcolor_func66702.o)
    0x08006f86   0x00000002   PAD
    0x08006f88   0x000000ea   Code   RO         3642    i._TestRAM          STemWin522_CM3_Keil.lib(gui_alloc.o)
    0x08007072   0x00000002   PAD
    0x08007074   0x00000030   Code   RO         3728    i._UnlinkDevice     STemWin522_CM3_Keil.lib(gui_device.o)
    0x080070a4   0x0000000a   Code   RO         3930    i._WriteData        STemWin522_CM3_Keil.lib(guidrv_flexcolor_16bpp_c0b16.o)
    0x080070ae   0x00000008   Code   RO         3951    i._WritePara_B16    STemWin522_CM3_Keil.lib(guidrv_flexcolor_func66702.o)
    0x080070b6   0x0000001a   Code   RO         3952    i._WritePara_B8     STemWin522_CM3_Keil.lib(guidrv_flexcolor_func66702.o)
    0x080070d0   0x0000000e   Code   RO         3643    i._WriteTagData     STemWin522_CM3_Keil.lib(gui_alloc.o)
    0x080070de   0x00000002   PAD
    0x080070e0   0x00000330   Code   RO         4590    i._WriteToActiveOpaque_8  STemWin522_CM3_Keil.lib(guidev_writetoactiveopaque.o)
    0x08007410   0x000002f8   Code   RO         4591    i._WriteToActiveOpaque_HT  STemWin522_CM3_Keil.lib(guidev_writetoactiveopaque.o)
    0x08007708   0x0000003c   Code   RO         4188    i._XY2PTR           STemWin522_CM3_Keil.lib(guidev_16.o)
    0x08007744   0x00000022   Code   RO         3863    i._XorPixel         STemWin522_CM3_Keil.lib(guidrv_flexcolor.o)
    0x08007766   0x00000002   PAD
    0x08007768   0x00000054   Code   RO         4189    i._XorPixel         STemWin522_CM3_Keil.lib(guidev_16.o)
    0x080077bc   0x00000028   Code   RO         5194    i.__ARM_fpclassify  m_ws.l(fpclassify.o)
    0x080077e4   0x000000aa   Code   RO         5196    i.__kernel_poly     m_ws.l(poly.o)
    0x0800788e   0x00000002   PAD
    0x08007890   0x00000010   Code   RO         5180    i.__mathlib_dbl_divzero  m_ws.l(dunder.o)
    0x080078a0   0x00000004   Code   RO         5182    i.__mathlib_dbl_infnan2  m_ws.l(dunder.o)
    0x080078a4   0x0000000c   Code   RO         5183    i.__mathlib_dbl_invalid  m_ws.l(dunder.o)
    0x080078b0   0x0000000e   Code   RO         5184    i.__mathlib_dbl_overflow  m_ws.l(dunder.o)
    0x080078be   0x00000002   PAD
    0x080078c0   0x00000010   Code   RO         5186    i.__mathlib_dbl_underflow  m_ws.l(dunder.o)
    0x080078d0   0x0000000e   Code   RO         5249    i.__scatterload_copy  mc_w.l(handlers.o)
    0x080078de   0x00000002   Code   RO         5250    i.__scatterload_null  mc_w.l(handlers.o)
    0x080078e0   0x0000000e   Code   RO         5251    i.__scatterload_zeroinit  mc_w.l(handlers.o)
    0x080078ee   0x00000002   PAD
    0x080078f0   0x0000000c   Code   RO         5227    i.__set_errno       mc_w.l(errno.o)
    0x080078fc   0x00000050   Code   RO         4261    i.cbBackWin         STemWin522_CM3_Keil.lib(wm.o)
    0x0800794c   0x00000018   Code   RO         2124    i.delay_ms          delay.o
    0x08007964   0x0000003c   Code   RO         3519    i.eMBASCIIInit      mbascii.o
    0x080079a0   0x00000054   Code   RO         3520    i.eMBASCIIReceive   mbascii.o
    0x080079f4   0x00000054   Code   RO         3521    i.eMBASCIISend      mbascii.o
    0x08007a48   0x00000024   Code   RO         3522    i.eMBASCIIStart     mbascii.o
    0x08007a6c   0x0000001c   Code   RO         3523    i.eMBASCIIStop      mbascii.o
    0x08007a88   0x00000020   Code   RO         3110    i.eMBEnable         mb.o
    0x08007aa8   0x00000072   Code   RO         3321    i.eMBFuncReadCoils  mbfunccoils.o
    0x08007b1a   0x00000072   Code   RO         3360    i.eMBFuncReadDiscreteInputs  mbfuncdisc.o
    0x08007b8c   0x0000005e   Code   RO         3384    i.eMBFuncReadHoldingRegister  mbfuncholding.o
    0x08007bea   0x00000062   Code   RO         3426    i.eMBFuncReadInputRegister  mbfuncinput.o
    0x08007c4c   0x0000009c   Code   RO         3385    i.eMBFuncReadWriteMultipleHoldingRegister  mbfuncholding.o
    0x08007ce8   0x00000024   Code   RO         3450    i.eMBFuncReportSlaveID  mbfuncother.o
    0x08007d0c   0x00000056   Code   RO         3322    i.eMBFuncWriteCoil  mbfunccoils.o
    0x08007d62   0x00000032   Code   RO         3386    i.eMBFuncWriteHoldingRegister  mbfuncholding.o
    0x08007d94   0x00000064   Code   RO         3323    i.eMBFuncWriteMultipleCoils  mbfunccoils.o
    0x08007df8   0x0000004e   Code   RO         3387    i.eMBFuncWriteMultipleHoldingRegister  mbfuncholding.o
    0x08007e46   0x00000002   PAD
    0x08007e48   0x000000c8   Code   RO         3111    i.eMBInit           mb.o
    0x08007f10   0x000000b4   Code   RO         3112    i.eMBPoll           mb.o
    0x08007fc4   0x00000048   Code   RO         3248    i.eMBRTUInit        mbrtu.o
    0x0800800c   0x0000005c   Code   RO         3249    i.eMBRTUReceive     mbrtu.o
    0x08008068   0x00000064   Code   RO         3250    i.eMBRTUSend        mbrtu.o
    0x080080cc   0x00000024   Code   RO         3251    i.eMBRTUStart       mbrtu.o
    0x080080f0   0x0000001c   Code   RO         3252    i.eMBRTUStop        mbrtu.o
    0x0800810c   0x00000004   Code   RO         3058    i.eMBRegCoilsCB     portreg.o
    0x08008110   0x00000004   Code   RO         3059    i.eMBRegDiscreteCB  portreg.o
    0x08008114   0x00000004   Code   RO         3060    i.eMBRegHoldingCB   portreg.o
    0x08008118   0x00000048   Code   RO         3061    i.eMBRegInputCB     portreg.o
    0x08008160   0x0000008a   Code   RO         4138    i.emWin_LCD_Init    STemWin522_CM3_Keil.lib(lcd.o)
    0x080081ea   0x00000002   PAD
    0x080081ec   0x000001fc   Code   RO         2202    i.lcd_config        lcd_ssd1289.o
    0x080083e8   0x00000020   Code   RO         2203    i.lcd_data_as_input  lcd_ssd1289.o
    0x08008408   0x00000020   Code   RO         2204    i.lcd_data_as_output  lcd_ssd1289.o
    0x08008428   0x00000070   Code   RO         2210    i.lcd_read_data_multiple  lcd_ssd1289.o
    0x08008498   0x0000005c   Code   RO         2216    i.lcd_write_addr    lcd_ssd1289.o
    0x080084f4   0x00000058   Code   RO         2217    i.lcd_write_data    lcd_ssd1289.o
    0x0800854c   0x00000088   Code   RO         2218    i.lcd_write_reg     lcd_ssd1289.o
    0x080085d4   0x00000098   Code   RO         2547    i.main              main.o
    0x0800866c   0x000009d8   Code   RO         5144    i.pow               m_ws.l(pow.o)
    0x08009044   0x00000018   Code   RO         3483    i.prveMBError2Exception  mbutils.o
    0x0800905c   0x0000001c   Code   RO         3524    i.prvucMBBIN2CHAR   mbascii.o
    0x08009078   0x00000018   Code   RO         3525    i.prvucMBLRC        mbascii.o
    0x08009090   0x0000000c   Code   RO         3016    i.prvvTIMERExpiredISR  porttimer.o
    0x0800909c   0x0000000c   Code   RO         2962    i.prvvUARTRxISR     portserial.o
    0x080090a8   0x0000000c   Code   RO         2963    i.prvvUARTTxReadyISR  portserial.o
    0x080090b4   0x0000004c   Code   RO         5200    i.sqrt              m_ws.l(sqrt.o)
    0x08009100   0x0000002c   Code   RO         3222    i.usMBCRC16         mbcrc.o
    0x0800912c   0x00000030   Code   RO         2964    i.vMBPortSerialEnable  portserial.o
    0x0800915c   0x00000030   Code   RO         3046    i.vMBPortTimersDisable  porttimer.o
    0x0800918c   0x0000001c   Code   RO         3040    i.vMBPortTimersEnable  porttimer.o
    0x080091a8   0x000000e4   Code   RO         3526    i.xMBASCIIReceiveFSM  mbascii.o
    0x0800928c   0x00000030   Code   RO         3527    i.xMBASCIITimerT1SExpired  mbascii.o
    0x080092bc   0x000000ac   Code   RO         3528    i.xMBASCIITransmitFSM  mbascii.o
    0x08009368   0x0000001c   Code   RO         2924    i.xMBPortEventGet   portevent.o
    0x08009384   0x00000010   Code   RO         2925    i.xMBPortEventInit  portevent.o
    0x08009394   0x00000010   Code   RO         2926    i.xMBPortEventPost  portevent.o
    0x080093a4   0x0000001c   Code   RO         2965    i.xMBPortSerialGetByte  portserial.o
    0x080093c0   0x00000004   Code   RO         2966    i.xMBPortSerialInit  portserial.o
    0x080093c4   0x0000001c   Code   RO         2967    i.xMBPortSerialPutByte  portserial.o
    0x080093e0   0x00000004   Code   RO         3017    i.xMBPortTimersInit  porttimer.o
    0x080093e4   0x00000068   Code   RO         3253    i.xMBRTUReceiveFSM  mbrtu.o
    0x0800944c   0x00000040   Code   RO         3254    i.xMBRTUTimerT35Expired  mbrtu.o
    0x0800948c   0x0000005c   Code   RO         3255    i.xMBRTUTransmitFSM  mbrtu.o
    0x080094e8   0x00000010   Data   RO          441    .constdata          stm32f1xx_hal_rcc.o
    0x080094f8   0x00000054   Data   RO         2899    .constdata          yahei28.o
    0x0800954c   0x00000054   Data   RO         2900    .constdata          yahei28.o
    0x080095a0   0x00000054   Data   RO         2901    .constdata          yahei28.o
    0x080095f4   0x00000054   Data   RO         2902    .constdata          yahei28.o
    0x08009648   0x00000054   Data   RO         2903    .constdata          yahei28.o
    0x0800969c   0x00000054   Data   RO         2904    .constdata          yahei28.o
    0x080096f0   0x00000030   Data   RO         2905    .constdata          yahei28.o
    0x08009720   0x0000000c   Data   RO         2906    .constdata          yahei28.o
    0x0800972c   0x0000000c   Data   RO         2907    .constdata          yahei28.o
    0x08009738   0x0000000c   Data   RO         2908    .constdata          yahei28.o
    0x08009744   0x0000000c   Data   RO         2909    .constdata          yahei28.o
    0x08009750   0x0000000c   Data   RO         2910    .constdata          yahei28.o
    0x0800975c   0x0000000c   Data   RO         2911    .constdata          yahei28.o
    0x08009768   0x00000024   Data   RO         2912    .constdata          yahei28.o
    0x0800978c   0x00000200   Data   RO         3223    .constdata          mbcrc.o
    0x0800998c   0x00000018   Data   RO         3603    .constdata          STemWin522_CM3_Keil.lib(guicc_m565.o)
    0x080099a4   0x00000008   Data   RO         3701    .constdata          STemWin522_CM3_Keil.lib(gui_core.o)
    0x080099ac   0x00000010   Data   RO         3753    .constdata          STemWin522_CM3_Keil.lib(gui_uc_encodeutf8.o)
    0x080099bc   0x00000034   Data   RO         3864    .constdata          STemWin522_CM3_Keil.lib(guidrv_flexcolor.o)
    0x080099f0   0x00000040   Data   RO         3865    .constdata          STemWin522_CM3_Keil.lib(guidrv_flexcolor.o)
    0x08009a30   0x00000020   Data   RO         3966    .constdata          STemWin522_CM3_Keil.lib(f32b_ascii.o)
    0x08009a50   0x00000020   Data   RO         3967    .constdata          STemWin522_CM3_Keil.lib(f32b_ascii.o)
    0x08009a70   0x00000040   Data   RO         3968    .constdata          STemWin522_CM3_Keil.lib(f32b_ascii.o)
    0x08009ab0   0x00000040   Data   RO         3969    .constdata          STemWin522_CM3_Keil.lib(f32b_ascii.o)
    0x08009af0   0x00000040   Data   RO         3970    .constdata          STemWin522_CM3_Keil.lib(f32b_ascii.o)
    0x08009b30   0x00000060   Data   RO         3971    .constdata          STemWin522_CM3_Keil.lib(f32b_ascii.o)
    0x08009b90   0x00000060   Data   RO         3972    .constdata          STemWin522_CM3_Keil.lib(f32b_ascii.o)
    0x08009bf0   0x00000020   Data   RO         3973    .constdata          STemWin522_CM3_Keil.lib(f32b_ascii.o)
    0x08009c10   0x00000040   Data   RO         3974    .constdata          STemWin522_CM3_Keil.lib(f32b_ascii.o)
    0x08009c50   0x00000040   Data   RO         3975    .constdata          STemWin522_CM3_Keil.lib(f32b_ascii.o)
    0x08009c90   0x00000040   Data   RO         3976    .constdata          STemWin522_CM3_Keil.lib(f32b_ascii.o)
    0x08009cd0   0x00000040   Data   RO         3977    .constdata          STemWin522_CM3_Keil.lib(f32b_ascii.o)
    0x08009d10   0x00000020   Data   RO         3978    .constdata          STemWin522_CM3_Keil.lib(f32b_ascii.o)
    0x08009d30   0x00000040   Data   RO         3979    .constdata          STemWin522_CM3_Keil.lib(f32b_ascii.o)
    0x08009d70   0x00000020   Data   RO         3980    .constdata          STemWin522_CM3_Keil.lib(f32b_ascii.o)
    0x08009d90   0x00000020   Data   RO         3981    .constdata          STemWin522_CM3_Keil.lib(f32b_ascii.o)
    0x08009db0   0x00000040   Data   RO         3982    .constdata          STemWin522_CM3_Keil.lib(f32b_ascii.o)
    0x08009df0   0x00000040   Data   RO         3983    .constdata          STemWin522_CM3_Keil.lib(f32b_ascii.o)
    0x08009e30   0x00000040   Data   RO         3984    .constdata          STemWin522_CM3_Keil.lib(f32b_ascii.o)
    0x08009e70   0x00000040   Data   RO         3985    .constdata          STemWin522_CM3_Keil.lib(f32b_ascii.o)
    0x08009eb0   0x00000040   Data   RO         3986    .constdata          STemWin522_CM3_Keil.lib(f32b_ascii.o)
    0x08009ef0   0x00000040   Data   RO         3987    .constdata          STemWin522_CM3_Keil.lib(f32b_ascii.o)
    0x08009f30   0x00000040   Data   RO         3988    .constdata          STemWin522_CM3_Keil.lib(f32b_ascii.o)
    0x08009f70   0x00000040   Data   RO         3989    .constdata          STemWin522_CM3_Keil.lib(f32b_ascii.o)
    0x08009fb0   0x00000040   Data   RO         3990    .constdata          STemWin522_CM3_Keil.lib(f32b_ascii.o)
    0x08009ff0   0x00000040   Data   RO         3991    .constdata          STemWin522_CM3_Keil.lib(f32b_ascii.o)
    0x0800a030   0x00000040   Data   RO         3992    .constdata          STemWin522_CM3_Keil.lib(f32b_ascii.o)
    0x0800a070   0x00000040   Data   RO         3993    .constdata          STemWin522_CM3_Keil.lib(f32b_ascii.o)
    0x0800a0b0   0x00000040   Data   RO         3994    .constdata          STemWin522_CM3_Keil.lib(f32b_ascii.o)
    0x0800a0f0   0x00000040   Data   RO         3995    .constdata          STemWin522_CM3_Keil.lib(f32b_ascii.o)
    0x0800a130   0x00000040   Data   RO         3996    .constdata          STemWin522_CM3_Keil.lib(f32b_ascii.o)
    0x0800a170   0x00000060   Data   RO         3997    .constdata          STemWin522_CM3_Keil.lib(f32b_ascii.o)
    0x0800a1d0   0x00000080   Data   RO         3998    .constdata          STemWin522_CM3_Keil.lib(f32b_ascii.o)
    0x0800a250   0x00000060   Data   RO         3999    .constdata          STemWin522_CM3_Keil.lib(f32b_ascii.o)
    0x0800a2b0   0x00000060   Data   RO         4000    .constdata          STemWin522_CM3_Keil.lib(f32b_ascii.o)
    0x0800a310   0x00000060   Data   RO         4001    .constdata          STemWin522_CM3_Keil.lib(f32b_ascii.o)
    0x0800a370   0x00000060   Data   RO         4002    .constdata          STemWin522_CM3_Keil.lib(f32b_ascii.o)
    0x0800a3d0   0x00000060   Data   RO         4003    .constdata          STemWin522_CM3_Keil.lib(f32b_ascii.o)
    0x0800a430   0x00000060   Data   RO         4004    .constdata          STemWin522_CM3_Keil.lib(f32b_ascii.o)
    0x0800a490   0x00000060   Data   RO         4005    .constdata          STemWin522_CM3_Keil.lib(f32b_ascii.o)
    0x0800a4f0   0x00000060   Data   RO         4006    .constdata          STemWin522_CM3_Keil.lib(f32b_ascii.o)
    0x0800a550   0x00000020   Data   RO         4007    .constdata          STemWin522_CM3_Keil.lib(f32b_ascii.o)
    0x0800a570   0x00000040   Data   RO         4008    .constdata          STemWin522_CM3_Keil.lib(f32b_ascii.o)
    0x0800a5b0   0x00000060   Data   RO         4009    .constdata          STemWin522_CM3_Keil.lib(f32b_ascii.o)
    0x0800a610   0x00000060   Data   RO         4010    .constdata          STemWin522_CM3_Keil.lib(f32b_ascii.o)
    0x0800a670   0x00000060   Data   RO         4011    .constdata          STemWin522_CM3_Keil.lib(f32b_ascii.o)
    0x0800a6d0   0x00000060   Data   RO         4012    .constdata          STemWin522_CM3_Keil.lib(f32b_ascii.o)
    0x0800a730   0x00000060   Data   RO         4013    .constdata          STemWin522_CM3_Keil.lib(f32b_ascii.o)
    0x0800a790   0x00000060   Data   RO         4014    .constdata          STemWin522_CM3_Keil.lib(f32b_ascii.o)
    0x0800a7f0   0x00000060   Data   RO         4015    .constdata          STemWin522_CM3_Keil.lib(f32b_ascii.o)
    0x0800a850   0x00000060   Data   RO         4016    .constdata          STemWin522_CM3_Keil.lib(f32b_ascii.o)
    0x0800a8b0   0x00000060   Data   RO         4017    .constdata          STemWin522_CM3_Keil.lib(f32b_ascii.o)
    0x0800a910   0x00000060   Data   RO         4018    .constdata          STemWin522_CM3_Keil.lib(f32b_ascii.o)
    0x0800a970   0x00000060   Data   RO         4019    .constdata          STemWin522_CM3_Keil.lib(f32b_ascii.o)
    0x0800a9d0   0x00000060   Data   RO         4020    .constdata          STemWin522_CM3_Keil.lib(f32b_ascii.o)
    0x0800aa30   0x00000080   Data   RO         4021    .constdata          STemWin522_CM3_Keil.lib(f32b_ascii.o)
    0x0800aab0   0x00000060   Data   RO         4022    .constdata          STemWin522_CM3_Keil.lib(f32b_ascii.o)
    0x0800ab10   0x00000060   Data   RO         4023    .constdata          STemWin522_CM3_Keil.lib(f32b_ascii.o)
    0x0800ab70   0x00000060   Data   RO         4024    .constdata          STemWin522_CM3_Keil.lib(f32b_ascii.o)
    0x0800abd0   0x00000040   Data   RO         4025    .constdata          STemWin522_CM3_Keil.lib(f32b_ascii.o)
    0x0800ac10   0x00000020   Data   RO         4026    .constdata          STemWin522_CM3_Keil.lib(f32b_ascii.o)
    0x0800ac30   0x00000040   Data   RO         4027    .constdata          STemWin522_CM3_Keil.lib(f32b_ascii.o)
    0x0800ac70   0x00000040   Data   RO         4028    .constdata          STemWin522_CM3_Keil.lib(f32b_ascii.o)
    0x0800acb0   0x00000040   Data   RO         4029    .constdata          STemWin522_CM3_Keil.lib(f32b_ascii.o)
    0x0800acf0   0x00000040   Data   RO         4030    .constdata          STemWin522_CM3_Keil.lib(f32b_ascii.o)
    0x0800ad30   0x00000040   Data   RO         4031    .constdata          STemWin522_CM3_Keil.lib(f32b_ascii.o)
    0x0800ad70   0x00000060   Data   RO         4032    .constdata          STemWin522_CM3_Keil.lib(f32b_ascii.o)
    0x0800add0   0x00000040   Data   RO         4033    .constdata          STemWin522_CM3_Keil.lib(f32b_ascii.o)
    0x0800ae10   0x00000060   Data   RO         4034    .constdata          STemWin522_CM3_Keil.lib(f32b_ascii.o)
    0x0800ae70   0x00000040   Data   RO         4035    .constdata          STemWin522_CM3_Keil.lib(f32b_ascii.o)
    0x0800aeb0   0x00000040   Data   RO         4036    .constdata          STemWin522_CM3_Keil.lib(f32b_ascii.o)
    0x0800aef0   0x00000060   Data   RO         4037    .constdata          STemWin522_CM3_Keil.lib(f32b_ascii.o)
    0x0800af50   0x00000060   Data   RO         4038    .constdata          STemWin522_CM3_Keil.lib(f32b_ascii.o)
    0x0800afb0   0x00000020   Data   RO         4039    .constdata          STemWin522_CM3_Keil.lib(f32b_ascii.o)
    0x0800afd0   0x00000020   Data   RO         4040    .constdata          STemWin522_CM3_Keil.lib(f32b_ascii.o)
    0x0800aff0   0x00000040   Data   RO         4041    .constdata          STemWin522_CM3_Keil.lib(f32b_ascii.o)
    0x0800b030   0x00000020   Data   RO         4042    .constdata          STemWin522_CM3_Keil.lib(f32b_ascii.o)
    0x0800b050   0x00000080   Data   RO         4043    .constdata          STemWin522_CM3_Keil.lib(f32b_ascii.o)
    0x0800b0d0   0x00000060   Data   RO         4044    .constdata          STemWin522_CM3_Keil.lib(f32b_ascii.o)
    0x0800b130   0x00000060   Data   RO         4045    .constdata          STemWin522_CM3_Keil.lib(f32b_ascii.o)
    0x0800b190   0x00000060   Data   RO         4046    .constdata          STemWin522_CM3_Keil.lib(f32b_ascii.o)
    0x0800b1f0   0x00000060   Data   RO         4047    .constdata          STemWin522_CM3_Keil.lib(f32b_ascii.o)
    0x0800b250   0x00000040   Data   RO         4048    .constdata          STemWin522_CM3_Keil.lib(f32b_ascii.o)
    0x0800b290   0x00000040   Data   RO         4049    .constdata          STemWin522_CM3_Keil.lib(f32b_ascii.o)
    0x0800b2d0   0x00000040   Data   RO         4050    .constdata          STemWin522_CM3_Keil.lib(f32b_ascii.o)
    0x0800b310   0x00000060   Data   RO         4051    .constdata          STemWin522_CM3_Keil.lib(f32b_ascii.o)
    0x0800b370   0x00000040   Data   RO         4052    .constdata          STemWin522_CM3_Keil.lib(f32b_ascii.o)
    0x0800b3b0   0x00000060   Data   RO         4053    .constdata          STemWin522_CM3_Keil.lib(f32b_ascii.o)
    0x0800b410   0x00000040   Data   RO         4054    .constdata          STemWin522_CM3_Keil.lib(f32b_ascii.o)
    0x0800b450   0x00000040   Data   RO         4055    .constdata          STemWin522_CM3_Keil.lib(f32b_ascii.o)
    0x0800b490   0x00000040   Data   RO         4056    .constdata          STemWin522_CM3_Keil.lib(f32b_ascii.o)
    0x0800b4d0   0x00000040   Data   RO         4057    .constdata          STemWin522_CM3_Keil.lib(f32b_ascii.o)
    0x0800b510   0x00000020   Data   RO         4058    .constdata          STemWin522_CM3_Keil.lib(f32b_ascii.o)
    0x0800b530   0x00000040   Data   RO         4059    .constdata          STemWin522_CM3_Keil.lib(f32b_ascii.o)
    0x0800b570   0x00000040   Data   RO         4060    .constdata          STemWin522_CM3_Keil.lib(f32b_ascii.o)
    0x0800b5b0   0x000002f8   Data   RO         4061    .constdata          STemWin522_CM3_Keil.lib(f32b_ascii.o)
    0x0800b8a8   0x0000000c   Data   RO         4062    .constdata          STemWin522_CM3_Keil.lib(f32b_ascii.o)
    0x0800b8b4   0x00000024   Data   RO         4063    .constdata          STemWin522_CM3_Keil.lib(f32b_ascii.o)
    0x0800b8d8   0x00000518   Data   RO         4064    .constdata          STemWin522_CM3_Keil.lib(f6x8.o)
    0x0800bdf0   0x000001c0   Data   RO         4065    .constdata          STemWin522_CM3_Keil.lib(f6x8.o)
    0x0800bfb0   0x00000008   Data   RO         4066    .constdata          STemWin522_CM3_Keil.lib(f6x8.o)
    0x0800bfb8   0x00000014   Data   RO         4067    .constdata          STemWin522_CM3_Keil.lib(f6x8.o)
    0x0800bfcc   0x00000024   Data   RO         4068    .constdata          STemWin522_CM3_Keil.lib(f6x8.o)
    0x0800bff0   0x00000100   Data   RO         4070    .constdata          STemWin522_CM3_Keil.lib(gui__divtbl_255_31.o)
    0x0800c0f0   0x00000100   Data   RO         4071    .constdata          STemWin522_CM3_Keil.lib(gui__divtbl_255_63.o)
    0x0800c1f0   0x00000020   Data   RO         4072    .constdata          STemWin522_CM3_Keil.lib(gui__divtbl_31_255.o)
    0x0800c210   0x00000040   Data   RO         4073    .constdata          STemWin522_CM3_Keil.lib(gui__divtbl_63_255.o)
    0x0800c250   0x00000010   Data   RO         4113    .constdata          STemWin522_CM3_Keil.lib(gui_uc_encodenone.o)
    0x0800c260   0x0000000c   Data   RO         4139    .constdata          STemWin522_CM3_Keil.lib(lcd.o)
    0x0800c26c   0x00000074   Data   RO         4190    .constdata          STemWin522_CM3_Keil.lib(guidev_16.o)
    0x0800c2e0   0x00000018   Data   RO         4441    .constdata          STemWin522_CM3_Keil.lib(guicc_0.o)
    0x0800c2f8   0x00000100   Data   RO         4531    .constdata          STemWin522_CM3_Keil.lib(lcd_mirror.o)
    0x0800c3f8   0x00000008   Data   RO         4592    .constdata          STemWin522_CM3_Keil.lib(guidev_writetoactiveopaque.o)
    0x0800c400   0x00000088   Data   RO         5145    .constdata          m_ws.l(pow.o)
    0x0800c488   0x00000008   Data   RO         5198    .constdata          m_ws.l(qnan.o)
    0x0800c490   0x00000020   Data   RO         5247    Region$$Table       anon$$obj.o


    Execution Region RW_IRAM1 (Base: 0x20000000, Size: 0x0000cb38, Max: 0x00010000, ABSOLUTE, COMPRESSED[0x00000070])

    Base Addr    Size         Type   Attr      Idx    E Section Name        Object

    0x20000000   0x00000004   Data   RW          762    .data               stm32f1xx_hal.o
    0x20000004   0x00000004   Data   RW         2383    .data               system_stm32f1xx.o
    0x20000008   0x00000008   Data   RW         2625    .data               crc.o
    0x20000010   0x00000002   Data   RW         2927    .data               portevent.o
    0x20000012   0x0000000a   Data   RW         3063    .data               portreg.o
    0x2000001c   0x000000ac   Data   RW         3114    .data               mb.o
    0x200000c8   0x0000000c   Data   RW         3257    .data               mbrtu.o
    0x200000d4   0x00000002   Data   RW         3453    .data               mbfuncother.o
    0x200000d6   0x00000002   PAD
    0x200000d8   0x00000010   Data   RW         3529    .data               mbascii.o
    0x200000e8   0x00000008   Data   RW         3604    .data               STemWin522_CM3_Keil.lib(guicc_m565.o)
    0x200000f0   0x00000008   Data   RW         3645    .data               STemWin522_CM3_Keil.lib(gui_alloc.o)
    0x200000f8   0x0000002c   Data   RW         3702    .data               STemWin522_CM3_Keil.lib(gui_core.o)
    0x20000124   0x00000004   Data   RW         3705    .data               STemWin522_CM3_Keil.lib(gui_core.o)
    0x20000128   0x00000004   Data   RW         3706    .data               STemWin522_CM3_Keil.lib(gui_core.o)
    0x2000012c   0x00000002   Data   RW         3707    .data               STemWin522_CM3_Keil.lib(gui_core.o)
    0x2000012e   0x00000002   Data   RW         3708    .data               STemWin522_CM3_Keil.lib(gui_core.o)
    0x20000130   0x0000001c   Data   RW         3866    .data               STemWin522_CM3_Keil.lib(guidrv_flexcolor.o)
    0x2000014c   0x00000004   Data   RW         4140    .data               STemWin522_CM3_Keil.lib(lcd.o)
    0x20000150   0x00000010   Data   RW         4166    .data               STemWin522_CM3_Keil.lib(lcd_color.o)
    0x20000160   0x00000058   Data   RW         4263    .data               STemWin522_CM3_Keil.lib(wm.o)
    0x200001b8   0x00000008   Data   RW         4328    .data               STemWin522_CM3_Keil.lib(gui__managecache.o)
    0x200001c0   0x00000004   Data   RW         4351    .data               STemWin522_CM3_Keil.lib(gui_charline.o)
    0x200001c4   0x0000000c   Data   RW         4372    .data               STemWin522_CM3_Keil.lib(gui_onkey.o)
    0x200001d0   0x0000000c   Data   RW         4429    .data               STemWin522_CM3_Keil.lib(gui_waitevent.o)
    0x200001dc   0x00000004   Data   RW         4598    .data               STemWin522_CM3_Keil.lib(wm__sendmessage.o)
    0x200001e0   0x00000004   Data   RW         5228    .data               mc_w.l(errno.o)
    0x200001e4   0x000000b0   Zero   RW         2691    .bss                usart.o
    0x20000294   0x0000003c   Zero   RW         2733    .bss                tim.o
    0x200002d0   0x0000c350   Zero   RW         2770    .bss                guiconf.o
    0x2000c620   0x00000100   Zero   RW         3256    .bss                mbrtu.o
    0x2000c720   0x00000020   Zero   RW         3452    .bss                mbfuncother.o
    0x2000c740   0x000000c8   Zero   RW         3644    .bss                STemWin522_CM3_Keil.lib(gui_alloc.o)
    0x2000c808   0x00000078   Zero   RW         3700    .bss                STemWin522_CM3_Keil.lib(gui_core.o)
    0x2000c880   0x00000018   Zero   RW         4262    .bss                STemWin522_CM3_Keil.lib(wm.o)
    0x2000c898   0x00000058   Zero   RW         4371    .bss                STemWin522_CM3_Keil.lib(gui_onkey.o)
    0x2000c8f0   0x00000048   Zero   RW         4639    .bss                STemWin522_CM3_Keil.lib(wm_touch.o)
    0x2000c938   0x00000200   Zero   RW         2414    STACK               startup_stm32f107xc.o


==============================================================================

Image component sizes


      Code (inc. data)   RO Data    RW Data    ZI Data      Debug   Object Name

        60         18          0          8          0       1467   crc.o
        24          0          0          0          0        531   delay.o
        60          4          0          0          0        790   dma.o
       176         18          0          0          0        991   gpio.o
         4          0          0          0          0        930   gui_x.o
        32         10          0          0      50000      47116   guiconf.o
      1158         78          0          0          0       7417   lcd_ssd1289.o
       208         34          0          0          0       6792   lcdconf_flexcolor_template.o
       280         46          0          0          0       3212   main.o
       412         68          0        172          0       7988   mb.o
       792         38          0         16          0       9355   mbascii.o
        44          4        512          0          0       1388   mbcrc.o
       300          0          0          0          0       3954   mbfunccoils.o
       114          0          0          0          0       1696   mbfuncdisc.o
       378          0          0          0          0       5411   mbfuncholding.o
        98          0          0          0          0       1691   mbfuncinput.o
        36         10          0          2         32       1559   mbfuncother.o
       588         48          0         12        256       7447   mbrtu.o
        24          0          0          0          0        672   mbutils.o
        60         14          0          2          0       2432   portevent.o
        84          4          0         10          0       3289   portreg.o
       132         24          0          0          0       4105   portserial.o
        92         16          0          0          0       2131   porttimer.o
        36          8        336          0        512        792   startup_stm32f107xc.o
       120         16          0          4          0       3770   stm32f1xx_hal.o
       250         14          0          0          0      28280   stm32f1xx_hal_cortex.o
        34          0          0          0          0       1075   stm32f1xx_hal_crc.o
      1288         20          0          0          0       2372   stm32f1xx_hal_dma.o
         0          0          0          0          0     339188   stm32f1xx_hal_flash.o
       454         36          0          0          0       3128   stm32f1xx_hal_gpio.o
       108         10          0          0          0        882   stm32f1xx_hal_msp.o
      2962         98         16          0          0       6740   stm32f1xx_hal_rcc.o
       536         18          0          0          0       5839   stm32f1xx_hal_tim.o
        84          0          0          0          0       2426   stm32f1xx_hal_tim_ex.o
      1366          4          0          0          0       9354   stm32f1xx_hal_uart.o
       106         22          0          0          0       5048   stm32f1xx_it.o
        84         16          0          4          0       1405   system_stm32f1xx.o
       112         20          0          0         60       1594   tim.o
       224         30          0          0        176       1804   usart.o
         0          0        660          0          0       1517   yahei28.o

    ----------------------------------------------------------------------
     12938        746       1556        232      51036     537578   Object Totals
         0          0         32          0          0          0   (incl. Generated)
        18          0          0          2          0          0   (incl. Padding)

    ----------------------------------------------------------------------

      Code (inc. data)   RO Data    RW Data    ZI Data      Debug   Library Member Name

         0          0       7848          0          0          0   f32b_ascii.o
         0          0       1816          0          0          0   f6x8.o
       296          0          0          0          0         76   gui__compactpixelindices.o
         0          0        256          0          0          0   gui__divtbl_255_31.o
         0          0        256          0          0          0   gui__divtbl_255_63.o
         0          0         32          0          0          0   gui__divtbl_31_255.o
         0          0         64          0          0          0   gui__divtbl_63_255.o
        58          0          0          0          0         68   gui__intersectrect.o
        82          0          0          0          0         80   gui__intersectrects.o
       188          8          0          8          0        152   gui__managecache.o
        76          0          0          0          0         76   gui__memset.o
        58          0          0          0          0         76   gui__memset16.o
      1634         88          0          8        200       1548   gui_alloc.o
        36          0          0          0          0         80   gui_alloc_alloczero.o
        68          0          0          0          0         76   gui_calccolordist.o
        96         22          0          0          0        272   gui_char.o
       458         36          0          4          0        472   gui_charline.o
       394         10          0          0          0        300   gui_charm.o
       308         10          0          0          0        384   gui_charp.o
       460         78          8         56        120        620   gui_core.o
       340         22          0          0          0        516   gui_device.o
       256          4          0          0          0         88   gui_dispstring.o
        16          4          0          0          0         68   gui_dispstringat.o
        28          0          0          0          0        160   gui_getcolor.o
        52         12          0          0          0        216   gui_goto.o
        88          0          0          0          0         76   gui_mergerect.o
        30          0          0          0          0         68   gui_moverect.o
        16          4          0         12         88         68   gui_onkey.o
        56          0          0          0          0         68   gui_rectsintersect.o
        36          8          0          0          0         80   gui_selectlayer.o
        18          0          0          0          0         80   gui_selectlcd.o
         8          0          0          0          0        136   gui_setcolor.o
        20          6          0          0          0         68   gui_setfont.o
        56         18          0          0          0         80   gui_setorg.o
        84         10          0          0          0        168   gui_uc.o
        18          0         16          0          0        272   gui_uc_encodenone.o
       208          8         16          0          0        352   gui_uc_encodeutf8.o
        16          4          0         12          0         68   gui_waitevent.o
       198          0         24          0          0        244   guicc_0.o
       206         32         24          8          0        336   guicc_m565.o
        44         10          0          0          0         76   guicc_m565_index2color.o
       100          6          0          0          0        160   guidev.o
      2268         60        116          0          0       1324   guidev_16.o
        22          0          0          0          0         80   guidev_getdataptr.o
        76          0          0          0          0        164   guidev_usage.o
      1698         18          8          0          0        384   guidev_writetoactiveopaque.o
      1472         74        116         28          0       3308   guidrv_flexcolor.o
      1684         60          0          0          0        856   guidrv_flexcolor_16bpp_c0b16.o
      1018         60          0          0          0       1060   guidrv_flexcolor_func66702.o
      1650        110         12          4          0       1340   lcd.o
       260         26          0         16          0        388   lcd_color.o
        32         12          0          0          0        136   lcd_getcolorindex.o
       292         24          0          0          0        784   lcd_getex.o
        26          0          0          0          0         80   lcd_getnumdisplays.o
         0          0        256          0          0          0   lcd_mirror.o
        68         10          0          0          0         80   lcd_selectlcd.o
       132          0          0          0          0        252   lcd_set.o
        48         10          0          0          0         80   lcd_setcliprectex.o
        36          4          0          0          0         80   lcd_updatecolorindices.o
      2952        128          0         88         24       2556   wm.o
        18          0          0          0          0         76   wm__getfirstsibling.o
        36          0          0          0          0         80   wm__getprevsibling.o
        60          6          0          4          0         88   wm__sendmessage.o
       126          0          0          0          0         92   wm_bringtobottom.o
        16          6          0          0          0         68   wm_criticalhandle.o
        32          0          0          0          0         80   wm_getclientrect.o
        24         10          0          0          0         68   wm_getdesktopwindow.o
        14          0          0          0          0         76   wm_getfirstchild.o
        14          0          0          0          0         76   wm_getparent.o
        30          0          0          0          0         92   wm_sendtoparent.o
         0          0          0          0         72          0   wm_touch.o
        62         10          0          0          0        340   dunder.o
        40          0          0          0          0         68   fpclassify.o
       170          0          0          0          0         96   poly.o
      2520        190        136          0          0        324   pow.o
         0          0          8          0          0          0   qnan.o
        76          0          0          0          0         84   sqrt.o
        86          0          0          0          0          0   __dczerorl2.o
         0          0          0          0          0          0   entry.o
         0          0          0          0          0          0   entry10a.o
         0          0          0          0          0          0   entry11a.o
         8          4          0          0          0          0   entry2.o
         4          0          0          0          0          0   entry5.o
         0          0          0          0          0          0   entry7b.o
         0          0          0          0          0          0   entry8b.o
         8          4          0          0          0          0   entry9a.o
        12          6          0          4          0         68   errno.o
        30          0          0          0          0          0   handlers.o
        36          8          0          0          0         68   init.o
         0          0          0          0          0          0   iusefp.o
        30          0          0          0          0         68   llshl.o
        36          0          0          0          0         68   llsshr.o
        32          0          0          0          0         68   llushr.o
        64          0          0          0          0         76   memmovea.o
        36          0          0          0          0        108   memseta.o
        48          0          0          0          0         68   cdrcmple.o
       334          0          0          0          0        148   dadd.o
       222          0          0          0          0        100   ddiv.o
       186          0          0          0          0        176   depilogue.o
        50          0          0          0          0         76   dfixui.o
        34          0          0          0          0         76   dflti.o
        26          0          0          0          0         76   dfltui.o
       228          0          0          0          0         96   dmul.o
        46          0          0          0          0         80   dscalb.o
       162          0          0          0          0        100   dsqrt.o

    ----------------------------------------------------------------------
     24846       1240      11012        252        504      23908   Library Totals
        50          0          0          0          0          0   (incl. Padding)

    ----------------------------------------------------------------------

      Code (inc. data)   RO Data    RW Data    ZI Data      Debug   Library Name

     20210       1018      10868        248        504      21476   STemWin522_CM3_Keil.lib
      2868        200        144          0          0        912   m_ws.l
       382         22          0          4          0        524   mc_w.l
      1336          0          0          0          0        996   mf_w.l

    ----------------------------------------------------------------------
     24846       1240      11012        252        504      23908   Library Totals

    ----------------------------------------------------------------------

==============================================================================


      Code (inc. data)   RO Data    RW Data    ZI Data      Debug   

     37784       1986      12568        484      51540     539566   Grand Totals
     37784       1986      12568        112      51540     539566   ELF Image Totals (compressed)
     37784       1986      12568        112          0          0   ROM Totals

==============================================================================

    Total RO  Size (Code + RO Data)                50352 (  49.17kB)
    Total RW  Size (RW Data + ZI Data)             52024 (  50.80kB)
    Total ROM Size (Code + RO Data + RW Data)      50464 (  49.28kB)

==============================================================================

