<html>
<body>
<pre>
<h1>礦ision Build Log</h1>
<h2>Tool Versions:</h2>
IDE-Version: μVision V5.22.0.0
Copyright (C) 2016 ARM Ltd and ARM Germany GmbH. All rights reserved.
License Information: Microsoft LTD, Soft, LIC=BUUGK-ZZ2A9-PZJWB-2LCB3-Q36T6-CRMQF
 
Tool Versions:
Toolchain:       MDK-ARM Plus  Version: 5.22
Toolchain Path:  C:\mySoftware\MDK\ARM\ARMCC\Bin
C Compiler:      Armcc.exe V5.06 update 4 (build 422)
Assembler:       Armasm.exe V5.06 update 4 (build 422)
Linker/Locator:  ArmLink.exe V5.06 update 4 (build 422)
Library Manager: ArmAr.exe V5.06 update 4 (build 422)
Hex Converter:   FromElf.exe V5.06 update 4 (build 422)
CPU DLL:         SARMCM3.DLL V5.22
Dialog DLL:      DCM.DLL V1.13.9.0
Target DLL:      Segger\JL2CM3.dll V2.99.23.0
Dialog DLL:      TCM.DLL V1.21.0.0
 
<h2>Project:</h2>
F:\MDK_STM32\2. STM32CubeMX\1. STM32F107VCT6\1.Bare\6. ADC\1. LCD显示ADC的转换值--查询法\1. ADC1查询法\cube_prj\MDK-ARM\cube_prj.uvprojx
Project File Date:  08/11/2016

<h2>Output:</h2>
*** Using Compiler 'V5.06 update 4 (build 422)', folder: 'C:\mySoftware\MDK\ARM\ARMCC\Bin'
Build target 'cube_prj'
compiling stm32f1xx_hal_flash.c...
compiling stm32f1xx_hal_tim_ex.c...
compiling stm32f1xx_hal_rcc.c...
compiling stm32f1xx_hal_flash_ex.c...
compiling stm32f1xx_hal_gpio.c...
compiling stm32f1xx_hal_rcc_ex.c...
compiling stm32f1xx_hal.c...
compiling stm32f1xx_hal_cortex.c...
compiling stm32f1xx_hal_tim.c...
compiling stm32f1xx_hal_pwr.c...
compiling stm32f1xx_hal_crc.c...
compiling stm32f1xx_hal_dma.c...
compiling stm32f1xx_hal_adc_ex.c...
compiling delay.c...
compiling stm32f1xx_hal_adc.c...
compiling lcd_ssd1289.c...
..\..\user_lib\lcd_ssd1289.c(540): warning:  #188-D: enumerated type mixed with another type
          HAL_GPIO_WritePin(GPIOx, (
PIO_PIN_0 << i), binary_value[i]);
..\..\user_lib\lcd_ssd1289.c: 1 warning, 0 errors
assembling startup_stm32f107xc.s...
compiling adc_dup.c...
compiling system_stm32f1xx.c...
compiling gpio.c...
compiling stm32f1xx_it.c...
compiling stm32f1xx_hal_msp.c...
compiling main.c...
compiling GUIConf.c...
compiling crc.c...
compiling GUI_X.c...
compiling adc.c...
compiling YaHeiConsolasHybrid28.c...
compiling YaHei28.c...
compiling pic_summer.c...
compiling zbt.c...
compiling LCDConf_FlexColor_Template.c...
compiling xll.c...
linking...
Program Size: Code=32872 RO-data=11440 RW-data=268 ZI-data=51068  
FromELF: creating hex file...
"cube_prj\cube_prj.axf" - 0 Error(s), 1 Warning(s).

<h2>Software Packages used:</h2>

Package Vendor: ARM
                http://www.keil.com/pack/ARM.CMSIS.5.0.0.pack
                ARM::CMSIS:CORE:5.0.0
                CMSIS (Cortex Microcontroller Software Interface Standard)
   * Component: CORE Version: 5.0.0

<h2>Collection of Component include folders:</h2>
  F:\MDK_STM32\2. STM32CubeMX\1. STM32F107VCT6\1.Bare\6. ADC\1. LCD显示ADC的转换值--查询法\1. ADC1查询法\cube_prj\MDK-ARM\RTE\_cube_prj
  C:\mySoftware\MDK\ARM\PACK\ARM\CMSIS\5.0.0\CMSIS\Include
  C:\mySoftware\MDK\ARM\PACK\Keil\STM32F1xx_DFP\1.1.0\Device\Include

<h2>Collection of Component Files used:</h2>

   * Component: ARM::CMSIS:CORE:5.0.0
Build Time Elapsed:  00:00:26
</pre>
</body>
</html>
